[ảnh] 879 tệp trong /kaggle/input/**/images/*.png · thiếu 0 / 879 màn
[cấu hình] g0-288 · backend=phi4 · shard=0/2 · việc 1265 · đã xong 0 · crops=16 · ra=/kaggle/working/g0/g0_phi4_s0.jsonl
The cache for model files in Transformers v4.22.0 has been updated. Migrating your old cache. This is a one-time only operation. You can interrupt this and resume the migration later on by calling `transformers.utils.move_cache()`.
/usr/local/lib/python3.13/dist-packages/transformers/models/auto/image_processing_auto.py:590: FutureWarning: The image_processor_class argument is deprecated and will be removed in v4.42. Please use `slow_image_processor_class`, or `fast_image_processor_class` instead
  warnings.warn(
Using a slow image processor as `use_fast` is unset and a slow processor was saved with this model. `use_fast=True` will be the default behavior in v4.48, even if the model was saved with a slow processor. This will result in minor differences in outputs. You'll still be able to use a slow processor with `use_fast=False`.
A new version of the following files was downloaded from https://huggingface.co/microsoft/Phi-4-multimodal-instruct:
- vision_siglip_navit.py
- speech_conformer_encoder.py
. Make sure to double-check they do not contain any added malicious code. To avoid downloading new versions of the code file, you can pin a revision.
[phi4] attn = sdpa
[phi4] dynamic_hd = 16
[mô hình] microsoft/Phi-4-multimodal-instruct
  50/1265 · 3.20 s/câu · còn ~65 phút · OOM 0
  100/1265 · 3.30 s/câu · còn ~64 phút · OOM 0
  150/1265 · 3.33 s/câu · còn ~62 phút · OOM 0
  200/1265 · 3.35 s/câu · còn ~59 phút · OOM 0
  250/1265 · 3.36 s/câu · còn ~57 phút · OOM 0
  300/1265 · 3.35 s/câu · còn ~54 phút · OOM 0
  350/1265 · 3.35 s/câu · còn ~51 phút · OOM 0
  400/1265 · 3.36 s/câu · còn ~48 phút · OOM 0
  450/1265 · 3.36 s/câu · còn ~46 phút · OOM 0
  500/1265 · 3.37 s/câu · còn ~43 phút · OOM 0
  550/1265 · 3.37 s/câu · còn ~40 phút · OOM 0
  600/1265 · 3.37 s/câu · còn ~37 phút · OOM 0
  650/1265 · 3.37 s/câu · còn ~35 phút · OOM 0
  700/1265 · 3.37 s/câu · còn ~32 phút · OOM 0
  750/1265 · 3.38 s/câu · còn ~29 phút · OOM 0
  800/1265 · 3.38 s/câu · còn ~26 phút · OOM 0
  850/1265 · 3.38 s/câu · còn ~23 phút · OOM 0
  900/1265 · 3.38 s/câu · còn ~21 phút · OOM 0
  950/1265 · 3.38 s/câu · còn ~18 phút · OOM 0
  1000/1265 · 3.38 s/câu · còn ~15 phút · OOM 0
  1050/1265 · 3.38 s/câu · còn ~12 phút · OOM 0
  1100/1265 · 3.38 s/câu · còn ~9 phút · OOM 0
  1150/1265 · 3.38 s/câu · còn ~6 phút · OOM 0
  1200/1265 · 3.38 s/câu · còn ~4 phút · OOM 0
  1250/1265 · 3.38 s/câu · còn ~1 phút · OOM 0
xong 1265 câu mới → /kaggle/working/g0/g0_phi4_s0.jsonl · OOM 0
