[dữ liệu] /kaggle/working/c1data/c1_recs.jsonl
⚠️  TỆP DỰ ĐOÁN THIẾU: chỉ có 235/249 bước chạm.
    Chạy nốt infer_branch.py (nó tự nối tiếp) rồi hãy chấm — đừng chấm
    tệp dở, con số ra sẽ tính trên một phần tập kiểm mà không có gì báo.
Nối tiếp: đã chấm 235 bước, còn 0
Đã chấm đủ 235 bước từ trước — chỉ gộp lại số, không nạp bộ trỏ.
Gộp từ tệp thô: 235 bản ghi
======================================================================
CHẤM — lop00.jsonl  ·  235 bước chạm
======================================================================
  ô-Voronoi tâm (headline):  62.1%   KTC95 [55.6%, 68.5%]
  đĩa dung sai (báo kèm) :  70.2%   KTC95 [64.2%, 76.1%]
  cụm: 155 (hiệu dụng 118.3)

Đã lưu /kaggle/working/triad_pob_out/ug_lop/lop00.json
         /kaggle/working/triad_pob_out/ug_lop/lop00_raw.jsonl  (235 bước — đổi luật chấm hay thêm lát cắt thì chấm lại từ tệp này, KHÔNG gọi lại bộ trỏ)
[dữ liệu] /kaggle/working/c1data/c1_recs.jsonl
⚠️  TỆP DỰ ĐOÁN THIẾU: chỉ có 201/249 bước chạm.
    Chạy nốt infer_branch.py (nó tự nối tiếp) rồi hãy chấm — đừng chấm
    tệp dở, con số ra sẽ tính trên một phần tập kiểm mà không có gì báo.
Nối tiếp: đã chấm 201 bước, còn 0
Đã chấm đủ 201 bước từ trước — chỉ gộp lại số, không nạp bộ trỏ.
Gộp từ tệp thô: 201 bản ghi
======================================================================
CHẤM — lop02.jsonl  ·  201 bước chạm
======================================================================
  ô-Voronoi tâm (headline):  62.7%   KTC95 [56.2%, 69.3%]
  đĩa dung sai (báo kèm) :  71.6%   KTC95 [65.5%, 77.6%]
  cụm: 140 (hiệu dụng 111.9)

Đã lưu /kaggle/working/triad_pob_out/ug_lop/lop02.json
         /kaggle/working/triad_pob_out/ug_lop/lop02_raw.jsonl  (201 bước — đổi luật chấm hay thêm lát cắt thì chấm lại từ tệp này, KHÔNG gọi lại bộ trỏ)
[dữ liệu] /kaggle/working/c1data/c1_recs.jsonl
⚠️  TỆP DỰ ĐOÁN THIẾU: chỉ có 147/249 bước chạm.
    Chạy nốt infer_branch.py (nó tự nối tiếp) rồi hãy chấm — đừng chấm
    tệp dở, con số ra sẽ tính trên một phần tập kiểm mà không có gì báo.
Nối tiếp: đã chấm 147 bước, còn 0
Đã chấm đủ 147 bước từ trước — chỉ gộp lại số, không nạp bộ trỏ.
Gộp từ tệp thô: 147 bản ghi
======================================================================
CHẤM — lop04.jsonl  ·  147 bước chạm
======================================================================
  ô-Voronoi tâm (headline):  60.5%   KTC95 [52.9%, 68.1%]
  đĩa dung sai (báo kèm) :  69.4%   KTC95 [61.7%, 76.8%]
  cụm: 111 (hiệu dụng 90.4)

Đã lưu /kaggle/working/triad_pob_out/ug_lop/lop04.json
         /kaggle/working/triad_pob_out/ug_lop/lop04_raw.jsonl  (147 bước — đổi luật chấm hay thêm lát cắt thì chấm lại từ tệp này, KHÔNG gọi lại bộ trỏ)
[dữ liệu] /kaggle/working/c1data/c1_recs.jsonl
⚠️  TỆP DỰ ĐOÁN THIẾU: chỉ có 82/249 bước chạm.
    Chạy nốt infer_branch.py (nó tự nối tiếp) rồi hãy chấm — đừng chấm
    tệp dở, con số ra sẽ tính trên một phần tập kiểm mà không có gì báo.
Nối tiếp: đã chấm 82 bước, còn 0
Đã chấm đủ 82 bước từ trước — chỉ gộp lại số, không nạp bộ trỏ.
Gộp từ tệp thô: 82 bản ghi
======================================================================
CHẤM — lop06.jsonl  ·  82 bước chạm
======================================================================
  ô-Voronoi tâm (headline):  58.5%   KTC95 [47.5%, 69.5%]
  đĩa dung sai (báo kèm) :  67.1%   KTC95 [57.0%, 76.8%]
  cụm: 68 (hiệu dụng 55.1)

Đã lưu /kaggle/working/triad_pob_out/ug_lop/lop06.json
         /kaggle/working/triad_pob_out/ug_lop/lop06_raw.jsonl  (82 bước — đổi luật chấm hay thêm lát cắt thì chấm lại từ tệp này, KHÔNG gọi lại bộ trỏ)
[dữ liệu] /kaggle/working/c1data/c1_recs.jsonl
⚠️  TỆP DỰ ĐOÁN THIẾU: chỉ có 37/249 bước chạm.
    Chạy nốt infer_branch.py (nó tự nối tiếp) rồi hãy chấm — đừng chấm
    tệp dở, con số ra sẽ tính trên một phần tập kiểm mà không có gì báo.
Nối tiếp: đã chấm 37 bước, còn 0
Đã chấm đủ 37 bước từ trước — chỉ gộp lại số, không nạp bộ trỏ.
Gộp từ tệp thô: 37 bản ghi
======================================================================
CHẤM — lop08.jsonl  ·  37 bước chạm
======================================================================
  ô-Voronoi tâm (headline):  56.8%   KTC95 [41.7%, 71.4%]
  đĩa dung sai (báo kèm) :  67.6%   KTC95 [53.8%, 81.1%]
  cụm: 33 (hiệu dụng 30.4)

Đã lưu /kaggle/working/triad_pob_out/ug_lop/lop08.json
         /kaggle/working/triad_pob_out/ug_lop/lop08_raw.jsonl  (37 bước — đổi luật chấm hay thêm lát cắt thì chấm lại từ tệp này, KHÔNG gọi lại bộ trỏ)
[dữ liệu] /kaggle/working/c1data/c1_recs.jsonl
⚠️  TỆP DỰ ĐOÁN THIẾU: chỉ có 17/249 bước chạm.
    Chạy nốt infer_branch.py (nó tự nối tiếp) rồi hãy chấm — đừng chấm
    tệp dở, con số ra sẽ tính trên một phần tập kiểm mà không có gì báo.
Nối tiếp: đã chấm 17 bước, còn 0
Đã chấm đủ 17 bước từ trước — chỉ gộp lại số, không nạp bộ trỏ.
Gộp từ tệp thô: 17 bản ghi
======================================================================
CHẤM — lop10.jsonl  ·  17 bước chạm
======================================================================
  ô-Voronoi tâm (headline):  47.1%   KTC95 [23.5%, 70.6%]
  đĩa dung sai (báo kèm) :  47.1%   KTC95 [23.5%, 70.6%]
  cụm: 17 (hiệu dụng 17.0)

Đã lưu /kaggle/working/triad_pob_out/ug_lop/lop10.json
         /kaggle/working/triad_pob_out/ug_lop/lop10_raw.jsonl  (17 bước — đổi luật chấm hay thêm lát cắt thì chấm lại từ tệp này, KHÔNG gọi lại bộ trỏ)
[dữ liệu] /kaggle/working/c1data/c1_recs.jsonl
⚠️  TỆP DỰ ĐOÁN THIẾU: chỉ có 4/249 bước chạm.
    Chạy nốt infer_branch.py (nó tự nối tiếp) rồi hãy chấm — đừng chấm
    tệp dở, con số ra sẽ tính trên một phần tập kiểm mà không có gì báo.
Nối tiếp: đã chấm 4 bước, còn 0
Đã chấm đủ 4 bước từ trước — chỉ gộp lại số, không nạp bộ trỏ.
Gộp từ tệp thô: 4 bản ghi
======================================================================
CHẤM — lop12.jsonl  ·  4 bước chạm
======================================================================
  ô-Voronoi tâm (headline): 100.0%   KTC95 [100.0%, 100.0%]
  đĩa dung sai (báo kèm) : 100.0%   KTC95 [100.0%, 100.0%]
  cụm: 4 (hiệu dụng 4.0)

Đã lưu /kaggle/working/triad_pob_out/ug_lop/lop12.json
         /kaggle/working/triad_pob_out/ug_lop/lop12_raw.jsonl  (4 bước — đổi luật chấm hay thêm lát cắt thì chấm lại từ tệp này, KHÔNG gọi lại bộ trỏ)
