[dữ liệu] /kaggle/working/c1data/c1_recs.jsonl
⚠️  TỆP DỰ ĐOÁN THIẾU: chỉ có 223/249 bước chạm.
    Chạy nốt infer_branch.py (nó tự nối tiếp) rồi hãy chấm — đừng chấm
    tệp dở, con số ra sẽ tính trên một phần tập kiểm mà không có gì báo.
Nối tiếp: đã chấm 223 bước, còn 0
Đã chấm đủ 223 bước từ trước — chỉ gộp lại số, không nạp bộ trỏ.
Gộp từ tệp thô: 223 bản ghi
======================================================================
CHẤM — lop01.jsonl  ·  223 bước chạm
======================================================================
  ô-Voronoi tâm (headline):  61.9%   KTC95 [55.8%, 68.1%]
  đĩa dung sai (báo kèm) :  69.1%   KTC95 [62.9%, 75.1%]
  cụm: 153 (hiệu dụng 120.4)

Đã lưu /kaggle/working/triad_pob_out/ug_lop/lop01.json
         /kaggle/working/triad_pob_out/ug_lop/lop01_raw.jsonl  (223 bước — đổi luật chấm hay thêm lát cắt thì chấm lại từ tệp này, KHÔNG gọi lại bộ trỏ)
[dữ liệu] /kaggle/working/c1data/c1_recs.jsonl
⚠️  TỆP DỰ ĐOÁN THIẾU: chỉ có 177/249 bước chạm.
    Chạy nốt infer_branch.py (nó tự nối tiếp) rồi hãy chấm — đừng chấm
    tệp dở, con số ra sẽ tính trên một phần tập kiểm mà không có gì báo.
Nối tiếp: đã chấm 177 bước, còn 0
Đã chấm đủ 177 bước từ trước — chỉ gộp lại số, không nạp bộ trỏ.
Gộp từ tệp thô: 177 bản ghi
======================================================================
CHẤM — lop03.jsonl  ·  177 bước chạm
======================================================================
  ô-Voronoi tâm (headline):  59.9%   KTC95 [52.7%, 67.1%]
  đĩa dung sai (báo kèm) :  71.2%   KTC95 [64.3%, 77.9%]
  cụm: 129 (hiệu dụng 104.1)

Đã lưu /kaggle/working/triad_pob_out/ug_lop/lop03.json
         /kaggle/working/triad_pob_out/ug_lop/lop03_raw.jsonl  (177 bước — đổi luật chấm hay thêm lát cắt thì chấm lại từ tệp này, KHÔNG gọi lại bộ trỏ)
[dữ liệu] /kaggle/working/c1data/c1_recs.jsonl
⚠️  TỆP DỰ ĐOÁN THIẾU: chỉ có 115/249 bước chạm.
    Chạy nốt infer_branch.py (nó tự nối tiếp) rồi hãy chấm — đừng chấm
    tệp dở, con số ra sẽ tính trên một phần tập kiểm mà không có gì báo.
Nối tiếp: đã chấm 115 bước, còn 0
Đã chấm đủ 115 bước từ trước — chỉ gộp lại số, không nạp bộ trỏ.
Gộp từ tệp thô: 115 bản ghi
======================================================================
CHẤM — lop05.jsonl  ·  115 bước chạm
======================================================================
  ô-Voronoi tâm (headline):  58.3%   KTC95 [50.0%, 66.4%]
  đĩa dung sai (báo kèm) :  67.8%   KTC95 [59.8%, 75.7%]
  cụm: 90 (hiệu dụng 72.3)

Đã lưu /kaggle/working/triad_pob_out/ug_lop/lop05.json
         /kaggle/working/triad_pob_out/ug_lop/lop05_raw.jsonl  (115 bước — đổi luật chấm hay thêm lát cắt thì chấm lại từ tệp này, KHÔNG gọi lại bộ trỏ)
[dữ liệu] /kaggle/working/c1data/c1_recs.jsonl
⚠️  TỆP DỰ ĐOÁN THIẾU: chỉ có 59/249 bước chạm.
    Chạy nốt infer_branch.py (nó tự nối tiếp) rồi hãy chấm — đừng chấm
    tệp dở, con số ra sẽ tính trên một phần tập kiểm mà không có gì báo.
Nối tiếp: đã chấm 59 bước, còn 0
Đã chấm đủ 59 bước từ trước — chỉ gộp lại số, không nạp bộ trỏ.
Gộp từ tệp thô: 59 bản ghi
======================================================================
CHẤM — lop07.jsonl  ·  59 bước chạm
======================================================================
  ô-Voronoi tâm (headline):  57.6%   KTC95 [45.0%, 70.0%]
  đĩa dung sai (báo kèm) :  69.5%   KTC95 [56.9%, 81.4%]
  cụm: 53 (hiệu dụng 47.7)

Đã lưu /kaggle/working/triad_pob_out/ug_lop/lop07.json
         /kaggle/working/triad_pob_out/ug_lop/lop07_raw.jsonl  (59 bước — đổi luật chấm hay thêm lát cắt thì chấm lại từ tệp này, KHÔNG gọi lại bộ trỏ)
[dữ liệu] /kaggle/working/c1data/c1_recs.jsonl
⚠️  TỆP DỰ ĐOÁN THIẾU: chỉ có 29/249 bước chạm.
    Chạy nốt infer_branch.py (nó tự nối tiếp) rồi hãy chấm — đừng chấm
    tệp dở, con số ra sẽ tính trên một phần tập kiểm mà không có gì báo.
Nối tiếp: đã chấm 29 bước, còn 0
Đã chấm đủ 29 bước từ trước — chỉ gộp lại số, không nạp bộ trỏ.
Gộp từ tệp thô: 29 bản ghi
======================================================================
CHẤM — lop09.jsonl  ·  29 bước chạm
======================================================================
  ô-Voronoi tâm (headline):  65.5%   KTC95 [48.3%, 81.5%]
  đĩa dung sai (báo kèm) :  69.0%   KTC95 [51.7%, 85.2%]
  cụm: 26 (hiệu dụng 24.0)

Đã lưu /kaggle/working/triad_pob_out/ug_lop/lop09.json
         /kaggle/working/triad_pob_out/ug_lop/lop09_raw.jsonl  (29 bước — đổi luật chấm hay thêm lát cắt thì chấm lại từ tệp này, KHÔNG gọi lại bộ trỏ)
[dữ liệu] /kaggle/working/c1data/c1_recs.jsonl
⚠️  TỆP DỰ ĐOÁN THIẾU: chỉ có 10/249 bước chạm.
    Chạy nốt infer_branch.py (nó tự nối tiếp) rồi hãy chấm — đừng chấm
    tệp dở, con số ra sẽ tính trên một phần tập kiểm mà không có gì báo.
Nối tiếp: đã chấm 10 bước, còn 0
Đã chấm đủ 10 bước từ trước — chỉ gộp lại số, không nạp bộ trỏ.
Gộp từ tệp thô: 10 bản ghi
======================================================================
CHẤM — lop11.jsonl  ·  10 bước chạm
======================================================================
  ô-Voronoi tâm (headline):  70.0%   KTC95 [40.0%, 100.0%]
  đĩa dung sai (báo kèm) :  70.0%   KTC95 [40.0%, 100.0%]
  cụm: 10 (hiệu dụng 10.0)

Đã lưu /kaggle/working/triad_pob_out/ug_lop/lop11.json
         /kaggle/working/triad_pob_out/ug_lop/lop11_raw.jsonl  (10 bước — đổi luật chấm hay thêm lát cắt thì chấm lại từ tệp này, KHÔNG gọi lại bộ trỏ)
[dữ liệu] /kaggle/working/c1data/c1_recs.jsonl
⚠️  TỆP DỰ ĐOÁN THIẾU: chỉ có 3/249 bước chạm.
    Chạy nốt infer_branch.py (nó tự nối tiếp) rồi hãy chấm — đừng chấm
    tệp dở, con số ra sẽ tính trên một phần tập kiểm mà không có gì báo.
Nối tiếp: đã chấm 3 bước, còn 0
Đã chấm đủ 3 bước từ trước — chỉ gộp lại số, không nạp bộ trỏ.
Gộp từ tệp thô: 3 bản ghi
======================================================================
CHẤM — lop13.jsonl  ·  3 bước chạm
======================================================================
  ô-Voronoi tâm (headline):  33.3%   KTC95 [0.0%, 100.0%]
  đĩa dung sai (báo kèm) :  33.3%   KTC95 [0.0%, 100.0%]
  cụm: 3 (hiệu dụng 3.0)

Đã lưu /kaggle/working/triad_pob_out/ug_lop/lop13.json
         /kaggle/working/triad_pob_out/ug_lop/lop13_raw.jsonl  (3 bước — đổi luật chấm hay thêm lát cắt thì chấm lại từ tệp này, KHÔNG gọi lại bộ trỏ)
