[dữ liệu] /kaggle/working/c1data/c1_recs.jsonl
⚠️  TỆP DỰ ĐOÁN THIẾU: chỉ có 9/249 bước chạm.
    Chạy nốt infer_branch.py (nó tự nối tiếp) rồi hãy chấm — đừng chấm
    tệp dở, con số ra sẽ tính trên một phần tập kiểm mà không có gì báo.
Failed to load /usr/local/lib/python3.13/dist-packages/torchao/_C_cutlass_90a.abi3.so: Could not load this library: /usr/local/lib/python3.13/dist-packages/torchao/_C_cutlass_90a.abi3.so
Failed to load /usr/local/lib/python3.13/dist-packages/torchao/_C_mxfp8.cpython-310-x86_64-linux-gnu.so: Could not load this library: /usr/local/lib/python3.13/dist-packages/torchao/_C_mxfp8.cpython-310-x86_64-linux-gnu.so
Warning: You are sending unauthenticated requests to the HF Hub. Please set a HF_TOKEN to enable higher rate limits and faster downloads.
[UIVenus] xin min=200,704 max=1,003,520 → image_processor giữ min=200704 max=1003520 size=SizeDict(height=None, width=None, longest_edge=1003520, shortest_edge=200704, max_height=None, max_width=None, min_pixels=None, max_pixels=None)
/usr/local/lib/python3.13/dist-packages/transformers/models/qwen2_vl/image_processing_qwen2_vl.py:129: FutureWarning: Passing `min_pixels` and `max_pixels` to a processor call is deprecated and will be removed in v5.23. Pass in `size={'longest_edge': xxx, 'shortest_edge': xxx} to override the target size.`
  warnings.warn(
Gộp từ tệp thô: 9 bản ghi
======================================================================
CHẤM — vlop0.jsonl  ·  9 bước chạm
======================================================================
  ô-Voronoi tâm (headline):  44.4%   KTC95 [11.1%, 77.8%]
  đĩa dung sai (báo kèm) :  66.7%   KTC95 [33.3%, 88.9%]
  cụm: 9 (hiệu dụng 9.0)

Đã lưu /kaggle/working/triad_pob_out/venus_lop/vlop0.json
         /kaggle/working/triad_pob_out/venus_lop/vlop0_raw.jsonl  (9 bước — đổi luật chấm hay thêm lát cắt thì chấm lại từ tệp này, KHÔNG gọi lại bộ trỏ)
[dữ liệu] /kaggle/working/c1data/c1_recs.jsonl
⚠️  TỆP DỰ ĐOÁN THIẾU: chỉ có 3/249 bước chạm.
    Chạy nốt infer_branch.py (nó tự nối tiếp) rồi hãy chấm — đừng chấm
    tệp dở, con số ra sẽ tính trên một phần tập kiểm mà không có gì báo.
Failed to load /usr/local/lib/python3.13/dist-packages/torchao/_C_cutlass_90a.abi3.so: Could not load this library: /usr/local/lib/python3.13/dist-packages/torchao/_C_cutlass_90a.abi3.so
Failed to load /usr/local/lib/python3.13/dist-packages/torchao/_C_mxfp8.cpython-310-x86_64-linux-gnu.so: Could not load this library: /usr/local/lib/python3.13/dist-packages/torchao/_C_mxfp8.cpython-310-x86_64-linux-gnu.so
[UIVenus] xin min=200,704 max=1,003,520 → image_processor giữ min=200704 max=1003520 size=SizeDict(height=None, width=None, longest_edge=1003520, shortest_edge=200704, max_height=None, max_width=None, min_pixels=None, max_pixels=None)
/usr/local/lib/python3.13/dist-packages/transformers/models/qwen2_vl/image_processing_qwen2_vl.py:129: FutureWarning: Passing `min_pixels` and `max_pixels` to a processor call is deprecated and will be removed in v5.23. Pass in `size={'longest_edge': xxx, 'shortest_edge': xxx} to override the target size.`
  warnings.warn(
Warning: You are sending unauthenticated requests to the HF Hub. Please set a HF_TOKEN to enable higher rate limits and faster downloads.
Gộp từ tệp thô: 3 bản ghi
======================================================================
CHẤM — vlop1.jsonl  ·  3 bước chạm
======================================================================
  ô-Voronoi tâm (headline):  33.3%   KTC95 [0.0%, 100.0%]
  đĩa dung sai (báo kèm) :  66.7%   KTC95 [0.0%, 100.0%]
  cụm: 3 (hiệu dụng 3.0)

Đã lưu /kaggle/working/triad_pob_out/venus_lop/vlop1.json
         /kaggle/working/triad_pob_out/venus_lop/vlop1_raw.jsonl  (3 bước — đổi luật chấm hay thêm lát cắt thì chấm lại từ tệp này, KHÔNG gọi lại bộ trỏ)
