[dữ liệu] /kaggle/working/c1data/c1_recs.jsonl
Warning: You are sending unauthenticated requests to the HF Hub. Please set a HF_TOKEN to enable higher rate limits and faster downloads.
[UIVenus] xin min=200,704 max=1,003,520 → image_processor giữ min=200704 max=1003520 size=SizeDict(height=None, width=None, longest_edge=1003520, shortest_edge=200704, max_height=None, max_width=None, min_pixels=None, max_pixels=None)
/usr/local/lib/python3.13/dist-packages/transformers/models/qwen2_vl/image_processing_qwen2_vl.py:129: FutureWarning: Passing `min_pixels` and `max_pixels` to a processor call is deprecated and will be removed in v5.23. Pass in `size={'longest_edge': xxx, 'shortest_edge': xxx} to override the target size.`
  warnings.warn(
  [06:42:25] 20/249 =  8.0% · 0.28 bước/giây · còn ~14 phút
  [06:43:38] 40/249 = 16.1% · 0.28 bước/giây · còn ~13 phút
  [06:44:51] 60/249 = 24.1% · 0.28 bước/giây · còn ~11 phút
  [06:46:05] 80/249 = 32.1% · 0.27 bước/giây · còn ~10 phút
  [06:47:19] 100/249 = 40.2% · 0.27 bước/giây · còn ~9 phút
  [06:48:33] 120/249 = 48.2% · 0.27 bước/giây · còn ~8 phút
  [06:49:46] 140/249 = 56.2% · 0.27 bước/giây · còn ~7 phút
  [06:51:00] 160/249 = 64.3% · 0.27 bước/giây · còn ~5 phút
  [06:52:14] 180/249 = 72.3% · 0.27 bước/giây · còn ~4 phút
  [06:53:27] 200/249 = 80.3% · 0.27 bước/giây · còn ~3 phút
  [06:54:41] 220/249 = 88.4% · 0.27 bước/giây · còn ~2 phút
  [06:55:56] 240/249 = 96.4% · 0.27 bước/giây · còn ~1 phút
Gộp từ tệp thô: 249 bản ghi
======================================================================
CHẤM — pred_venus_ck500.jsonl  ·  249 bước chạm
======================================================================
  ô-Voronoi tâm (headline):  58.6%   KTC95 [52.3%, 65.0%]
  đĩa dung sai (báo kèm) :  68.7%   KTC95 [62.3%, 74.8%]
  cụm: 164 (hiệu dụng 126.3)

Đã lưu /kaggle/working/triad_poa_out/score_venus_ck500.json
         /kaggle/working/triad_poa_out/score_venus_ck500_raw.jsonl  (249 bước — đổi luật chấm hay thêm lát cắt thì chấm lại từ tệp này, KHÔNG gọi lại bộ trỏ)
