[listener] showlab/ShowUI-2B · dtype float32 · 1952 lời gọi · đã có 0 · còn 1952
Warning: You are sending unauthenticated requests to the HF Hub. Please set a HF_TOKEN to enable higher rate limits and faster downloads.
[listener] image_processor min=200704 max=1053696 size=SizeDict(height=None, width=None, longest_edge=1053696, shortest_edge=200704, max_height=None, max_width=None, min_pixels=None, max_pixels=None)
[listener] dtype thật torch.float32 · GPU Tesla T4
/usr/local/lib/python3.13/dist-packages/transformers/models/qwen2_vl/image_processing_qwen2_vl.py:129: FutureWarning: Passing `min_pixels` and `max_pixels` to a processor call is deprecated and will be removed in v5.23. Pass in `size={'longest_edge': xxx, 'shortest_edge': xxx} to override the target size.`
  warnings.warn(
[listener] 1/1952 · đọc được 1/1 · 27.22 s/lời gọi · còn ~885 phút · VRAM đỉnh 9.34 GiB · raw='[0.5, 0.54]'
[listener] 2/1952 · đọc được 2/2 · 16.33 s/lời gọi · còn ~531 phút · VRAM đỉnh 9.34 GiB · raw='[0.5, 0.54]'
[listener] 3/1952 · đọc được 3/3 · 12.73 s/lời gọi · còn ~413 phút · VRAM đỉnh 9.34 GiB · raw='[0.5, 0.54]'
[listener] 50/1952 · đọc được 50/50 · 6.78 s/lời gọi · còn ~215 phút · VRAM đỉnh 9.34 GiB · raw='[0.17, 0.28]'
[listener] 100/1952 · đọc được 100/100 · 6.64 s/lời gọi · còn ~205 phút · VRAM đỉnh 9.34 GiB · raw='[0.5, 0.08]'
[listener] 150/1952 · đọc được 150/150 · 6.58 s/lời gọi · còn ~198 phút · VRAM đỉnh 9.34 GiB · raw='[0.92, 0.89]'
[listener] 200/1952 · đọc được 200/200 · 6.57 s/lời gọi · còn ~192 phút · VRAM đỉnh 9.34 GiB · raw='[0.82, 0.08]'
[listener] 250/1952 · đọc được 250/250 · 6.56 s/lời gọi · còn ~186 phút · VRAM đỉnh 9.34 GiB · raw='[0.5, 0.49]'
[listener] 300/1952 · đọc được 300/300 · 6.54 s/lời gọi · còn ~180 phút · VRAM đỉnh 9.34 GiB · raw='[0.5, 0.86]'
[listener] 350/1952 · đọc được 350/350 · 6.54 s/lời gọi · còn ~174 phút · VRAM đỉnh 9.34 GiB · raw='[0.12, 0.9]'
[listener] 400/1952 · đọc được 400/400 · 6.53 s/lời gọi · còn ~169 phút · VRAM đỉnh 9.34 GiB · raw='[0.5, 0.08]'
[listener] 450/1952 · đọc được 450/450 · 6.54 s/lời gọi · còn ~164 phút · VRAM đỉnh 9.34 GiB · raw='[0.79, 0.08]'
[listener] 500/1952 · đọc được 500/500 · 6.54 s/lời gọi · còn ~158 phút · VRAM đỉnh 9.34 GiB · raw='[0.3, 0.39]'
[listener] 550/1952 · đọc được 550/550 · 6.54 s/lời gọi · còn ~153 phút · VRAM đỉnh 9.34 GiB · raw='[0.87, 0.74]'
[listener] 600/1952 · đọc được 600/600 · 6.54 s/lời gọi · còn ~147 phút · VRAM đỉnh 9.34 GiB · raw='[0.5, 0.93]'
[listener] 650/1952 · đọc được 650/650 · 6.54 s/lời gọi · còn ~142 phút · VRAM đỉnh 9.34 GiB · raw='[0.31, 0.36]'
[listener] 700/1952 · đọc được 700/700 · 6.54 s/lời gọi · còn ~136 phút · VRAM đỉnh 9.34 GiB · raw='[0.95, 0.08]'
[listener] 750/1952 · đọc được 750/750 · 6.54 s/lời gọi · còn ~131 phút · VRAM đỉnh 9.34 GiB · raw='[0.5, 0.54]'
[listener] 800/1952 · đọc được 800/800 · 6.54 s/lời gọi · còn ~126 phút · VRAM đỉnh 9.34 GiB · raw='[0.81, 0.07]'
[listener] 850/1952 · đọc được 850/850 · 6.54 s/lời gọi · còn ~120 phút · VRAM đỉnh 9.34 GiB · raw='[0.22, 0.42]'
[listener] 900/1952 · đọc được 900/900 · 6.54 s/lời gọi · còn ~115 phút · VRAM đỉnh 9.34 GiB · raw='[0.41, 0.58]'
[listener] 950/1952 · đọc được 950/950 · 6.54 s/lời gọi · còn ~109 phút · VRAM đỉnh 9.34 GiB · raw='[0.92, 0.89]'
[listener] 1000/1952 · đọc được 1000/1000 · 6.54 s/lời gọi · còn ~104 phút · VRAM đỉnh 9.34 GiB · raw='[0.58, 0.93]'
[listener] 1050/1952 · đọc được 1050/1050 · 6.54 s/lời gọi · còn ~98 phút · VRAM đỉnh 9.34 GiB · raw='[0.87, 0.93]'
[listener] 1100/1952 · đọc được 1100/1100 · 6.54 s/lời gọi · còn ~93 phút · VRAM đỉnh 9.34 GiB · raw='[0.5, 0.44]'
[listener] 1150/1952 · đọc được 1150/1150 · 6.54 s/lời gọi · còn ~87 phút · VRAM đỉnh 9.34 GiB · raw='[0.5, 0.34]'
[listener] 1200/1952 · đọc được 1200/1200 · 6.54 s/lời gọi · còn ~82 phút · VRAM đỉnh 9.34 GiB · raw='[0.5, 0.15]'
[listener] 1250/1952 · đọc được 1250/1250 · 6.54 s/lời gọi · còn ~76 phút · VRAM đỉnh 9.34 GiB · raw='[0.93, 0.89]'
[listener] 1300/1952 · đọc được 1300/1300 · 6.54 s/lời gọi · còn ~71 phút · VRAM đỉnh 9.34 GiB · raw='[0.5, 0.23]'
[listener] 1350/1952 · đọc được 1350/1350 · 6.54 s/lời gọi · còn ~66 phút · VRAM đỉnh 9.34 GiB · raw='[0.5, 0.18]'
[listener] 1400/1952 · đọc được 1400/1400 · 6.53 s/lời gọi · còn ~60 phút · VRAM đỉnh 9.34 GiB · raw='[0.9, 0.39]'
[listener] 1450/1952 · đọc được 1450/1450 · 6.53 s/lời gọi · còn ~55 phút · VRAM đỉnh 9.34 GiB · raw='[0.73, 0.55]'
[listener] 1500/1952 · đọc được 1500/1500 · 6.53 s/lời gọi · còn ~49 phút · VRAM đỉnh 9.34 GiB · raw='[0.5, 0.3]'
[listener] 1550/1952 · đọc được 1550/1550 · 6.53 s/lời gọi · còn ~44 phút · VRAM đỉnh 9.34 GiB · raw='[0.82, 0.08]'
[listener] 1600/1952 · đọc được 1600/1600 · 6.53 s/lời gọi · còn ~38 phút · VRAM đỉnh 9.34 GiB · raw='[0.73, 0.45]'
[listener] 1650/1952 · đọc được 1650/1650 · 6.53 s/lời gọi · còn ~33 phút · VRAM đỉnh 9.34 GiB · raw='[0.92, 0.92]'
[listener] 1700/1952 · đọc được 1700/1700 · 6.53 s/lời gọi · còn ~27 phút · VRAM đỉnh 9.34 GiB · raw='[0.76, 0.72]'
[listener] 1750/1952 · đọc được 1750/1750 · 6.54 s/lời gọi · còn ~22 phút · VRAM đỉnh 9.34 GiB · raw='[0.37, 0.25]'
[listener] 1800/1952 · đọc được 1800/1800 · 6.54 s/lời gọi · còn ~17 phút · VRAM đỉnh 9.34 GiB · raw='[0.18, 0.14]'
[listener] 1850/1952 · đọc được 1850/1850 · 6.54 s/lời gọi · còn ~11 phút · VRAM đỉnh 9.34 GiB · raw='[0.88, 0.94]'
[listener] 1900/1952 · đọc được 1900/1900 · 6.54 s/lời gọi · còn ~6 phút · VRAM đỉnh 9.34 GiB · raw='[0.12, 0.94]'
[listener] 1950/1952 · đọc được 1950/1950 · 6.54 s/lời gọi · còn ~0 phút · VRAM đỉnh 9.34 GiB · raw='[0.88, 0.93]'
[listener] 1952/1952 · đọc được 1952/1952 · 6.54 s/lời gọi · còn ~0 phút · VRAM đỉnh 9.34 GiB · raw='[0.79, 0.08]'
[listener] XONG · đọc được 1952/1952 lời gọi mới
