[dữ liệu] /kaggle/working/valdata/val_lon_recs.jsonl
Nối tiếp: đã chấm 821 bước, còn 181
[uground] nạp osunlp/UGround-V1-2B
Warning: You are sending unauthenticated requests to the HF Hub. Please set a HF_TOKEN to enable higher rate limits and faster downloads.
  [07:05:24] 831/1002 = 82.9% · 0.25 bước/giây · còn ~11 phút
  [07:05:52] 838/1002 = 83.6% · 0.25 bước/giây · còn ~11 phút
  [07:08:55] 885/1002 = 88.3% · 0.25 bước/giây · còn ~8 phút
  [07:09:19] 891/1002 = 88.9% · 0.25 bước/giây · còn ~7 phút
  [07:10:06] 903/1002 = 90.1% · 0.25 bước/giây · còn ~6 phút
  [07:11:01] 917/1002 = 91.5% · 0.25 bước/giây · còn ~6 phút
  [07:11:56] 931/1002 = 92.9% · 0.25 bước/giây · còn ~5 phút
  [07:12:51] 945/1002 = 94.3% · 0.25 bước/giây · còn ~4 phút
  [07:14:37] 972/1002 = 97.0% · 0.25 bước/giây · còn ~2 phút
  [07:14:45] 974/1002 = 97.2% · 0.25 bước/giây · còn ~2 phút
Gộp từ tệp thô: 1002 bản ghi
======================================================================
CHẤM — pred_tspicea_vallon.jsonl  ·  1002 bước chạm
======================================================================
  ô-Voronoi tâm (headline):  63.2%   KTC95 [59.4%, 66.9%]
  đĩa dung sai (báo kèm) :  70.9%   KTC95 [66.9%, 74.5%]
  cụm: 330 (hiệu dụng 202.7)

Đã lưu /kaggle/working/score_tspicea_vallon.json
         /kaggle/working/score_tspicea_vallon_raw.jsonl  (1002 bước — đổi luật chấm hay thêm lát cắt thì chấm lại từ tệp này, KHÔNG gọi lại bộ trỏ)
