[dữ liệu] /kaggle/working/valdata/val_lon_recs.jsonl
Nối tiếp: đã chấm 770 bước, còn 232
[uground] nạp osunlp/UGround-V1-2B
Warning: You are sending unauthenticated requests to the HF Hub. Please set a HF_TOKEN to enable higher rate limits and faster downloads.
  [00:15:44] 780/1002 = 77.8% · 0.23 bước/giây · còn ~16 phút
  [00:16:18] 788/1002 = 78.6% · 0.23 bước/giây · còn ~15 phút
  [00:19:20] 832/1002 = 83.0% · 0.24 bước/giây · còn ~12 phút
  [00:20:43] 852/1002 = 85.0% · 0.24 bước/giây · còn ~10 phút
  [00:21:45] 867/1002 = 86.5% · 0.24 bước/giây · còn ~9 phút
  [00:25:09] 916/1002 = 91.4% · 0.24 bước/giây · còn ~6 phút
  [00:26:15] 932/1002 = 93.0% · 0.24 bước/giây · còn ~5 phút
  [00:27:38] 952/1002 = 95.0% · 0.24 bước/giây · còn ~3 phút
  [00:28:32] 965/1002 = 96.3% · 0.24 bước/giây · còn ~3 phút
  [00:28:48] 969/1002 = 96.7% · 0.24 bước/giây · còn ~2 phút
Gộp từ tệp thô: 1002 bản ghi
======================================================================
CHẤM — pred_tnghev_vallon.jsonl  ·  1002 bước chạm
======================================================================
  ô-Voronoi tâm (headline):  62.9%   KTC95 [59.0%, 66.6%]
  đĩa dung sai (báo kèm) :  71.1%   KTC95 [67.0%, 74.7%]
  cụm: 330 (hiệu dụng 202.7)

Đã lưu /kaggle/working/score_tnghev_vallon.json
         /kaggle/working/score_tnghev_vallon_raw.jsonl  (1002 bước — đổi luật chấm hay thêm lát cắt thì chấm lại từ tệp này, KHÔNG gọi lại bộ trỏ)
