[{"stream_name":"stderr","time":7.535982196,"data":"0.00s - Debugger warning: It seems that frozen modules are being used, which may\n"}
,{"stream_name":"stderr","time":7.5360172290000005,"data":"0.00s - make the debugger miss breakpoints. Please pass -Xfrozen_modules=off\n"}
,{"stream_name":"stderr","time":7.536021121,"data":"0.00s - to python to disable frozen modules.\n"}
,{"stream_name":"stderr","time":7.536023628,"data":"0.00s - Note: Debugging will proceed. Set PYDEVD_DISABLE_FILE_VALIDATION=1 to disable this validation.\n"}
,{"stream_name":"stderr","time":8.153526103,"data":"0.00s - Debugger warning: It seems that frozen modules are being used, which may\n"}
,{"stream_name":"stderr","time":8.15355833,"data":"0.00s - make the debugger miss breakpoints. Please pass -Xfrozen_modules=off\n"}
,{"stream_name":"stderr","time":8.153564622,"data":"0.00s - to python to disable frozen modules.\n"}
,{"stream_name":"stderr","time":8.153568737,"data":"0.00s - Note: Debugging will proceed. Set PYDEVD_DISABLE_FILE_VALIDATION=1 to disable this validation.\n"}
,{"stream_name":"stdout","time":32.046448691,"data":"   ━━━━━━━━━━━━━━━━━━━━━━━━━━━━━━━━━━━━━━━━ 43.1/43.1 MB 47.0 MB/s eta 0:00:00\n"}
,{"stream_name":"stdout","time":32.046489703,"data":"   ━━━━━━━━━━━━━━━━━━━━━━━━━━━━━━━━━━━━━━━━ 104.3/104.3 MB 18.3 MB/s eta 0:00:00\n"}
,{"stream_name":"stdout","time":32.046494103,"data":"   ━━━━━━━━━━━━━━━━━━━━━━━━━━━━━━━━━━━━━━━━ 846.4/846.4 kB 24.8 MB/s eta 0:00:00\n"}
,{"stream_name":"stdout","time":32.046496916,"data":"\n"}
,{"stream_name":"stdout","time":33.216684838,"data":"\n"}
,{"stream_name":"stdout","time":71.240025052,"data":"0.29.1 5.18.0 0.21.1 2.11.0+cu128\n"}
,{"stream_name":"stdout","time":71.240051606,"data":"\n"}
,{"stream_name":"stdout","time":71.277676731,"data":"GPU: 2 × T4\n"}
,{"stream_name":"stdout","time":79.703650157,"data":"[dựng] /kaggle/working/valdata: 1567 bước · 1002 click · thiếu ảnh click 0\n"}
,{"stream_name":"stdout","time":79.703682252,"data":"\n"}
,{"stream_name":"stdout","time":178.436884871,"data":"[hoà] xong → /kaggle/working/s1_merged · dtype torch.float16\n"}
,{"stream_name":"stdout","time":178.436918563,"data":"Warning: You are sending unauthenticated requests to the HF Hub. Please set a HF_TOKEN to enable higher rate limits and faster downloads.\n"}
,{"stream_name":"stdout","time":178.436925848,"data":"\n"}
,{"stream_name":"stderr","time":179.08961348,"data":"Warning: You are sending unauthenticated requests to the HF Hub. Please set a HF_TOKEN to enable higher rate limits and faster downloads.\n"}
,{"stream_name":"stderr","time":179.089640503,"data":"\n"}
,{"stream_name":"stderr","time":179.089646573,"data":"Warning: You are sending unauthenticated requests to the HF Hub. Please set a HF_TOKEN to enable higher rate limits and faster downloads.\n"}
,{"stream_name":"stdout","time":228.344094461,"data":"UGround: /root/.cache/huggingface/hub/models--osunlp--UGround-V1-2B/snapshots/ea7109f9573e5d8ee5170e425bd1fd73f2020e06\n"}
,{"stream_name":"stdout","time":238.958134532,"data":"val lớn: 1002 click · cây trợ năng 1002 · rỗng nút 0\n"}
,{"stream_name":"stdout","time":244.366569399,"data":"SRC /kaggle/input/datasets/uyenle0712/cham288-script \n"}
,{"stream_name":"stdout","time":244.366633968,"data":"BUNDLE /kaggle/input/datasets/uyenle0712/fgrb-p1-bundle/fgrb_p1_bundle \n"}
,{"stream_name":"stdout","time":244.366646518,"data":"VAL /kaggle/input/datasets/uyenle0712/thesis-val-cham/thesis_val_cham \n"}
,{"stream_name":"stdout","time":244.366666942,"data":"ck500 /kaggle/input/datasets/uyenle0712/grpo-spice-ck500\n"}
,{"stream_name":"stdout","time":274.387361011,"data":"   0.01 h · GPU0 · kiem_cham20.log · Warning: You are sending unauthenticated requests to the HF Hub. Please set a HF_TOKEN to enable hig\n"}
,{"stream_name":"stdout","time":304.386273582,"data":"   0.02 h · GPU0 · kiem_cham20.log · Warning: You are sending unauthenticated requests to the HF Hub. Please set a HF_TOKEN to enable hig\n"}
,{"stream_name":"stdout","time":334.389033348,"data":"   0.03 h · GPU0 · kiem_cham20.log · Warning: You are sending unauthenticated requests to the HF Hub. Please set a HF_TOKEN to enable hig\n"}
,{"stream_name":"stdout","time":364.388260643,"data":"   0.03 h · GPU0 · kiem_cham20.log · /kaggle/working/kiem/score_kiem20_raw.jsonl  (20 bước — đổi luật chấm hay thêm lát cắt thì chấm lại \n"}
,{"stream_name":"stdout","time":364.391503751,"data":"--- kiem_cham20.log · mã thoát 0 ---\n"}
,{"stream_name":"stdout","time":364.391531825,"data":"  ô-Voronoi tâm (headline):  85.0%   KTC95 [68.4%, 100.0%]\n"}
,{"stream_name":"stdout","time":364.391538253,"data":"  đĩa dung sai (báo kèm) :  85.0%   KTC95 [68.4%, 100.0%]\n"}
,{"stream_name":"stdout","time":364.391542868,"data":"  cụm: 19 (hiệu dụng 18.2)\n"}
,{"stream_name":"stdout","time":364.391550516,"data":"\n"}
,{"stream_name":"stdout","time":364.391554661,"data":"Đã lưu /kaggle/working/kiem/score_kiem20.json\n"}
,{"stream_name":"stdout","time":364.391559686,"data":"         /kaggle/working/kiem/score_kiem20_raw.jsonl  (20 bước — đổi luật chấm hay thêm lát cắt thì chấm lại từ tệp này, KHÔNG gọi lại bộ trỏ)\n"}
,{"stream_name":"stdout","time":364.391565321,"data":"\n"}
,{"stream_name":"stdout","time":364.401483408,"data":"[kiểm chấm] 20/20 câu ck500 trùng tệp thô C1\n"}
,{"stream_name":"stdout","time":367.609551016,"data":"tnghev /kaggle/input/datasets/uyenle0712/sang289-ckpts/checkpoint-250 ab2462a41a87cc8b9873cea167bb5388\n"}
,{"stream_name":"stdout","time":367.609596494,"data":"tệp thô để gieo: ['/kaggle/input/datasets/uyenle0712/cham288-script/score_s1_c1_raw.jsonl', '/kaggle/input/datasets/uyenle0712/cham288-script/score_ck500_c1_raw.jsonl', '/kaggle/input/datasets/uyenle0712/vallon289-goc/score_S1_vallon_raw.jsonl', '/kaggle/input/datasets/uyenle0712/vallon289-goc/score_ck500_vallon_raw.jsonl']\n"}
,{"stream_name":"stdout","time":487.635806378,"data":"   0.03 h · GPU0 · gen_tnghev_vallon.log · warnings.warn(\n"}
,{"stream_name":"stdout","time":607.637690419,"data":"   0.07 h · GPU0 · gen_tnghev_vallon.log · 50/1002 · 2.3 phút · 2.75 s/câu · 'Click on Recording 4.'\n"}
,{"stream_name":"stdout","time":727.637587681,"data":"   0.10 h · GPU0 · gen_tnghev_vallon.log · 100/1002 · 4.6 phút · 2.78 s/câu · 'Click on the Riu Plaza Berlin Hotel to view the details of t'\n"}
,{"stream_name":"stdout","time":847.638864994,"data":"   0.13 h · GPU0 · gen_tnghev_vallon.log · 150/1002 · 6.9 phút · 2.75 s/câu · 'Click on the Space name tab.'\n"}
,{"stream_name":"stdout","time":967.642158039,"data":"   0.17 h · GPU0 · gen_tnghev_vallon.log · 200/1002 · 9.2 phút · 2.76 s/câu · 'Click on the tick icon'\n"}
,{"stream_name":"stdout","time":1087.642091836,"data":"   0.20 h · GPU0 · gen_tnghev_vallon.log · 200/1002 · 9.2 phút · 2.76 s/câu · 'Click on the tick icon'\n"}
,{"stream_name":"stdout","time":1207.64613537,"data":"   0.23 h · GPU0 · gen_tnghev_vallon.log · 250/1002 · 11.6 phút · 2.77 s/câu · 'Click on the Reviews option'\n"}
,{"stream_name":"stdout","time":1327.645554293,"data":"   0.27 h · GPU0 · gen_tnghev_vallon.log · 300/1002 · 14.0 phút · 2.81 s/câu · 'Click on the General Settings'\n"}
,{"stream_name":"stdout","time":1447.646371019,"data":"   0.30 h · GPU0 · gen_tnghev_vallon.log · 350/1002 · 16.5 phút · 2.82 s/câu · 'Click on the send icon.'\n"}
,{"stream_name":"stdout","time":1567.647516087,"data":"   0.33 h · GPU0 · gen_tnghev_vallon.log · 400/1002 · 18.8 phút · 2.82 s/câu · 'Click on the Upload Photo button.'\n"}
,{"stream_name":"stdout","time":1687.648959854,"data":"   0.37 h · GPU0 · gen_tnghev_vallon.log · 450/1002 · 21.1 phút · 2.81 s/câu · 'Click on the Menu icon at the top left corner of the screen'\n"}
,{"stream_name":"stdout","time":1807.650661154,"data":"   0.40 h · GPU0 · gen_tnghev_vallon.log · 450/1002 · 21.1 phút · 2.81 s/câu · 'Click on the Menu icon at the top left corner of the screen'\n"}
,{"stream_name":"stdout","time":1927.65201256,"data":"   0.43 h · GPU0 · gen_tnghev_vallon.log · 500/1002 · 23.4 phút · 2.81 s/câu · 'Click on the + icon of the adults section twice.'\n"}
,{"stream_name":"stdout","time":2047.657043179,"data":"   0.47 h · GPU0 · gen_tnghev_vallon.log · 550/1002 · 25.8 phút · 2.81 s/câu · 'Click on the Add(2) button at the bottom right corner of the'\n"}
,{"stream_name":"stdout","time":2167.656540752,"data":"   0.50 h · GPU0 · gen_tnghev_vallon.log · 600/1002 · 28.0 phút · 2.80 s/câu · 'Click on the search bar at the top of the screen'\n"}
,{"stream_name":"stdout","time":2287.657130948,"data":"   0.53 h · GPU0 · gen_tnghev_vallon.log · 650/1002 · 30.4 phút · 2.81 s/câu · 'Click on the Select size tab of the screen'\n"}
,{"stream_name":"stdout","time":2407.658470007,"data":"   0.57 h · GPU0 · gen_tnghev_vallon.log · 700/1002 · 32.7 phút · 2.81 s/câu · 'Click on the map'\n"}
,{"stream_name":"stdout","time":2527.660881718,"data":"   0.60 h · GPU0 · gen_tnghev_vallon.log · 750/1002 · 35.0 phút · 2.80 s/câu · 'Click on the right arrow key'\n"}
,{"stream_name":"stdout","time":2647.663097504,"data":"   0.63 h · GPU0 · gen_tnghev_vallon.log · 800/1002 · 37.3 phút · 2.79 s/câu · 'Click on the search bar at the top of the screen to search f'\n"}
,{"stream_name":"stdout","time":2767.662189742,"data":"   0.67 h · GPU0 · gen_tnghev_vallon.log · 800/1002 · 37.3 phút · 2.79 s/câu · 'Click on the search bar at the top of the screen to search f'\n"}
,{"stream_name":"stdout","time":2887.663583664,"data":"   0.70 h · GPU0 · gen_tnghev_vallon.log · 850/1002 · 39.6 phút · 2.80 s/câu · 'Select the leaf option'\n"}
,{"stream_name":"stdout","time":3007.666801632,"data":"   0.73 h · GPU0 · gen_tnghev_vallon.log · 900/1002 · 41.9 phút · 2.79 s/câu · 'click on the Restore option'\n"}
,{"stream_name":"stdout","time":3127.668522607,"data":"   0.77 h · GPU0 · gen_tnghev_vallon.log · 950/1002 · 44.3 phút · 2.80 s/câu · 'Click on set goal at the bottom of the screen.'\n"}
,{"stream_name":"stdout","time":3247.66910678,"data":"   0.80 h · GPU0 · gen_tnghev_vallon.log · [so pred_ck500_c1.jsonl] 185/249 câu trùng\n"}
,{"stream_name":"stdout","time":3247.669941005,"data":"--- gen_tnghev_vallon.log · mã thoát 0 ---\n"}
,{"stream_name":"stdout","time":3247.669956549,"data":"  850/1002 · 39.6 phút · 2.80 s/câu · 'Select the leaf option'\n"}
,{"stream_name":"stdout","time":3247.669961904,"data":"  900/1002 · 41.9 phút · 2.79 s/câu · 'click on the Restore option'\n"}
,{"stream_name":"stdout","time":3247.669967068,"data":"  950/1002 · 44.3 phút · 2.80 s/câu · 'Click on set goal at the bottom of the screen.'\n"}
,{"stream_name":"stdout","time":3247.669972476,"data":"  1000/1002 · 46.8 phút · 2.81 s/câu · 'Go back.'\n"}
,{"stream_name":"stdout","time":3247.669977609,"data":"[xong] 1002 câu · rỗng 0\n"}
,{"stream_name":"stdout","time":3247.669982923,"data":"[so pred_ck500_c1.jsonl] 185/249 câu trùng\n"}
,{"stream_name":"stdout","time":3247.669998271,"data":"\n"}
,{"stream_name":"stdout","time":3247.869438815,"data":"[gieo] 770/1002 bước chép từ tệp thô cũ · còn phải chấm 232 câu → /kaggle/working/score_tnghev_vallon_raw.jsonl\n"}
,{"stream_name":"stdout","time":3247.869468359,"data":"\n"}
,{"stream_name":"stdout","time":3367.874733252,"data":"   0.03 h · GPU0 · cham_tnghev_vallon.log · [00:16:18] 788/1002 = 78.6% · 0.23 bước/giây · còn ~15 phút\n"}
,{"stream_name":"stdout","time":3487.875948697,"data":"   0.07 h · GPU0 · cham_tnghev_vallon.log · [00:16:18] 788/1002 = 78.6% · 0.23 bước/giây · còn ~15 phút\n"}
,{"stream_name":"stdout","time":3607.877157215,"data":"   0.10 h · GPU0 · cham_tnghev_vallon.log · [00:20:43] 852/1002 = 85.0% · 0.24 bước/giây · còn ~10 phút\n"}
,{"stream_name":"stdout","time":3727.880386449,"data":"   0.13 h · GPU0 · cham_tnghev_vallon.log · [00:21:45] 867/1002 = 86.5% · 0.24 bước/giây · còn ~9 phút\n"}
,{"stream_name":"stdout","time":3847.88127742,"data":"   0.17 h · GPU0 · cham_tnghev_vallon.log · [00:21:45] 867/1002 = 86.5% · 0.24 bước/giây · còn ~9 phút\n"}
,{"stream_name":"stdout","time":3967.880513607,"data":"   0.20 h · GPU0 · cham_tnghev_vallon.log · [00:26:15] 932/1002 = 93.0% · 0.24 bước/giây · còn ~5 phút\n"}
,{"stream_name":"stdout","time":4087.882129818,"data":"   0.23 h · GPU0 · cham_tnghev_vallon.log · [00:28:48] 969/1002 = 96.7% · 0.24 bước/giây · còn ~2 phút\n"}
,{"stream_name":"stdout","time":4207.883430436,"data":"   0.27 h · GPU0 · cham_tnghev_vallon.log · [00:28:48] 969/1002 = 96.7% · 0.24 bước/giây · còn ~2 phút\n"}
,{"stream_name":"stdout","time":4327.884659356,"data":"   0.30 h · GPU0 · cham_tnghev_vallon.log · /kaggle/working/score_tnghev_vallon_raw.jsonl  (1002 bước — đổi luật chấm hay thêm lát cắt thì chấm \n"}
,{"stream_name":"stdout","time":4327.885490143,"data":"--- cham_tnghev_vallon.log · mã thoát 0 ---\n"}
,{"stream_name":"stdout","time":4327.885513699,"data":"  ô-Voronoi tâm (headline):  62.9%   KTC95 [59.0%, 66.6%]\n"}
,{"stream_name":"stdout","time":4327.885519809,"data":"  đĩa dung sai (báo kèm) :  71.1%   KTC95 [67.0%, 74.7%]\n"}
,{"stream_name":"stdout","time":4327.885524287,"data":"  cụm: 330 (hiệu dụng 202.7)\n"}
,{"stream_name":"stdout","time":4327.885528974,"data":"\n"}
,{"stream_name":"stdout","time":4327.885533193,"data":"Đã lưu /kaggle/working/score_tnghev_vallon.json\n"}
,{"stream_name":"stdout","time":4327.885539217,"data":"         /kaggle/working/score_tnghev_vallon_raw.jsonl  (1002 bước — đổi luật chấm hay thêm lát cắt thì chấm lại từ tệp này, KHÔNG gọi lại bộ trỏ)\n"}
,{"stream_name":"stdout","time":4327.885549094,"data":"\n"}
,{"stream_name":"stdout","time":4327.891091316,"data":"== tnghev: 1002 dòng thô · 1002 bước · exec 630/1002 · 1.20 h\n"}
,{"stream_name":"stdout","time":4327.891919588,"data":"LỖI: không\n"}
,{"stream_name":"stdout","time":4327.982505535,"data":"cham_tnghev_vallon.log\n"}
,{"stream_name":"stdout","time":4327.982526803,"data":"gen_tnghev_vallon.log\n"}
,{"stream_name":"stdout","time":4327.982532003,"data":"kiem/score_kiem20.json\n"}
,{"stream_name":"stdout","time":4327.982536296,"data":"kiem/score_kiem20_raw.jsonl\n"}
,{"stream_name":"stdout","time":4327.982540794,"data":"kiem_cham20.log\n"}
,{"stream_name":"stdout","time":4327.982545016,"data":"pred_tnghev_vallon.jsonl\n"}
,{"stream_name":"stdout","time":4327.982548948,"data":"score_tnghev_vallon.json\n"}
,{"stream_name":"stdout","time":4327.982552906,"data":"score_tnghev_vallon_raw.jsonl\n"}
,{"stream_name":"stdout","time":4327.982557073,"data":"zip: 58911 byte · 1.20 h\n"}
,{"stream_name":"stdout","time":4335.666130287,"data":"exec val lớn (1.002 bước): S1 62.18 · ck500 63.37 · tnghev 62.87\n"}
,{"stream_name":"stdout","time":4336.522459646,"data":"  tnghev − ck500: Δ -0.50 điểm · KTC95 [-1.70; +0.63] · cứu 15 · phá 20\n"}
,{"stream_name":"stdout","time":4337.374243158,"data":"  tnghev − S1   : Δ +0.70 điểm · KTC95 [-1.01; +2.33] · cứu 41 · phá 34\n"}
,{"stream_name":"stdout","time":4337.375275793,"data":"======================================================================\n"}
,{"stream_name":"stdout","time":4337.375301867,"data":"⛔ XẤU — tnghev không hơn ck500 (-0.50 điểm)\n"}
,{"stream_name":"stdout","time":4337.375307379,"data":"   (số val, chỉ để sàng — không trích ra báo)\n"}
,{"stream_name":"stdout","time":4337.375311623,"data":"======================================================================\n"}
,{"stream_name":"stderr","time":4340.69633935,"data":"/usr/local/lib/python3.13/dist-packages/mistune.py:435: SyntaxWarning: invalid escape sequence '\\|'\n"}
,{"stream_name":"stderr","time":4340.69638455,"data":"  cells[i][c] = re.sub('\\\\\\\\\\|', '|', cell)\n"}
,{"stream_name":"stderr","time":4340.936776037,"data":"/usr/local/lib/python3.13/dist-packages/nbconvert/filters/filter_links.py:36: SyntaxWarning: invalid escape sequence '\\_'\n"}
,{"stream_name":"stderr","time":4340.936799551,"data":"  text = re.sub(r'_', '\\_', text) # Escape underscores in display text\n"}
,{"stream_name":"stderr","time":4341.768138921,"data":"[NbConvertApp] Converting notebook __notebook__.ipynb to notebook\n"}
,{"stream_name":"stderr","time":4341.85644849,"data":"[NbConvertApp] Writing 87401 bytes to __notebook__.ipynb\n"}
,{"stream_name":"stderr","time":4344.277989751,"data":"[NbConvertApp] Converting notebook __notebook__.ipynb to html\n"}
,{"stream_name":"stderr","time":4345.002864854,"data":"[NbConvertApp] Writing 411895 bytes to __results__.html\n"}
]