[cấu hình] backend=phi4 · câu=cau_chuan.jsonl · ra=/kaggle/working/som/chon_phi4_chuan_s1.jsonl · bước cần=2231 · đã xong=0 · shard=1/2 · mẫu=đủ
/usr/local/lib/python3.12/dist-packages/transformers/models/auto/image_processing_auto.py:590: FutureWarning: The image_processor_class argument is deprecated and will be removed in v4.42. Please use `slow_image_processor_class`, or `fast_image_processor_class` instead
  warnings.warn(
Using a slow image processor as `use_fast` is unset and a slow processor was saved with this model. `use_fast=True` will be the default behavior in v4.48, even if the model was saved with a slow processor. This will result in minor differences in outputs. You'll still be able to use a slow processor with `use_fast=False`.
/root/.cache/huggingface/modules/transformers_modules/microsoft/Phi-4-multimodal-instruct/93f923e1a7727d1c4f446756212d9d3e8fcc5d81/speech_conformer_encoder.py:2774: FutureWarning: Please specify CheckpointImpl.NO_REENTRANT as CheckpointImpl.REENTRANT will soon be removed as the default and eventually deprecated.
  lambda i: encoder_checkpoint_wrapper(
[phi4] attn = sdpa
[phi4] dynamic_hd = 16
[mô hình] microsoft/Phi-4-multimodal-instruct · [phiên bản mã] 14/9-b (sdpa + bắt OOM)
  25/2231 · 3.44 s/bước · còn ~127 phút
  50/2231 · 3.48 s/bước · còn ~127 phút
  75/2231 · 3.50 s/bước · còn ~126 phút
  100/2231 · 3.51 s/bước · còn ~125 phút
  125/2231 · 3.51 s/bước · còn ~123 phút
  150/2231 · 3.53 s/bước · còn ~123 phút
  175/2231 · 3.54 s/bước · còn ~121 phút
  200/2231 · 3.54 s/bước · còn ~120 phút
  225/2231 · 3.54 s/bước · còn ~118 phút
  250/2231 · 3.54 s/bước · còn ~117 phút
  275/2231 · 3.54 s/bước · còn ~116 phút
  300/2231 · 3.53 s/bước · còn ~114 phút
  325/2231 · 3.52 s/bước · còn ~112 phút
  350/2231 · 3.54 s/bước · còn ~111 phút
  375/2231 · 3.54 s/bước · còn ~109 phút
  400/2231 · 3.53 s/bước · còn ~108 phút
  425/2231 · 3.53 s/bước · còn ~106 phút
  450/2231 · 3.53 s/bước · còn ~105 phút
  475/2231 · 3.52 s/bước · còn ~103 phút
  500/2231 · 3.52 s/bước · còn ~102 phút
  525/2231 · 3.52 s/bước · còn ~100 phút
  550/2231 · 3.52 s/bước · còn ~99 phút
  575/2231 · 3.52 s/bước · còn ~97 phút
  600/2231 · 3.52 s/bước · còn ~96 phút
  625/2231 · 3.53 s/bước · còn ~94 phút
  650/2231 · 3.53 s/bước · còn ~93 phút
  675/2231 · 3.53 s/bước · còn ~92 phút
  700/2231 · 3.53 s/bước · còn ~90 phút
  725/2231 · 3.52 s/bước · còn ~88 phút
  750/2231 · 3.53 s/bước · còn ~87 phút
  775/2231 · 3.53 s/bước · còn ~86 phút
  800/2231 · 3.53 s/bước · còn ~84 phút
  825/2231 · 3.53 s/bước · còn ~83 phút
  850/2231 · 3.53 s/bước · còn ~81 phút
  875/2231 · 3.53 s/bước · còn ~80 phút
  900/2231 · 3.53 s/bước · còn ~78 phút
  925/2231 · 3.53 s/bước · còn ~77 phút
  950/2231 · 3.53 s/bước · còn ~75 phút
  975/2231 · 3.53 s/bước · còn ~74 phút
  1000/2231 · 3.53 s/bước · còn ~73 phút
  1025/2231 · 3.54 s/bước · còn ~71 phút
  1050/2231 · 3.55 s/bước · còn ~70 phút
  1075/2231 · 3.55 s/bước · còn ~68 phút
  1100/2231 · 3.55 s/bước · còn ~67 phút
  1125/2231 · 3.55 s/bước · còn ~65 phút
  1150/2231 · 3.55 s/bước · còn ~64 phút
  1175/2231 · 3.54 s/bước · còn ~62 phút
  1200/2231 · 3.54 s/bước · còn ~61 phút
  1225/2231 · 3.54 s/bước · còn ~59 phút
  1250/2231 · 3.54 s/bước · còn ~58 phút
  1275/2231 · 3.54 s/bước · còn ~56 phút
  1300/2231 · 3.54 s/bước · còn ~55 phút
  1325/2231 · 3.55 s/bước · còn ~54 phút
  1350/2231 · 3.54 s/bước · còn ~52 phút
  1375/2231 · 3.54 s/bước · còn ~51 phút
  1400/2231 · 3.55 s/bước · còn ~49 phút
  1425/2231 · 3.54 s/bước · còn ~48 phút
  1450/2231 · 3.54 s/bước · còn ~46 phút
  1475/2231 · 3.54 s/bước · còn ~45 phút
  1500/2231 · 3.54 s/bước · còn ~43 phút
  1525/2231 · 3.54 s/bước · còn ~42 phút
  1550/2231 · 3.54 s/bước · còn ~40 phút
  1575/2231 · 3.54 s/bước · còn ~39 phút
  1600/2231 · 3.54 s/bước · còn ~37 phút
  1625/2231 · 3.54 s/bước · còn ~36 phút
  1650/2231 · 3.54 s/bước · còn ~34 phút
  1675/2231 · 3.54 s/bước · còn ~33 phút
  1700/2231 · 3.54 s/bước · còn ~31 phút
  1725/2231 · 3.54 s/bước · còn ~30 phút
  1750/2231 · 3.54 s/bước · còn ~28 phút
  1775/2231 · 3.55 s/bước · còn ~27 phút
  1800/2231 · 3.54 s/bước · còn ~25 phút
  1825/2231 · 3.54 s/bước · còn ~24 phút
  1850/2231 · 3.54 s/bước · còn ~23 phút
  1875/2231 · 3.54 s/bước · còn ~21 phút
  1900/2231 · 3.54 s/bước · còn ~20 phút
  1925/2231 · 3.53 s/bước · còn ~18 phút
  1950/2231 · 3.53 s/bước · còn ~17 phút
  1975/2231 · 3.53 s/bước · còn ~15 phút
  2000/2231 · 3.53 s/bước · còn ~14 phút
  2025/2231 · 3.53 s/bước · còn ~12 phút
  2050/2231 · 3.53 s/bước · còn ~11 phút
  2075/2231 · 3.53 s/bước · còn ~9 phút
  2100/2231 · 3.53 s/bước · còn ~8 phút
  2125/2231 · 3.53 s/bước · còn ~6 phút
  2150/2231 · 3.53 s/bước · còn ~5 phút
  2175/2231 · 3.53 s/bước · còn ~3 phút
  2200/2231 · 3.53 s/bước · còn ~2 phút
  2225/2231 · 3.53 s/bước · còn ~0 phút
xong 2231 bước mới → /kaggle/working/som/chon_phi4_chuan_s1.jsonl · OOM 0
