[cấu hình] backend=phi4 · câu=cau_base.jsonl · ra=/kaggle/working/som/chon_phi4_base_s1.jsonl · bước cần=2231 · đã xong=0 · shard=1/2 · mẫu=đủ
/usr/local/lib/python3.12/dist-packages/transformers/models/auto/image_processing_auto.py:590: FutureWarning: The image_processor_class argument is deprecated and will be removed in v4.42. Please use `slow_image_processor_class`, or `fast_image_processor_class` instead
  warnings.warn(
Using a slow image processor as `use_fast` is unset and a slow processor was saved with this model. `use_fast=True` will be the default behavior in v4.48, even if the model was saved with a slow processor. This will result in minor differences in outputs. You'll still be able to use a slow processor with `use_fast=False`.
/root/.cache/huggingface/modules/transformers_modules/microsoft/Phi-4-multimodal-instruct/93f923e1a7727d1c4f446756212d9d3e8fcc5d81/speech_conformer_encoder.py:2774: FutureWarning: Please specify CheckpointImpl.NO_REENTRANT as CheckpointImpl.REENTRANT will soon be removed as the default and eventually deprecated.
  lambda i: encoder_checkpoint_wrapper(
[phi4] attn = sdpa
[phi4] dynamic_hd = 16
[mô hình] microsoft/Phi-4-multimodal-instruct · [phiên bản mã] 14/9-b (sdpa + bắt OOM)
  25/2231 · 3.38 s/bước · còn ~124 phút
  50/2231 · 3.44 s/bước · còn ~125 phút
  75/2231 · 3.46 s/bước · còn ~124 phút
  100/2231 · 3.47 s/bước · còn ~123 phút
  125/2231 · 3.47 s/bước · còn ~122 phút
  150/2231 · 3.49 s/bước · còn ~121 phút
  175/2231 · 3.50 s/bước · còn ~120 phút
  200/2231 · 3.50 s/bước · còn ~118 phút
  225/2231 · 3.50 s/bước · còn ~117 phút
  250/2231 · 3.50 s/bước · còn ~116 phút
  275/2231 · 3.50 s/bước · còn ~114 phút
  300/2231 · 3.49 s/bước · còn ~112 phút
  325/2231 · 3.48 s/bước · còn ~111 phút
  350/2231 · 3.49 s/bước · còn ~110 phút
  375/2231 · 3.50 s/bước · còn ~108 phút
  400/2231 · 3.49 s/bước · còn ~106 phút
  425/2231 · 3.49 s/bước · còn ~105 phút
  450/2231 · 3.49 s/bước · còn ~104 phút
  475/2231 · 3.49 s/bước · còn ~102 phút
  500/2231 · 3.49 s/bước · còn ~101 phút
  525/2231 · 3.48 s/bước · còn ~99 phút
  550/2231 · 3.48 s/bước · còn ~98 phút
  575/2231 · 3.48 s/bước · còn ~96 phút
  600/2231 · 3.49 s/bước · còn ~95 phút
  625/2231 · 3.49 s/bước · còn ~93 phút
  650/2231 · 3.49 s/bước · còn ~92 phút
  675/2231 · 3.49 s/bước · còn ~91 phút
  700/2231 · 3.49 s/bước · còn ~89 phút
  725/2231 · 3.49 s/bước · còn ~87 phút
  750/2231 · 3.49 s/bước · còn ~86 phút
  775/2231 · 3.49 s/bước · còn ~85 phút
  800/2231 · 3.49 s/bước · còn ~83 phút
  825/2231 · 3.49 s/bước · còn ~82 phút
  850/2231 · 3.49 s/bước · còn ~80 phút
  875/2231 · 3.49 s/bước · còn ~79 phút
  900/2231 · 3.49 s/bước · còn ~77 phút
  925/2231 · 3.49 s/bước · còn ~76 phút
  950/2231 · 3.49 s/bước · còn ~75 phút
  975/2231 · 3.49 s/bước · còn ~73 phút
  1000/2231 · 3.50 s/bước · còn ~72 phút
  1025/2231 · 3.50 s/bước · còn ~70 phút
  1050/2231 · 3.51 s/bước · còn ~69 phút
  1075/2231 · 3.51 s/bước · còn ~68 phút
  1100/2231 · 3.51 s/bước · còn ~66 phút
  1125/2231 · 3.51 s/bước · còn ~65 phút
  1150/2231 · 3.51 s/bước · còn ~63 phút
  1175/2231 · 3.50 s/bước · còn ~62 phút
  1200/2231 · 3.50 s/bước · còn ~60 phút
  1225/2231 · 3.50 s/bước · còn ~59 phút
  1250/2231 · 3.50 s/bước · còn ~57 phút
  1275/2231 · 3.50 s/bước · còn ~56 phút
  1300/2231 · 3.50 s/bước · còn ~54 phút
  1325/2231 · 3.50 s/bước · còn ~53 phút
  1350/2231 · 3.50 s/bước · còn ~51 phút
  1375/2231 · 3.50 s/bước · còn ~50 phút
  1400/2231 · 3.51 s/bước · còn ~49 phút
  1425/2231 · 3.50 s/bước · còn ~47 phút
  1450/2231 · 3.50 s/bước · còn ~46 phút
  1475/2231 · 3.50 s/bước · còn ~44 phút
  1500/2231 · 3.50 s/bước · còn ~43 phút
  1525/2231 · 3.50 s/bước · còn ~41 phút
  1550/2231 · 3.50 s/bước · còn ~40 phút
  1575/2231 · 3.51 s/bước · còn ~38 phút
  1600/2231 · 3.51 s/bước · còn ~37 phút
  1625/2231 · 3.51 s/bước · còn ~35 phút
  1650/2231 · 3.51 s/bước · còn ~34 phút
  1675/2231 · 3.51 s/bước · còn ~33 phút
  1700/2231 · 3.51 s/bước · còn ~31 phút
  1725/2231 · 3.51 s/bước · còn ~30 phút
  1750/2231 · 3.51 s/bước · còn ~28 phút
