[cấu hình] backend=phi4 · câu=cau_grpo.jsonl · ra=/kaggle/working/som/chon_phi4_grpo_s0.jsonl · bước cần=2232 · đã xong=0 · shard=0/2 · mẫu=đủ
/usr/local/lib/python3.12/dist-packages/transformers/models/auto/image_processing_auto.py:590: FutureWarning: The image_processor_class argument is deprecated and will be removed in v4.42. Please use `slow_image_processor_class`, or `fast_image_processor_class` instead
  warnings.warn(
Using a slow image processor as `use_fast` is unset and a slow processor was saved with this model. `use_fast=True` will be the default behavior in v4.48, even if the model was saved with a slow processor. This will result in minor differences in outputs. You'll still be able to use a slow processor with `use_fast=False`.
/root/.cache/huggingface/modules/transformers_modules/microsoft/Phi-4-multimodal-instruct/93f923e1a7727d1c4f446756212d9d3e8fcc5d81/speech_conformer_encoder.py:2774: FutureWarning: Please specify CheckpointImpl.NO_REENTRANT as CheckpointImpl.REENTRANT will soon be removed as the default and eventually deprecated.
  lambda i: encoder_checkpoint_wrapper(
[phi4] attn = sdpa
[phi4] dynamic_hd = 16
[mô hình] microsoft/Phi-4-multimodal-instruct · [phiên bản mã] 14/9-b (sdpa + bắt OOM)
  25/2232 · 3.39 s/bước · còn ~125 phút
  50/2232 · 3.38 s/bước · còn ~123 phút
  75/2232 · 3.37 s/bước · còn ~121 phút
  100/2232 · 3.39 s/bước · còn ~121 phút
  125/2232 · 3.34 s/bước · còn ~117 phút
  150/2232 · 3.35 s/bước · còn ~116 phút
  175/2232 · 3.35 s/bước · còn ~115 phút
  200/2232 · 3.36 s/bước · còn ~114 phút
  225/2232 · 3.36 s/bước · còn ~112 phút
  250/2232 · 3.36 s/bước · còn ~111 phút
  275/2232 · 3.36 s/bước · còn ~110 phút
  300/2232 · 3.36 s/bước · còn ~108 phút
  325/2232 · 3.35 s/bước · còn ~107 phút
  350/2232 · 3.38 s/bước · còn ~106 phút
  375/2232 · 3.38 s/bước · còn ~105 phút
  400/2232 · 3.38 s/bước · còn ~103 phút
  425/2232 · 3.38 s/bước · còn ~102 phút
  450/2232 · 3.38 s/bước · còn ~100 phút
  475/2232 · 3.37 s/bước · còn ~99 phút
  500/2232 · 3.37 s/bước · còn ~97 phút
  525/2232 · 3.35 s/bước · còn ~95 phút
  550/2232 · 3.36 s/bước · còn ~94 phút
  575/2232 · 3.36 s/bước · còn ~93 phút
  600/2232 · 3.36 s/bước · còn ~91 phút
  625/2232 · 3.36 s/bước · còn ~90 phút
  650/2232 · 3.37 s/bước · còn ~89 phút
  675/2232 · 3.37 s/bước · còn ~87 phút
  700/2232 · 3.37 s/bước · còn ~86 phút
  725/2232 · 3.37 s/bước · còn ~85 phút
  750/2232 · 3.37 s/bước · còn ~83 phút
  775/2232 · 3.37 s/bước · còn ~82 phút
  800/2232 · 3.37 s/bước · còn ~80 phút
  825/2232 · 3.37 s/bước · còn ~79 phút
  850/2232 · 3.37 s/bước · còn ~78 phút
  875/2232 · 3.37 s/bước · còn ~76 phút
  900/2232 · 3.37 s/bước · còn ~75 phút
  925/2232 · 3.37 s/bước · còn ~73 phút
  950/2232 · 3.37 s/bước · còn ~72 phút
  975/2232 · 3.37 s/bước · còn ~71 phút
  1000/2232 · 3.37 s/bước · còn ~69 phút
  1025/2232 · 3.38 s/bước · còn ~68 phút
  1050/2232 · 3.38 s/bước · còn ~67 phút
  1075/2232 · 3.38 s/bước · còn ~65 phút
  1100/2232 · 3.38 s/bước · còn ~64 phút
  1125/2232 · 3.38 s/bước · còn ~62 phút
  1150/2232 · 3.37 s/bước · còn ~61 phút
  1175/2232 · 3.37 s/bước · còn ~59 phút
  1200/2232 · 3.37 s/bước · còn ~58 phút
  1225/2232 · 3.37 s/bước · còn ~57 phút
  1250/2232 · 3.37 s/bước · còn ~55 phút
  1275/2232 · 3.37 s/bước · còn ~54 phút
  1300/2232 · 3.37 s/bước · còn ~52 phút
  1325/2232 · 3.37 s/bước · còn ~51 phút
  1350/2232 · 3.37 s/bước · còn ~50 phút
  1375/2232 · 3.37 s/bước · còn ~48 phút
  1400/2232 · 3.37 s/bước · còn ~47 phút
  1425/2232 · 3.37 s/bước · còn ~45 phút
  1450/2232 · 3.37 s/bước · còn ~44 phút
  1475/2232 · 3.37 s/bước · còn ~43 phút
  1500/2232 · 3.37 s/bước · còn ~41 phút
  1525/2232 · 3.37 s/bước · còn ~40 phút
  1550/2232 · 3.37 s/bước · còn ~38 phút
  1575/2232 · 3.37 s/bước · còn ~37 phút
  1600/2232 · 3.38 s/bước · còn ~36 phút
  1625/2232 · 3.38 s/bước · còn ~34 phút
  1650/2232 · 3.37 s/bước · còn ~33 phút
  1675/2232 · 3.37 s/bước · còn ~31 phút
  1700/2232 · 3.37 s/bước · còn ~30 phút
  1725/2232 · 3.37 s/bước · còn ~29 phút
  1750/2232 · 3.37 s/bước · còn ~27 phút
  1775/2232 · 3.37 s/bước · còn ~26 phút
  1800/2232 · 3.37 s/bước · còn ~24 phút
  1825/2232 · 3.37 s/bước · còn ~23 phút
  1850/2232 · 3.37 s/bước · còn ~21 phút
  1875/2232 · 3.37 s/bước · còn ~20 phút
  1900/2232 · 3.36 s/bước · còn ~19 phút
  1925/2232 · 3.36 s/bước · còn ~17 phút
  1950/2232 · 3.36 s/bước · còn ~16 phút
  1975/2232 · 3.36 s/bước · còn ~14 phút
  2000/2232 · 3.36 s/bước · còn ~13 phút
  2025/2232 · 3.36 s/bước · còn ~12 phút
  2050/2232 · 3.36 s/bước · còn ~10 phút
  2075/2232 · 3.36 s/bước · còn ~9 phút
  2100/2232 · 3.36 s/bước · còn ~7 phút
  2125/2232 · 3.36 s/bước · còn ~6 phút
  2150/2232 · 3.36 s/bước · còn ~5 phút
  2175/2232 · 3.36 s/bước · còn ~3 phút
  2200/2232 · 3.36 s/bước · còn ~2 phút
  2225/2232 · 3.36 s/bước · còn ~0 phút
xong 2232 bước mới → /kaggle/working/som/chon_phi4_grpo_s0.jsonl · OOM 0
