[dữ liệu] val=1567 · chọn 400 bước (seed 20260927) · đã có 0 · còn 400 · ocr_keys=5567
Skipping import of cpp extensions due to incompatible torch version. Please upgrade to torch >= 2.11.0 (found 2.10.0+cu128).
Warning: You are sending unauthenticated requests to the HF Hub. Please set a HF_TOKEN to enable higher rate limits and faster downloads.
[cấu hình] dtype=torch.float16 · greedy: do_sample=False, repetition_penalty(mặc định model)=1.05, max_new=96 · lấy mẫu: {'do_sample': True, 'temperature': 1.0, 'top_p': 1.0, 'top_k': 0, 'repetition_penalty': 1.0, 'num_return_sequences': 8, 'max_new_tokens': 96, 'use_cache': True}
  20/400 · 6.6 phút · còn ~125.2 phút · ví dụ greedy: 'Click on the right arrow icon.'
  40/400 · 13.6 phút · còn ~122.4 phút · ví dụ greedy: 'click on the drop down icon of language mode'
  60/400 · 20.6 phút · còn ~116.7 phút · ví dụ greedy: 'Swipe up for direction'
  80/400 · 27.8 phút · còn ~111.3 phút · ví dụ greedy: 'Open the Maps app.'
  100/400 · 35.0 phút · còn ~105.1 phút · ví dụ greedy: 'Click on Manage Notifications'
  120/400 · 42.1 phút · còn ~98.2 phút · ví dụ greedy: 'Search on the Spanner key'
  140/400 · 49.5 phút · còn ~91.8 phút · ví dụ greedy: 'Open the LeafSnap app.'
  160/400 · 56.8 phút · còn ~85.2 phút · ví dụ greedy: 'Click on the notification bar option.'
  180/400 · 64.0 phút · còn ~78.3 phút · ví dụ greedy: 'Open the pdfFiller app'
  200/400 · 71.3 phút · còn ~71.3 phút · ví dụ greedy: 'Click on the Lighting option at the top right of the screen'
  220/400 · 78.4 phút · còn ~64.1 phút · ví dụ greedy: 'Click on the menu icon at the top left corner of the screen'
  240/400 · 85.4 phút · còn ~57.0 phút · ví dụ greedy: 'Type Screwdriver kit in the search bar to search for the scr'
  260/400 · 92.6 phút · còn ~49.9 phút · ví dụ greedy: 'Click on the search bar at the top of the screen'
  280/400 · 99.7 phút · còn ~42.7 phút · ví dụ greedy: 'Click on the screen.'
  300/400 · 107.0 phút · còn ~35.7 phút · ví dụ greedy: 'Click on the Museum Gouda.'
  320/400 · 114.2 phút · còn ~28.6 phút · ví dụ greedy: 'Go back to the previous page'
  340/400 · 121.4 phút · còn ~21.4 phút · ví dụ greedy: 'Click on the Snooze option'
  360/400 · 128.5 phút · còn ~14.3 phút · ví dụ greedy: 'Click on the filter results button'
  380/400 · 135.8 phút · còn ~7.1 phút · ví dụ greedy: 'enter pincode 123678'
  400/400 · 142.9 phút · còn ~0.0 phút · ví dụ greedy: 'Click on the right arrow key'
XONG
