Failed to load /usr/local/lib/python3.13/dist-packages/torchao/_C_cutlass_90a.abi3.so: Could not load this library: /usr/local/lib/python3.13/dist-packages/torchao/_C_cutlass_90a.abi3.so
Failed to load /usr/local/lib/python3.13/dist-packages/torchao/_C_mxfp8.cpython-310-x86_64-linux-gnu.so: Could not load this library: /usr/local/lib/python3.13/dist-packages/torchao/_C_mxfp8.cpython-310-x86_64-linux-gnu.so
[nhánh] A3 · trl 0.29.1 · transformers 5.18.0 · peft 0.21.2 · torch 2.11.0+cu128
[cider] df dựng từ 3991 câu chuẩn của p1_train_rows.jsonl
[cider] lần 1 · 3 câu · thưởng TB 0.333 · số từ TB 2.3 · rỗng 1
thưởng: [1.0, 0.0, 0.0] ← kỳ vọng [> 0, 0, < 0,05]
Warning: You are sending unauthenticated requests to the HF Hub. Please set a HF_TOKEN to enable higher rate limits and faster downloads.
[nạp] /kaggle/working/s1_merged · dtype torch.float16 · 4-bit False · Tesla T4
[LoRA mới] tham số học 14,966,784 · S1 có 14,966,784
[câu nhắc] 2000 · bỏ {'trung_val': 0, 'trung_episode_val': 0, 'thieu_anh': 0, 'thieu_ocr': 0, 'rong': 9} · n_char max 1974
[lớp vàng theo câu chuẩn] {'tap': 1557, 'scroll': 242, 'type': 114, 'navigate_back': 84, 'long_press': 3}
[khớp lớp vàng với action_type] 1665/1733 = 96.1% (bước có action_type ánh xạ được; open_app/wait/navigate_home không tính)
    scroll: 241/248 câu chuẩn quy đúng lớp
    input_text: 102/146 câu chuẩn quy đúng lớp
    navigate_back: 72/73 câu chuẩn quy đúng lớp
GRPOConfig: {'num_generations': 8, 'per_device_train_batch_size': 4, 'gradient_accumulation_steps': 4, 'generation_batch_size': 16, 'steps_per_generation': 4, 'num_iterations': 1, 'beta': 0.04, 'learning_rate': 1e-05, 'loss_type': 'dapo', 'scale_rewards': 'group', 'temperature': 1.0, 'max_steps': 10, 'save_steps': 10, 'bf16': False, 'fp16': True}
[lô] mỗi lượt sinh 16 câu = 2 câu nhắc × 8
[thưởng] ['r_cider'] · CTG cộng vào advantage: True · λ₀ 1.0 · đích {'scroll': 0.837, 'type': 0.813, 'navigate_back': 0.733}
[sinh theo khúc] bật, mỗi khúc ≤ 8 chuỗi
[tiếp từ] None
/usr/local/lib/python3.13/dist-packages/transformers/models/qwen2_vl/image_processing_qwen2_vl.py:129: FutureWarning: Passing `min_pixels` and `max_pixels` to a processor call is deprecated and will be removed in v5.23. Pass in `size={'longest_edge': xxx, 'shortest_edge': xxx} to override the target size.`
  warnings.warn(
[sinh theo khúc] 16 chuỗi → 2 khúc ≤ 8
[cider] lần 2 · 16 câu · thưởng TB 0.138 · số từ TB 4.2 · rỗng 0
{'loss': '-0.1826', 'grad_norm': '1.082', 'learning_rate': '0', 'num_tokens': '2.36e+04', 'completions/mean_length': '5.25', 'completions/min_length': '4', 'completions/max_length': '10', 'completions/clipped_ratio': '0', 'completions/mean_terminated_length': '5.25', 'completions/min_terminated_length': '4', 'completions/max_terminated_length': '10', 'rewards/r_cider/mean': '0.1378', 'rewards/r_cider/std': '0.2816', 'reward': '0.1378', 'reward_std': '0.2816', 'frac_reward_zero_std': '0', 'kl': '0', 'entropy': '0.7326', 'clip_ratio/low_mean': '0', 'clip_ratio/low_min': '0', 'clip_ratio/high_mean': '0', 'clip_ratio/high_max': '0', 'clip_ratio/region_mean': '0', 'step_time': '132', 'epoch': '0.001'}
[cider] lần 3 · 16 câu · thưởng TB 0.486 · số từ TB 6.4 · rỗng 0
{'loss': '-0.01196', 'grad_norm': '0.6242', 'learning_rate': '1e-06', 'num_tokens': '4.765e+04', 'completions/mean_length': '11.75', 'completions/min_length': '3', 'completions/max_length': '21', 'completions/clipped_ratio': '0', 'completions/mean_terminated_length': '11.75', 'completions/min_terminated_length': '3', 'completions/max_terminated_length': '21', 'rewards/r_cider/mean': '0.4856', 'rewards/r_cider/std': '0.4048', 'reward': '0.4856', 'reward_std': '0.4048', 'frac_reward_zero_std': '0', 'kl': '0', 'entropy': '0.437', 'clip_ratio/low_mean': '0', 'clip_ratio/low_min': '0', 'clip_ratio/high_mean': '0', 'clip_ratio/high_max': '0', 'clip_ratio/region_mean': '0', 'step_time': '138.2', 'epoch': '0.002'}
[cider] lần 4 · 16 câu · thưởng TB 0.586 · số từ TB 6.5 · rỗng 0
{'loss': '-0.0341', 'grad_norm': '0.7136', 'learning_rate': '2e-06', 'num_tokens': '7.092e+04', 'completions/mean_length': '7.562', 'completions/min_length': '5', 'completions/max_length': '13', 'completions/clipped_ratio': '0', 'completions/mean_terminated_length': '7.562', 'completions/min_terminated_length': '5', 'completions/max_terminated_length': '13', 'rewards/r_cider/mean': '0.5864', 'rewards/r_cider/std': '0.424', 'reward': '0.5864', 'reward_std': '0.424', 'frac_reward_zero_std': '0', 'kl': '9.175e-06', 'entropy': '0.6094', 'clip_ratio/low_mean': '0', 'clip_ratio/low_min': '0', 'clip_ratio/high_mean': '0', 'clip_ratio/high_max': '0', 'clip_ratio/region_mean': '0', 'step_time': '135', 'epoch': '0.003'}
[cider] lần 5 · 16 câu · thưởng TB 0.310 · số từ TB 8.1 · rỗng 0
{'loss': '0.01983', 'grad_norm': '0.8146', 'learning_rate': '3e-06', 'num_tokens': '9.505e+04', 'completions/mean_length': '11.38', 'completions/min_length': '6', 'completions/max_length': '17', 'completions/clipped_ratio': '0', 'completions/mean_terminated_length': '11.38', 'completions/min_terminated_length': '6', 'completions/max_terminated_length': '17', 'rewards/r_cider/mean': '0.3096', 'rewards/r_cider/std': '0.313', 'reward': '0.3096', 'reward_std': '0.313', 'frac_reward_zero_std': '0', 'kl': '1.041e-05', 'entropy': '0.8851', 'clip_ratio/low_mean': '0', 'clip_ratio/low_min': '0', 'clip_ratio/high_mean': '0', 'clip_ratio/high_max': '0', 'clip_ratio/region_mean': '0', 'step_time': '138.8', 'epoch': '0.004'}
[cider] lần 6 · 16 câu · thưởng TB 0.542 · số từ TB 6.4 · rỗng 0
{'loss': '-0.09584', 'grad_norm': '0.6875', 'learning_rate': '4e-06', 'num_tokens': '1.185e+05', 'completions/mean_length': '8.688', 'completions/min_length': '6', 'completions/max_length': '14', 'completions/clipped_ratio': '0', 'completions/mean_terminated_length': '8.688', 'completions/min_terminated_length': '6', 'completions/max_terminated_length': '14', 'rewards/r_cider/mean': '0.5417', 'rewards/r_cider/std': '0.4271', 'reward': '0.5417', 'reward_std': '0.4271', 'frac_reward_zero_std': '0', 'kl': '8.549e-06', 'entropy': '0.4486', 'clip_ratio/low_mean': '0', 'clip_ratio/low_min': '0', 'clip_ratio/high_mean': '0', 'clip_ratio/high_max': '0', 'clip_ratio/region_mean': '0', 'step_time': '134.9', 'epoch': '0.005'}
[cider] lần 7 · 16 câu · thưởng TB 0.279 · số từ TB 6.7 · rỗng 0
{'loss': '0.06411', 'grad_norm': '0.69', 'learning_rate': '5e-06', 'num_tokens': '1.42e+05', 'completions/mean_length': '8.688', 'completions/min_length': '5', 'completions/max_length': '14', 'completions/clipped_ratio': '0', 'completions/mean_terminated_length': '8.688', 'completions/min_terminated_length': '5', 'completions/max_terminated_length': '14', 'rewards/r_cider/mean': '0.2794', 'rewards/r_cider/std': '0.1837', 'reward': '0.2794', 'reward_std': '0.1837', 'frac_reward_zero_std': '0', 'kl': '7.319e-06', 'entropy': '0.7795', 'clip_ratio/low_mean': '0', 'clip_ratio/low_min': '0', 'clip_ratio/high_mean': '0', 'clip_ratio/high_max': '0', 'clip_ratio/region_mean': '0', 'step_time': '135.1', 'epoch': '0.006'}
[cider] lần 8 · 16 câu · thưởng TB 0.282 · số từ TB 6.9 · rỗng 0
{'loss': '-0.1622', 'grad_norm': '0.7973', 'learning_rate': '6e-06', 'num_tokens': '1.65e+05', 'completions/mean_length': '8.875', 'completions/min_length': '6', 'completions/max_length': '13', 'completions/clipped_ratio': '0', 'completions/mean_terminated_length': '8.875', 'completions/min_terminated_length': '6', 'completions/max_terminated_length': '13', 'rewards/r_cider/mean': '0.2819', 'rewards/r_cider/std': '0.14', 'reward': '0.2819', 'reward_std': '0.14', 'frac_reward_zero_std': '0', 'kl': '1.315e-05', 'entropy': '0.7144', 'clip_ratio/low_mean': '0', 'clip_ratio/low_min': '0', 'clip_ratio/high_mean': '0', 'clip_ratio/high_max': '0', 'clip_ratio/region_mean': '0', 'step_time': '136', 'epoch': '0.007'}
[cider] lần 9 · 16 câu · thưởng TB 0.174 · số từ TB 6.6 · rỗng 0
{'loss': '-0.2115', 'grad_norm': '0.9086', 'learning_rate': '7e-06', 'num_tokens': '1.88e+05', 'completions/mean_length': '7.875', 'completions/min_length': '3', 'completions/max_length': '14', 'completions/clipped_ratio': '0', 'completions/mean_terminated_length': '7.875', 'completions/min_terminated_length': '3', 'completions/max_terminated_length': '14', 'rewards/r_cider/mean': '0.1739', 'rewards/r_cider/std': '0.1296', 'reward': '0.1739', 'reward_std': '0.1296', 'frac_reward_zero_std': '0', 'kl': '1.025e-05', 'entropy': '0.6146', 'clip_ratio/low_mean': '0', 'clip_ratio/low_min': '0', 'clip_ratio/high_mean': '0', 'clip_ratio/high_max': '0', 'clip_ratio/region_mean': '0', 'step_time': '132.9', 'epoch': '0.008'}
[cider] lần 10 · 16 câu · thưởng TB 0.712 · số từ TB 7.8 · rỗng 0
{'loss': '-0.03139', 'grad_norm': '0.4662', 'learning_rate': '8e-06', 'num_tokens': '2.117e+05', 'completions/mean_length': '8.812', 'completions/min_length': '6', 'completions/max_length': '12', 'completions/clipped_ratio': '0', 'completions/mean_terminated_length': '8.812', 'completions/min_terminated_length': '6', 'completions/max_terminated_length': '12', 'rewards/r_cider/mean': '0.7118', 'rewards/r_cider/std': '0.3418', 'reward': '0.7118', 'reward_std': '0.3418', 'frac_reward_zero_std': '0', 'kl': '2.087e-06', 'entropy': '0.3585', 'clip_ratio/low_mean': '0', 'clip_ratio/low_min': '0', 'clip_ratio/high_mean': '0', 'clip_ratio/high_max': '0', 'clip_ratio/region_mean': '0', 'step_time': '136.3', 'epoch': '0.009'}
[cider] lần 11 · 16 câu · thưởng TB 0.300 · số từ TB 6.1 · rỗng 0
{'loss': '0.009432', 'grad_norm': '0.6071', 'learning_rate': '9e-06', 'num_tokens': '2.347e+05', 'completions/mean_length': '8.812', 'completions/min_length': '7', 'completions/max_length': '13', 'completions/clipped_ratio': '0', 'completions/mean_terminated_length': '8.812', 'completions/min_terminated_length': '7', 'completions/max_terminated_length': '13', 'rewards/r_cider/mean': '0.2996', 'rewards/r_cider/std': '0.3195', 'reward': '0.2996', 'reward_std': '0.3195', 'frac_reward_zero_std': '0', 'kl': '1.083e-05', 'entropy': '0.5765', 'clip_ratio/low_mean': '0', 'clip_ratio/low_min': '0', 'clip_ratio/high_mean': '0', 'clip_ratio/high_max': '0', 'clip_ratio/region_mean': '0', 'step_time': '135.7', 'epoch': '0.01'}
[ctg_state] lưu /kaggle/working/p0_a3/checkpoint-10/ctg_state.json · λ {'scroll': 0.9787, 'type': 0.9763, 'navigate_back': 0.9682999999999999}
{'train_runtime': '1360', 'train_samples_per_second': '0.118', 'train_steps_per_second': '0.007', 'train_loss': '-0.06362', 'epoch': '0.01'}
[xong] 10 bước · 22.7 phút · 136.1 s/bước · đỉnh VRAM 11.62 GiB · λ cuối {'scroll': 0.9787, 'type': 0.9763, 'navigate_back': 0.9682999999999999}
Failed to load /usr/local/lib/python3.13/dist-packages/torchao/_C_cutlass_90a.abi3.so: Could not load this library: /usr/local/lib/python3.13/dist-packages/torchao/_C_cutlass_90a.abi3.so
Failed to load /usr/local/lib/python3.13/dist-packages/torchao/_C_mxfp8.cpython-310-x86_64-linux-gnu.so: Could not load this library: /usr/local/lib/python3.13/dist-packages/torchao/_C_mxfp8.cpython-310-x86_64-linux-gnu.so
[nhánh] A3 · trl 0.29.1 · transformers 5.18.0 · peft 0.21.2 · torch 2.11.0+cu128
[cider] df dựng từ 3991 câu chuẩn của p1_train_rows.jsonl
[cider] lần 1 · 3 câu · thưởng TB 0.333 · số từ TB 2.3 · rỗng 1
thưởng: [1.0, 0.0, 0.0] ← kỳ vọng [> 0, 0, < 0,05]
[nạp] /kaggle/working/s1_merged · dtype torch.float16 · 4-bit False · Tesla T4
[LoRA mới] tham số học 14,966,784 · S1 có 14,966,784
[câu nhắc] 2000 · bỏ {'trung_val': 0, 'trung_episode_val': 0, 'thieu_anh': 0, 'thieu_ocr': 0, 'rong': 9} · n_char max 1974
[lớp vàng theo câu chuẩn] {'tap': 1557, 'scroll': 242, 'type': 114, 'navigate_back': 84, 'long_press': 3}
[khớp lớp vàng với action_type] 1665/1733 = 96.1% (bước có action_type ánh xạ được; open_app/wait/navigate_home không tính)
    scroll: 241/248 câu chuẩn quy đúng lớp
    input_text: 102/146 câu chuẩn quy đúng lớp
    navigate_back: 72/73 câu chuẩn quy đúng lớp
GRPOConfig: {'num_generations': 8, 'per_device_train_batch_size': 4, 'gradient_accumulation_steps': 4, 'generation_batch_size': 16, 'steps_per_generation': 4, 'num_iterations': 1, 'beta': 0.04, 'learning_rate': 1e-05, 'loss_type': 'dapo', 'scale_rewards': 'group', 'temperature': 1.0, 'max_steps': 20, 'save_steps': 10, 'bf16': False, 'fp16': True}
[lô] mỗi lượt sinh 16 câu = 2 câu nhắc × 8
[thưởng] ['r_cider'] · CTG cộng vào advantage: True · λ₀ 1.0 · đích {'scroll': 0.837, 'type': 0.813, 'navigate_back': 0.733}
[sinh theo khúc] bật, mỗi khúc ≤ 8 chuỗi
[tiếp từ] /kaggle/working/p0_a3/checkpoint-10
[nạp default] 504 tensor · |lora_B| 0.0000 → 0.5760 · khoá lạ 0
[nạp ctg_state] bước 10 · λ {'scroll': 0.9787, 'type': 0.9763, 'navigate_back': 0.9682999999999999} · ĉ {'scroll': 0.8695999999999999, 'type': 0.8503999999999999, 'navigate_back': 0.7864}
/usr/local/lib/python3.13/dist-packages/transformers/models/qwen2_vl/image_processing_qwen2_vl.py:129: FutureWarning: Passing `min_pixels` and `max_pixels` to a processor call is deprecated and will be removed in v5.23. Pass in `size={'longest_edge': xxx, 'shortest_edge': xxx} to override the target size.`
  warnings.warn(
[sinh theo khúc] 16 chuỗi → 2 khúc ≤ 8
[cider] lần 2 · 16 câu · thưởng TB 0.555 · số từ TB 6.1 · rỗng 0
{'loss': '0.1476', 'grad_norm': '0.8497', 'learning_rate': '1e-05', 'num_tokens': '2.587e+05', 'completions/mean_length': '8.5', 'completions/min_length': '4', 'completions/max_length': '15', 'completions/clipped_ratio': '0', 'completions/mean_terminated_length': '8.5', 'completions/min_terminated_length': '4', 'completions/max_terminated_length': '15', 'rewards/r_cider/mean': '0.5546', 'rewards/r_cider/std': '0.4128', 'reward': '0.5546', 'reward_std': '0.4128', 'frac_reward_zero_std': '0', 'kl': '8.901e-06', 'entropy': '0.5678', 'clip_ratio/low_mean': '0', 'clip_ratio/low_min': '0', 'clip_ratio/high_mean': '0', 'clip_ratio/high_max': '0', 'clip_ratio/region_mean': '0', 'step_time': '138.2', 'epoch': '0.011'}
[cider] lần 3 · 16 câu · thưởng TB 0.011 · số từ TB 6.9 · rỗng 0
{'loss': '-0.1155', 'grad_norm': '1.445', 'learning_rate': '1e-05', 'num_tokens': '2.822e+05', 'completions/mean_length': '8.875', 'completions/min_length': '4', 'completions/max_length': '16', 'completions/clipped_ratio': '0', 'completions/mean_terminated_length': '8.875', 'completions/min_terminated_length': '4', 'completions/max_terminated_length': '16', 'rewards/r_cider/mean': '0.01078', 'rewards/r_cider/std': '0.01621', 'reward': '0.01078', 'reward_std': '0.01621', 'frac_reward_zero_std': '0', 'kl': '1.886e-05', 'entropy': '1.458', 'clip_ratio/low_mean': '0', 'clip_ratio/low_min': '0', 'clip_ratio/high_mean': '0', 'clip_ratio/high_max': '0', 'clip_ratio/region_mean': '0', 'step_time': '136.4', 'epoch': '0.012'}
[cider] lần 4 · 16 câu · thưởng TB 0.389 · số từ TB 7.1 · rỗng 0
{'loss': '0.1069', 'grad_norm': '0.6148', 'learning_rate': '1e-05', 'num_tokens': '3.051e+05', 'completions/mean_length': '8.25', 'completions/min_length': '5', 'completions/max_length': '19', 'completions/clipped_ratio': '0', 'completions/mean_terminated_length': '8.25', 'completions/min_terminated_length': '5', 'completions/max_terminated_length': '19', 'rewards/r_cider/mean': '0.3886', 'rewards/r_cider/std': '0.3013', 'reward': '0.3886', 'reward_std': '0.3013', 'frac_reward_zero_std': '0', 'kl': '1.771e-05', 'entropy': '0.6671', 'clip_ratio/low_mean': '0', 'clip_ratio/low_min': '0', 'clip_ratio/high_mean': '0', 'clip_ratio/high_max': '0', 'clip_ratio/region_mean': '0', 'step_time': '136', 'epoch': '0.013'}
[cider] lần 5 · 16 câu · thưởng TB 0.832 · số từ TB 6.1 · rỗng 0
{'loss': '0.1704', 'grad_norm': '0.699', 'learning_rate': '1e-05', 'num_tokens': '3.288e+05', 'completions/mean_length': '7.125', 'completions/min_length': '6', 'completions/max_length': '14', 'completions/clipped_ratio': '0', 'completions/mean_terminated_length': '7.125', 'completions/min_terminated_length': '6', 'completions/max_terminated_length': '14', 'rewards/r_cider/mean': '0.832', 'rewards/r_cider/std': '0.3043', 'reward': '0.832', 'reward_std': '0.3043', 'frac_reward_zero_std': '0.5', 'kl': '1.074e-05', 'entropy': '0.3554', 'clip_ratio/low_mean': '0', 'clip_ratio/low_min': '0', 'clip_ratio/high_mean': '0', 'clip_ratio/high_max': '0', 'clip_ratio/region_mean': '0', 'step_time': '134.7', 'epoch': '0.014'}
[cider] lần 6 · 16 câu · thưởng TB 0.447 · số từ TB 8.4 · rỗng 0
{'loss': '-0.07355', 'grad_norm': '0.5663', 'learning_rate': '1e-05', 'num_tokens': '3.53e+05', 'completions/mean_length': '10.5', 'completions/min_length': '6', 'completions/max_length': '20', 'completions/clipped_ratio': '0', 'completions/mean_terminated_length': '10.5', 'completions/min_terminated_length': '6', 'completions/max_terminated_length': '20', 'rewards/r_cider/mean': '0.4471', 'rewards/r_cider/std': '0.2264', 'reward': '0.4471', 'reward_std': '0.2264', 'frac_reward_zero_std': '0', 'kl': '8.298e-06', 'entropy': '0.4026', 'clip_ratio/low_mean': '0', 'clip_ratio/low_min': '0', 'clip_ratio/high_mean': '0', 'clip_ratio/high_max': '0', 'clip_ratio/region_mean': '0', 'step_time': '139.5', 'epoch': '0.015'}
[cider] lần 7 · 16 câu · thưởng TB 0.003 · số từ TB 6.5 · rỗng 0
{'loss': '0.1129', 'grad_norm': '1.059', 'learning_rate': '1e-05', 'num_tokens': '3.763e+05', 'completions/mean_length': '7.75', 'completions/min_length': '3', 'completions/max_length': '16', 'completions/clipped_ratio': '0', 'completions/mean_terminated_length': '7.75', 'completions/min_terminated_length': '3', 'completions/max_terminated_length': '16', 'rewards/r_cider/mean': '0.003336', 'rewards/r_cider/std': '0.06964', 'reward': '0.003336', 'reward_std': '0.06964', 'frac_reward_zero_std': '0', 'kl': '3.45e-05', 'entropy': '0.9754', 'clip_ratio/low_mean': '0', 'clip_ratio/low_min': '0', 'clip_ratio/high_mean': '0', 'clip_ratio/high_max': '0', 'clip_ratio/region_mean': '0', 'step_time': '136.6', 'epoch': '0.016'}
[cider] lần 8 · 16 câu · thưởng TB 0.517 · số từ TB 5.2 · rỗng 0
{'loss': '0.3016', 'grad_norm': '1.155', 'learning_rate': '1e-05', 'num_tokens': '3.995e+05', 'completions/mean_length': '7.125', 'completions/min_length': '4', 'completions/max_length': '17', 'completions/clipped_ratio': '0', 'completions/mean_terminated_length': '7.125', 'completions/min_terminated_length': '4', 'completions/max_terminated_length': '17', 'rewards/r_cider/mean': '0.5172', 'rewards/r_cider/std': '0.5089', 'reward': '0.5172', 'reward_std': '0.5089', 'frac_reward_zero_std': '0', 'kl': '1.236e-05', 'entropy': '0.3204', 'clip_ratio/low_mean': '0', 'clip_ratio/low_min': '0', 'clip_ratio/high_mean': '0', 'clip_ratio/high_max': '0', 'clip_ratio/region_mean': '0', 'step_time': '136.2', 'epoch': '0.017'}
[cider] lần 9 · 16 câu · thưởng TB 0.626 · số từ TB 6.6 · rỗng 0
{'loss': '-0.1628', 'grad_norm': '0.7206', 'learning_rate': '1e-05', 'num_tokens': '4.244e+05', 'completions/mean_length': '7.688', 'completions/min_length': '6', 'completions/max_length': '14', 'completions/clipped_ratio': '0', 'completions/mean_terminated_length': '7.688', 'completions/min_terminated_length': '6', 'completions/max_terminated_length': '14', 'rewards/r_cider/mean': '0.626', 'rewards/r_cider/std': '0.4986', 'reward': '0.626', 'reward_std': '0.4986', 'frac_reward_zero_std': '0.5', 'kl': '1.415e-05', 'entropy': '0.4756', 'clip_ratio/low_mean': '0', 'clip_ratio/low_min': '0', 'clip_ratio/high_mean': '0', 'clip_ratio/high_max': '0', 'clip_ratio/region_mean': '0', 'step_time': '137.6', 'epoch': '0.018'}
[cider] lần 10 · 16 câu · thưởng TB 0.300 · số từ TB 5.9 · rỗng 0
{'loss': '0.0258', 'grad_norm': '1.07', 'learning_rate': '1e-05', 'num_tokens': '4.476e+05', 'completions/mean_length': '7.562', 'completions/min_length': '3', 'completions/max_length': '14', 'completions/clipped_ratio': '0', 'completions/mean_terminated_length': '7.562', 'completions/min_terminated_length': '3', 'completions/max_terminated_length': '14', 'rewards/r_cider/mean': '0.3005', 'rewards/r_cider/std': '0.289', 'reward': '0.3005', 'reward_std': '0.289', 'frac_reward_zero_std': '0', 'kl': '2.05e-05', 'entropy': '0.6569', 'clip_ratio/low_mean': '0', 'clip_ratio/low_min': '0', 'clip_ratio/high_mean': '0', 'clip_ratio/high_max': '0', 'clip_ratio/region_mean': '0', 'step_time': '135.9', 'epoch': '0.019'}
[cider] lần 11 · 16 câu · thưởng TB 0.597 · số từ TB 6.2 · rỗng 0
{'loss': '0.1768', 'grad_norm': '0.8002', 'learning_rate': '1e-05', 'num_tokens': '4.711e+05', 'completions/mean_length': '7.688', 'completions/min_length': '6', 'completions/max_length': '14', 'completions/clipped_ratio': '0', 'completions/mean_terminated_length': '7.688', 'completions/min_terminated_length': '6', 'completions/max_terminated_length': '14', 'rewards/r_cider/mean': '0.5971', 'rewards/r_cider/std': '0.4759', 'reward': '0.5971', 'reward_std': '0.4759', 'frac_reward_zero_std': '0', 'kl': '2.14e-05', 'entropy': '0.5834', 'clip_ratio/low_mean': '0', 'clip_ratio/low_min': '0', 'clip_ratio/high_mean': '0', 'clip_ratio/high_max': '0', 'clip_ratio/region_mean': '0', 'step_time': '136.3', 'epoch': '0.02'}
[ctg_state] lưu /kaggle/working/p0_a3/checkpoint-20/ctg_state.json · λ {'scroll': 0.9120880000000001, 'type': 0.9843095999999998, 'navigate_back': 0.9682999999999999}
{'train_runtime': '1373', 'train_samples_per_second': '0.233', 'train_steps_per_second': '0.015', 'train_loss': '0.03452', 'epoch': '0.02'}
[xong] 10 bước · 22.9 phút · 137.4 s/bước · đỉnh VRAM 11.86 GiB · λ cuối {'scroll': 0.9120880000000001, 'type': 0.9843095999999998, 'navigate_back': 0.9682999999999999}
