THR=2.9
   nguoi      4448    9.53       89.39       74.33     75.76
   S1         4448    6.81       92.41       56.74     59.17
   CE2        4448    6.54       90.03       57.30     59.44
   nguoi vs S1: Delta ment=+2.72 pp  Delta exec|ment-khong (S1)=+35.67 pp  tran suy ra=+0.97 pp
   nguoi vs CE2: Delta ment=+2.99 pp  Delta exec|ment-khong (CE2)=+32.73 pp  tran suy ra=+0.98 pp
THR=2.5
   nguoi      4448    9.85       88.58       74.36     75.76
   S1         4448    7.15       91.19       56.71     59.17
   CE2        4448    6.95       88.67       57.26     59.44
   nguoi vs S1: Delta ment=+2.70 pp  Delta exec|ment-khong (S1)=+34.49 pp  tran suy ra=+0.93 pp
   nguoi vs CE2: Delta ment=+2.90 pp  Delta exec|ment-khong (CE2)=+31.41 pp  tran suy ra=+0.91 pp
THR=2.0
   nguoi      4448   21.27       83.83       73.59     75.76
   S1         4448   17.90       84.67       53.61     59.17
   CE2        4448   18.14       83.89       54.02     59.44
   nguoi vs S1: Delta ment=+3.37 pp  Delta exec|ment-khong (S1)=+31.06 pp  tran suy ra=+1.05 pp
   nguoi vs CE2: Delta ment=+3.12 pp  Delta exec|ment-khong (CE2)=+29.87 pp  tran suy ra=+0.93 pp
THR=1.5
   nguoi      4448   27.81       83.99       72.59     75.76
   S1         4448   22.19       84.70       51.89     59.17
   CE2        4448   22.41       83.75       52.42     59.44
   nguoi vs S1: Delta ment=+5.62 pp  Delta exec|ment-khong (S1)=+32.81 pp  tran suy ra=+1.84 pp
   nguoi vs CE2: Delta ment=+5.40 pp  Delta exec|ment-khong (CE2)=+31.33 pp  tran suy ra=+1.69 pp
THR=1.0
   nguoi      4448   36.69       83.58       71.24     75.76
   S1         4448   30.26       84.40       48.23     59.17
   CE2        4448   31.14       84.40       48.16     59.44
   nguoi vs S1: Delta ment=+6.43 pp  Delta exec|ment-khong (S1)=+36.17 pp  tran suy ra=+2.33 pp
   nguoi vs CE2: Delta ment=+5.55 pp  Delta exec|ment-khong (CE2)=+36.25 pp  tran suy ra=+2.01 pp
THR=0.5
   nguoi      4448   41.91       82.73       70.74     75.76
   S1         4448   34.49       82.66       46.81     59.17
   CE2        4448   35.05       83.39       46.52     59.44
   nguoi vs S1: Delta ment=+7.42 pp  Delta exec|ment-khong (S1)=+35.85 pp  tran suy ra=+2.66 pp
   nguoi vs CE2: Delta ment=+6.86 pp  Delta exec|ment-khong (CE2)=+36.87 pp  tran suy ra=+2.53 pp
THR=0.01
   nguoi      4448   44.18       83.00       70.04     75.76
   S1         4448   36.38       81.83       46.22     59.17
   CE2        4448   36.74       83.29       45.59     59.44
   nguoi vs S1: Delta ment=+7.80 pp  Delta exec|ment-khong (S1)=+35.61 pp  tran suy ra=+2.78 pp
   nguoi vs CE2: Delta ment=+7.44 pp  Delta exec|ment-khong (CE2)=+37.70 pp  tran suy ra=+2.81 pp
