==============================================================
GOP nut long nhau   N = 4448   target bi gop mat: 0
Universe: trung binh 31.2 ung vien/man, max 162
  m2_loose        3975  =  89.37%
  m2_strict       4048  =  91.01%
  m3_strict       4435  =  99.71%
  m3_practical    4448  = 100.00%
  --- hieu so (diem) ---
  m3_strict - m2_loose   = +10.34
  m3_strict - m2_strict  = +8.70
  m3_practical - m2_loose   = +10.63
  m3_practical - m2_strict  = +8.99
  IA dung o thuoc tinh nao (practical): name=3047, anchor=511, role=375, extremum=301, zone=201, ordinal=13

==============================================================
KHONG gop (tho)   N = 4448   target bi gop mat: 0
Universe: trung binh 86.3 ung vien/man, max 269
  m2_loose        3512  =  78.96%
  m2_strict       3596  =  80.85%
  m3_strict       4223  =  94.94%
  m3_practical    4430  =  99.60%
  --- hieu so (diem) ---
  m3_strict - m2_loose   = +15.98
  m3_strict - m2_strict  = +14.10
  m3_practical - m2_loose   = +20.64
  m3_practical - m2_strict  = +18.75
  IA dung o thuoc tinh nao (practical): name=2642, extremum=662, anchor=538, role=262, ordinal=207, zone=119


real	0m24.805s
user	0m24.273s
sys	0m0.190s
