KHOP MEM (F1 theo tu + stem) - so voi KHOP NGUYEN VAN cua M7

nhanh               ky hieu dung       r      (M7: dung / r)
nguoi / dich day          44.18%   0.169    (39.01% / 0.191)
S1                        36.38%   0.282    (33.16% / 0.269)
duong ong                 37.86%   0.293    (34.76% / 0.307)

Phi-4 dung | ky hieu noi duy nhat vs mo ho:
  nguoi / dich day   duy nhat 67.33% (n=1965)   mo ho 45.47% (n=2483)   chenh +21.86
  S1                 duy nhat 65.33% (n=1618)   mo ho 33.04% (n=2830)   chenh +32.29
  duong ong          duy nhat 65.50% (n=1684)   mo ho 34.01% (n=2764)   chenh +31.49

Phi-4 dung theo nguu phan vi bien do mem (co don dieu chua?):
  --- nguoi / dich day ---
    ngu phan 1  bien do [-3.00 .. -0.75]   Phi-4  47.36%   n=889
    ngu phan 2  bien do [-0.75 .. +0.00]   Phi-4  44.04%   n=890
    ngu phan 3  bien do [+0.00 .. +0.64]   Phi-4  49.04%   n=889
    ngu phan 4  bien do [+0.64 .. +2.00]   Phi-4  67.19%   n=890
    ngu phan 5  bien do [+2.00 .. +3.00]   Phi-4  67.98%   n=890
  --- S1 ---
    ngu phan 1  bien do [-3.00 .. -1.20]   Phi-4  31.38%   n=889
    ngu phan 2  bien do [-1.20 .. +0.00]   Phi-4  34.16%   n=890
    ngu phan 3  bien do [+0.00 .. +0.00]   Phi-4  32.51%   n=889
    ngu phan 4  bien do [+0.00 .. +1.50]   Phi-4  57.87%   n=890
    ngu phan 5  bien do [+1.50 .. +3.00]   Phi-4  67.98%   n=890
  --- duong ong ---
    ngu phan 1  bien do [-3.00 .. -1.50]   Phi-4  29.13%   n=889
    ngu phan 2  bien do [-1.50 .. +0.00]   Phi-4  35.28%   n=890
    ngu phan 3  bien do [+0.00 .. +0.00]   Phi-4  37.68%   n=889
    ngu phan 4  bien do [+0.00 .. +1.50]   Phi-4  59.66%   n=890
    ngu phan 5  bien do [+1.50 .. +3.00]   Phi-4  67.87%   n=890

real	0m16.807s
user	0m16.100s
sys	0m0.220s
