[dữ liệu] val lớn · 1002 bước click · thiếu OCR 0 · thiếu ảnh 0 · câu nhắc lệch p1_val_rows 0
Warning: You are sending unauthenticated requests to the HF Hub. Please set a HF_TOKEN to enable higher rate limits and faster downloads.
[nạp] /kaggle/working/s1_merged · dtype torch.float16 · 4-bit False · Tesla T4
[điểm lưu] /kaggle/input/datasets/uyenle0712/sang289-spicea/tiep_spicea_101/checkpoint-250
[nối tiếp] đã có 0/1002
/usr/local/lib/python3.13/dist-packages/transformers/models/qwen2_vl/image_processing_qwen2_vl.py:129: FutureWarning: Passing `min_pixels` and `max_pixels` to a processor call is deprecated and will be removed in v5.23. Pass in `size={'longest_edge': xxx, 'shortest_edge': xxx} to override the target size.`
  warnings.warn(
  50/1002 · 2.2 phút · 2.58 s/câu · 'Click on Recording 4.'
  100/1002 · 4.4 phút · 2.64 s/câu · 'Click on the Riu Plaza Berlin Hotel to view the details of t'
  150/1002 · 6.5 phút · 2.61 s/câu · 'Click on the Space name tab.'
  200/1002 · 8.7 phút · 2.62 s/câu · 'Click on the tick icon'
  250/1002 · 11.0 phút · 2.64 s/câu · 'Click on the Reviews option'
  300/1002 · 13.3 phút · 2.67 s/câu · 'Click on the General Settings'
  350/1002 · 15.7 phút · 2.69 s/câu · 'Click on the send icon.'
  400/1002 · 17.9 phút · 2.69 s/câu · 'Click on the Upload photo tab.'
  450/1002 · 20.1 phút · 2.67 s/câu · 'Click on the menu icon at the top left corner of the screen'
  500/1002 · 22.3 phút · 2.67 s/câu · 'Click on the + icon of the adults section twice.'
  550/1002 · 24.5 phút · 2.67 s/câu · 'Click on the Add(2) button at the bottom right corner of the'
  600/1002 · 26.7 phút · 2.67 s/câu · 'Click on the search bar at the top of the screen'
  650/1002 · 28.9 phút · 2.67 s/câu · 'Click on the Select size tab of the screen'
  700/1002 · 31.1 phút · 2.67 s/câu · 'Click on the map'
  750/1002 · 33.2 phút · 2.66 s/câu · 'Click on the right arrow key at the bottom right corner of t'
  800/1002 · 35.4 phút · 2.66 s/câu · 'Click on the search bar at the top of the screen to search f'
  850/1002 · 37.7 phút · 2.66 s/câu · 'Select the leaf option'
  900/1002 · 39.8 phút · 2.65 s/câu · 'click on the Restore option'
  950/1002 · 42.1 phút · 2.66 s/câu · 'Click on set goal at the bottom of the screen.'
  1000/1002 · 44.4 phút · 2.67 s/câu · 'Go back.'
[xong] 1002 câu · rỗng 0
[so pred_ck500_c1.jsonl] 188/249 câu trùng
