[{"stream_name":"stderr","time":7.741271616,"data":"0.00s - Debugger warning: It seems that frozen modules are being used, which may\n"}
,{"stream_name":"stderr","time":7.741311982,"data":"0.00s - make the debugger miss breakpoints. Please pass -Xfrozen_modules=off\n"}
,{"stream_name":"stderr","time":7.741328041,"data":"0.00s - to python to disable frozen modules.\n"}
,{"stream_name":"stderr","time":7.741333051,"data":"0.00s - Note: Debugging will proceed. Set PYDEVD_DISABLE_FILE_VALIDATION=1 to disable this validation.\n"}
,{"stream_name":"stderr","time":8.356066437,"data":"0.00s - Debugger warning: It seems that frozen modules are being used, which may\n"}
,{"stream_name":"stderr","time":8.356094294,"data":"0.00s - make the debugger miss breakpoints. Please pass -Xfrozen_modules=off\n"}
,{"stream_name":"stderr","time":8.356099406,"data":"0.00s - to python to disable frozen modules.\n"}
,{"stream_name":"stderr","time":8.356103329,"data":"0.00s - Note: Debugging will proceed. Set PYDEVD_DISABLE_FILE_VALIDATION=1 to disable this validation.\n"}
,{"stream_name":"stdout","time":33.780548379,"data":"   ━━━━━━━━━━━━━━━━━━━━━━━━━━━━━━━━━━━━━━━━ 43.1/43.1 MB 50.8 MB/s eta 0:00:00\n"}
,{"stream_name":"stdout","time":33.78058703,"data":"   ━━━━━━━━━━━━━━━━━━━━━━━━━━━━━━━━━━━━━━━━ 104.3/104.3 MB 19.7 MB/s eta 0:00:00\n"}
,{"stream_name":"stdout","time":33.780590971,"data":"   ━━━━━━━━━━━━━━━━━━━━━━━━━━━━━━━━━━━━━━━━ 846.4/846.4 kB 29.4 MB/s eta 0:00:00\n"}
,{"stream_name":"stdout","time":33.780593834,"data":"\n"}
,{"stream_name":"stdout","time":34.980002825,"data":"\n"}
,{"stream_name":"stdout","time":75.04914494,"data":"0.29.1 5.18.0 0.21.1 2.11.0+cu128\n"}
,{"stream_name":"stdout","time":75.049180889,"data":"\n"}
,{"stream_name":"stdout","time":75.085069392,"data":"GPU: 2 × T4\n"}
,{"stream_name":"stdout","time":83.152352665,"data":"[dựng] /kaggle/working/valdata: 1567 bước · 1002 click · thiếu ảnh click 0\n"}
,{"stream_name":"stdout","time":83.152382991,"data":"\n"}
,{"stream_name":"stdout","time":179.609966224,"data":"[hoà] xong → /kaggle/working/s1_merged · dtype torch.float16\n"}
,{"stream_name":"stdout","time":179.60999961,"data":"Warning: You are sending unauthenticated requests to the HF Hub. Please set a HF_TOKEN to enable higher rate limits and faster downloads.\n"}
,{"stream_name":"stdout","time":179.610005694,"data":"\n"}
,{"stream_name":"stderr","time":180.157304082,"data":"Warning: You are sending unauthenticated requests to the HF Hub. Please set a HF_TOKEN to enable higher rate limits and faster downloads.\n"}
,{"stream_name":"stderr","time":180.157329047,"data":"\n"}
,{"stream_name":"stderr","time":180.157341825,"data":"Warning: You are sending unauthenticated requests to the HF Hub. Please set a HF_TOKEN to enable higher rate limits and faster downloads.\n"}
,{"stream_name":"stdout","time":225.958989884,"data":"UGround: /root/.cache/huggingface/hub/models--osunlp--UGround-V1-2B/snapshots/ea7109f9573e5d8ee5170e425bd1fd73f2020e06\n"}
,{"stream_name":"stdout","time":235.913070099,"data":"val lớn: 1002 click · cây trợ năng 1002 · rỗng nút 0\n"}
,{"stream_name":"stdout","time":239.91846051,"data":"SRC /kaggle/input/datasets/uyenle0712/cham288-script \n"}
,{"stream_name":"stdout","time":239.91850812,"data":"BUNDLE /kaggle/input/datasets/uyenle0712/fgrb-p1-bundle/fgrb_p1_bundle \n"}
,{"stream_name":"stdout","time":239.918514614,"data":"VAL /kaggle/input/datasets/uyenle0712/thesis-val-cham/thesis_val_cham \n"}
,{"stream_name":"stdout","time":239.918552096,"data":"ck500 /kaggle/input/datasets/uyenle0712/grpo-spice-ck500\n"}
,{"stream_name":"stdout","time":269.937829155,"data":"   0.01 h · GPU0 · kiem_cham20.log · Warning: You are sending unauthenticated requests to the HF Hub. Please set a HF_TOKEN to enable hig\n"}
,{"stream_name":"stdout","time":299.936683976,"data":"   0.02 h · GPU0 · kiem_cham20.log · Warning: You are sending unauthenticated requests to the HF Hub. Please set a HF_TOKEN to enable hig\n"}
,{"stream_name":"stdout","time":329.94003047,"data":"   0.03 h · GPU0 · kiem_cham20.log · Warning: You are sending unauthenticated requests to the HF Hub. Please set a HF_TOKEN to enable hig\n"}
,{"stream_name":"stdout","time":359.939717449,"data":"   0.03 h · GPU0 · kiem_cham20.log · /kaggle/working/kiem/score_kiem20_raw.jsonl  (20 bước — đổi luật chấm hay thêm lát cắt thì chấm lại \n"}
,{"stream_name":"stdout","time":359.942679285,"data":"--- kiem_cham20.log · mã thoát 0 ---\n"}
,{"stream_name":"stdout","time":359.942696645,"data":"  ô-Voronoi tâm (headline):  85.0%   KTC95 [68.4%, 100.0%]\n"}
,{"stream_name":"stdout","time":359.942700296,"data":"  đĩa dung sai (báo kèm) :  85.0%   KTC95 [68.4%, 100.0%]\n"}
,{"stream_name":"stdout","time":359.942703335,"data":"  cụm: 19 (hiệu dụng 18.2)\n"}
,{"stream_name":"stdout","time":359.942706418,"data":"\n"}
,{"stream_name":"stdout","time":359.942709124,"data":"Đã lưu /kaggle/working/kiem/score_kiem20.json\n"}
,{"stream_name":"stdout","time":359.942711978,"data":"         /kaggle/working/kiem/score_kiem20_raw.jsonl  (20 bước — đổi luật chấm hay thêm lát cắt thì chấm lại từ tệp này, KHÔNG gọi lại bộ trỏ)\n"}
,{"stream_name":"stdout","time":359.942715354,"data":"\n"}
,{"stream_name":"stdout","time":359.960162913,"data":"[kiểm chấm] 20/20 câu ck500 trùng tệp thô C1\n"}
,{"stream_name":"stdout","time":362.674878099,"data":"tspicea /kaggle/input/datasets/uyenle0712/sang289-spicea/tiep_spicea_101/checkpoint-250 f9ab8f69f20901860315b56f716d8298\n"}
,{"stream_name":"stdout","time":362.674920633,"data":"tệp thô để gieo: ['/kaggle/input/datasets/uyenle0712/cham288-script/score_s1_c1_raw.jsonl', '/kaggle/input/datasets/uyenle0712/cham288-script/score_ck500_c1_raw.jsonl', '/kaggle/input/datasets/uyenle0712/vallon289-goc/score_S1_vallon_raw.jsonl', '/kaggle/input/datasets/uyenle0712/vallon289-goc/score_ck500_vallon_raw.jsonl']\n"}
,{"stream_name":"stdout","time":482.702676051,"data":"   0.03 h · GPU0 · gen_tspicea_vallon.log · warnings.warn(\n"}
,{"stream_name":"stdout","time":602.700968104,"data":"   0.07 h · GPU0 · gen_tspicea_vallon.log · 50/1002 · 2.2 phút · 2.58 s/câu · 'Click on Recording 4.'\n"}
,{"stream_name":"stdout","time":722.70235337,"data":"   0.10 h · GPU0 · gen_tspicea_vallon.log · 100/1002 · 4.4 phút · 2.64 s/câu · 'Click on the Riu Plaza Berlin Hotel to view the details of t'\n"}
,{"stream_name":"stdout","time":842.704862467,"data":"   0.13 h · GPU0 · gen_tspicea_vallon.log · 150/1002 · 6.5 phút · 2.61 s/câu · 'Click on the Space name tab.'\n"}
,{"stream_name":"stdout","time":962.706623556,"data":"   0.17 h · GPU0 · gen_tspicea_vallon.log · 200/1002 · 8.7 phút · 2.62 s/câu · 'Click on the tick icon'\n"}
,{"stream_name":"stdout","time":1082.706587348,"data":"   0.20 h · GPU0 · gen_tspicea_vallon.log · 250/1002 · 11.0 phút · 2.64 s/câu · 'Click on the Reviews option'\n"}
,{"stream_name":"stdout","time":1202.7077347,"data":"   0.23 h · GPU0 · gen_tspicea_vallon.log · 250/1002 · 11.0 phút · 2.64 s/câu · 'Click on the Reviews option'\n"}
,{"stream_name":"stdout","time":1322.709035045,"data":"   0.27 h · GPU0 · gen_tspicea_vallon.log · 300/1002 · 13.3 phút · 2.67 s/câu · 'Click on the General Settings'\n"}
,{"stream_name":"stdout","time":1442.711469808,"data":"   0.30 h · GPU0 · gen_tspicea_vallon.log · 350/1002 · 15.7 phút · 2.69 s/câu · 'Click on the send icon.'\n"}
,{"stream_name":"stdout","time":1562.711613908,"data":"   0.33 h · GPU0 · gen_tspicea_vallon.log · 400/1002 · 17.9 phút · 2.69 s/câu · 'Click on the Upload photo tab.'\n"}
,{"stream_name":"stdout","time":1682.714794036,"data":"   0.37 h · GPU0 · gen_tspicea_vallon.log · 450/1002 · 20.1 phút · 2.67 s/câu · 'Click on the menu icon at the top left corner of the screen'\n"}
,{"stream_name":"stdout","time":1802.71458946,"data":"   0.40 h · GPU0 · gen_tspicea_vallon.log · 500/1002 · 22.3 phút · 2.67 s/câu · 'Click on the + icon of the adults section twice.'\n"}
,{"stream_name":"stdout","time":1922.716401189,"data":"   0.43 h · GPU0 · gen_tspicea_vallon.log · 550/1002 · 24.5 phút · 2.67 s/câu · 'Click on the Add(2) button at the bottom right corner of the'\n"}
,{"stream_name":"stdout","time":2042.718233614,"data":"   0.47 h · GPU0 · gen_tspicea_vallon.log · 600/1002 · 26.7 phút · 2.67 s/câu · 'Click on the search bar at the top of the screen'\n"}
,{"stream_name":"stdout","time":2162.720830024,"data":"   0.50 h · GPU0 · gen_tspicea_vallon.log · 650/1002 · 28.9 phút · 2.67 s/câu · 'Click on the Select size tab of the screen'\n"}
,{"stream_name":"stdout","time":2282.723439123,"data":"   0.53 h · GPU0 · gen_tspicea_vallon.log · 700/1002 · 31.1 phút · 2.67 s/câu · 'Click on the map'\n"}
,{"stream_name":"stdout","time":2402.722635577,"data":"   0.57 h · GPU0 · gen_tspicea_vallon.log · 750/1002 · 33.2 phút · 2.66 s/câu · 'Click on the right arrow key at the bottom right corner of t'\n"}
,{"stream_name":"stdout","time":2522.725626222,"data":"   0.60 h · GPU0 · gen_tspicea_vallon.log · 750/1002 · 33.2 phút · 2.66 s/câu · 'Click on the right arrow key at the bottom right corner of t'\n"}
,{"stream_name":"stdout","time":2642.728801019,"data":"   0.63 h · GPU0 · gen_tspicea_vallon.log · 800/1002 · 35.4 phút · 2.66 s/câu · 'Click on the search bar at the top of the screen to search f'\n"}
,{"stream_name":"stdout","time":2762.726526567,"data":"   0.67 h · GPU0 · gen_tspicea_vallon.log · 850/1002 · 37.7 phút · 2.66 s/câu · 'Select the leaf option'\n"}
,{"stream_name":"stdout","time":2882.729230764,"data":"   0.70 h · GPU0 · gen_tspicea_vallon.log · 900/1002 · 39.8 phút · 2.65 s/câu · 'click on the Restore option'\n"}
,{"stream_name":"stdout","time":3002.731049059,"data":"   0.73 h · GPU0 · gen_tspicea_vallon.log · 950/1002 · 42.1 phút · 2.66 s/câu · 'Click on set goal at the bottom of the screen.'\n"}
,{"stream_name":"stdout","time":3122.731102219,"data":"   0.77 h · GPU0 · gen_tspicea_vallon.log · [so pred_ck500_c1.jsonl] 188/249 câu trùng\n"}
,{"stream_name":"stdout","time":3122.731943769,"data":"--- gen_tspicea_vallon.log · mã thoát 0 ---\n"}
,{"stream_name":"stdout","time":3122.731960378,"data":"  850/1002 · 37.7 phút · 2.66 s/câu · 'Select the leaf option'\n"}
,{"stream_name":"stdout","time":3122.73196617,"data":"  900/1002 · 39.8 phút · 2.65 s/câu · 'click on the Restore option'\n"}
,{"stream_name":"stdout","time":3122.731971561,"data":"  950/1002 · 42.1 phút · 2.66 s/câu · 'Click on set goal at the bottom of the screen.'\n"}
,{"stream_name":"stdout","time":3122.73197653,"data":"  1000/1002 · 44.4 phút · 2.67 s/câu · 'Go back.'\n"}
,{"stream_name":"stdout","time":3122.731981513,"data":"[xong] 1002 câu · rỗng 0\n"}
,{"stream_name":"stdout","time":3122.731985896,"data":"[so pred_ck500_c1.jsonl] 188/249 câu trùng\n"}
,{"stream_name":"stdout","time":3122.731990314,"data":"\n"}
,{"stream_name":"stdout","time":3123.03420068,"data":"[gieo] 821/1002 bước chép từ tệp thô cũ · còn phải chấm 181 câu → /kaggle/working/score_tspicea_vallon_raw.jsonl\n"}
,{"stream_name":"stdout","time":3123.034279758,"data":"\n"}
,{"stream_name":"stdout","time":3243.041050818,"data":"   0.03 h · GPU0 · cham_tspicea_vallon.log · [07:05:52] 838/1002 = 83.6% · 0.25 bước/giây · còn ~11 phút\n"}
,{"stream_name":"stdout","time":3363.043268564,"data":"   0.07 h · GPU0 · cham_tspicea_vallon.log · [07:05:52] 838/1002 = 83.6% · 0.25 bước/giây · còn ~11 phút\n"}
,{"stream_name":"stdout","time":3483.042842728,"data":"   0.10 h · GPU0 · cham_tspicea_vallon.log · [07:10:06] 903/1002 = 90.1% · 0.25 bước/giây · còn ~6 phút\n"}
,{"stream_name":"stdout","time":3603.044182469,"data":"   0.13 h · GPU0 · cham_tspicea_vallon.log · [07:11:56] 931/1002 = 92.9% · 0.25 bước/giây · còn ~5 phút\n"}
,{"stream_name":"stdout","time":3723.045672364,"data":"   0.17 h · GPU0 · cham_tspicea_vallon.log · [07:12:51] 945/1002 = 94.3% · 0.25 bước/giây · còn ~4 phút\n"}
,{"stream_name":"stdout","time":3843.046557971,"data":"   0.20 h · GPU0 · cham_tspicea_vallon.log · [07:14:45] 974/1002 = 97.2% · 0.25 bước/giây · còn ~2 phút\n"}
,{"stream_name":"stdout","time":3963.050158348,"data":"   0.23 h · GPU0 · cham_tspicea_vallon.log · /kaggle/working/score_tspicea_vallon_raw.jsonl  (1002 bước — đổi luật chấm hay thêm lát cắt thì chấm\n"}
,{"stream_name":"stdout","time":3963.051420146,"data":"--- cham_tspicea_vallon.log · mã thoát 0 ---\n"}
,{"stream_name":"stdout","time":3963.051443924,"data":"  ô-Voronoi tâm (headline):  63.2%   KTC95 [59.4%, 66.9%]\n"}
,{"stream_name":"stdout","time":3963.051449067,"data":"  đĩa dung sai (báo kèm) :  70.9%   KTC95 [66.9%, 74.5%]\n"}
,{"stream_name":"stdout","time":3963.051453576,"data":"  cụm: 330 (hiệu dụng 202.7)\n"}
,{"stream_name":"stdout","time":3963.051458174,"data":"\n"}
,{"stream_name":"stdout","time":3963.051462816,"data":"Đã lưu /kaggle/working/score_tspicea_vallon.json\n"}
,{"stream_name":"stdout","time":3963.051467989,"data":"         /kaggle/working/score_tspicea_vallon_raw.jsonl  (1002 bước — đổi luật chấm hay thêm lát cắt thì chấm lại từ tệp này, KHÔNG gọi lại bộ trỏ)\n"}
,{"stream_name":"stdout","time":3963.051474426,"data":"\n"}
,{"stream_name":"stdout","time":3963.057872632,"data":"== tspicea: 1002 dòng thô · 1002 bước · exec 633/1002 · 1.10 h\n"}
,{"stream_name":"stdout","time":3963.059688418,"data":"LỖI: không\n"}
,{"stream_name":"stdout","time":3963.155875836,"data":"cham_tspicea_vallon.log\n"}
,{"stream_name":"stdout","time":3963.155904642,"data":"gen_tspicea_vallon.log\n"}
,{"stream_name":"stdout","time":3963.155908697,"data":"kiem/score_kiem20.json\n"}
,{"stream_name":"stdout","time":3963.155911852,"data":"kiem/score_kiem20_raw.jsonl\n"}
,{"stream_name":"stdout","time":3963.15591511,"data":"kiem_cham20.log\n"}
,{"stream_name":"stdout","time":3963.155918018,"data":"pred_tspicea_vallon.jsonl\n"}
,{"stream_name":"stdout","time":3963.15592088,"data":"score_tspicea_vallon.json\n"}
,{"stream_name":"stdout","time":3963.155923753,"data":"score_tspicea_vallon_raw.jsonl\n"}
,{"stream_name":"stdout","time":3963.155926629,"data":"zip: 58643 byte · 1.10 h\n"}
,{"stream_name":"stdout","time":3976.422113671,"data":"exec val lớn (1.002 bước): S1 62.18 · ck500 63.37 · tspicea 63.17\n"}
,{"stream_name":"stdout","time":3977.327487797,"data":"  tspicea − ck500: Δ -0.20 điểm · KTC95 [-1.19; +0.80] · cứu 12 · phá 14\n"}
,{"stream_name":"stdout","time":3978.195712367,"data":"  tspicea − S1   : Δ +1.00 điểm · KTC95 [-0.58; +2.64] · cứu 38 · phá 28\n"}
,{"stream_name":"stdout","time":3978.196757215,"data":"======================================================================\n"}
,{"stream_name":"stdout","time":3978.196780626,"data":"⛔ XẤU — tspicea không hơn ck500 (-0.20 điểm)\n"}
,{"stream_name":"stdout","time":3978.196786163,"data":"   (số val, chỉ để sàng — không trích ra báo)\n"}
,{"stream_name":"stdout","time":3978.19679016,"data":"======================================================================\n"}
,{"stream_name":"stderr","time":3981.64904655,"data":"/usr/local/lib/python3.13/dist-packages/mistune.py:435: SyntaxWarning: invalid escape sequence '\\|'\n"}
,{"stream_name":"stderr","time":3981.64907281,"data":"  cells[i][c] = re.sub('\\\\\\\\\\|', '|', cell)\n"}
,{"stream_name":"stderr","time":3981.882273396,"data":"/usr/local/lib/python3.13/dist-packages/nbconvert/filters/filter_links.py:36: SyntaxWarning: invalid escape sequence '\\_'\n"}
,{"stream_name":"stderr","time":3981.882298344,"data":"  text = re.sub(r'_', '\\_', text) # Escape underscores in display text\n"}
,{"stream_name":"stderr","time":3982.692414355,"data":"[NbConvertApp] Converting notebook __notebook__.ipynb to notebook\n"}
,{"stream_name":"stderr","time":3982.78330447,"data":"[NbConvertApp] Writing 87058 bytes to __notebook__.ipynb\n"}
,{"stream_name":"stderr","time":3985.252872174,"data":"[NbConvertApp] Converting notebook __notebook__.ipynb to html\n"}
,{"stream_name":"stderr","time":3986.024536285,"data":"[NbConvertApp] Writing 411493 bytes to __results__.html\n"}
]