[dữ liệu] /kaggle/working/ra_data/train_cont.jsonl · 3991 hàng · 250 bước tối ưu × lô 16 · lr 2e-05
[nạp] /kaggle/working/s1_merged · dtype torch.float16 · 4-bit True · Tesla T4
[adapter] /kaggle/input/datasets/trangphngngc/grpo-spice-ck500 · tham số học 14,966,784 (ck500 14,966,784) · dtype tính torch.float16
/usr/local/lib/python3.13/dist-packages/transformers/models/qwen2_vl/image_processing_qwen2_vl.py:129: FutureWarning: Passing `min_pixels` and `max_pixels` to a processor call is deprecated and will be removed in v5.23. Pass in `size={'longest_edge': xxx, 'shortest_edge': xxx} to override the target size.`
  warnings.warn(
[kiểm nhãn] mẫu đầu: 1446 token, tính loss 5 token: 'go back to settings<|im_end|>' · đích 'go back to settings'
  bước 1/250 · loss 0.5506 · |g| 1.851 · lr 4.00e-06 · 91.3 s/bước · VRAM 6.2 GiB
  bước 5/250 · loss 0.5377 · |g| 2.326 · lr 1.20e-05 · 94.7 s/bước · VRAM 6.4 GiB
  bước 10/250 · loss 0.4501 · |g| 1.700 · lr 2.00e-05 · 95.7 s/bước · VRAM 6.7 GiB
  bước 15/250 · loss 0.6426 · |g| 2.097 · lr 2.00e-05 · 96.1 s/bước · VRAM 6.7 GiB
  bước 20/250 · loss 0.5461 · |g| 1.035 · lr 1.99e-05 · 96.2 s/bước · VRAM 6.7 GiB
  bước 25/250 · loss 0.4391 · |g| 0.915 · lr 1.98e-05 · 96.3 s/bước · VRAM 6.7 GiB
  bước 30/250 · loss 0.5395 · |g| 1.051 · lr 1.97e-05 · 96.4 s/bước · VRAM 6.7 GiB
  bước 35/250 · loss 0.5141 · |g| 1.155 · lr 1.95e-05 · 96.4 s/bước · VRAM 6.7 GiB
  bước 40/250 · loss 0.4854 · |g| 1.122 · lr 1.92e-05 · 96.4 s/bước · VRAM 6.7 GiB
  bước 45/250 · loss 0.4672 · |g| 1.115 · lr 1.90e-05 · 96.4 s/bước · VRAM 6.7 GiB
  bước 50/250 · loss 0.5076 · |g| 1.110 · lr 1.87e-05 · 96.4 s/bước · VRAM 6.7 GiB
  bước 55/250 · loss 0.5292 · |g| 0.763 · lr 1.83e-05 · 96.4 s/bước · VRAM 6.7 GiB
  bước 60/250 · loss 0.4765 · |g| 1.197 · lr 1.79e-05 · 96.4 s/bước · VRAM 6.7 GiB
  bước 65/250 · loss 0.5541 · |g| 1.092 · lr 1.75e-05 · 96.4 s/bước · VRAM 6.7 GiB
  bước 70/250 · loss 0.4306 · |g| 0.692 · lr 1.71e-05 · 96.5 s/bước · VRAM 6.7 GiB
  bước 75/250 · loss 0.6050 · |g| 1.235 · lr 1.66e-05 · 96.5 s/bước · VRAM 6.7 GiB
  bước 80/250 · loss 0.4549 · |g| 3.932 · lr 1.61e-05 · 96.5 s/bước · VRAM 6.7 GiB
  bước 85/250 · loss 0.3747 · |g| 1.047 · lr 1.56e-05 · 96.5 s/bước · VRAM 6.7 GiB
  bước 90/250 · loss 0.5026 · |g| 1.004 · lr 1.50e-05 · 96.5 s/bước · VRAM 6.7 GiB
  bước 95/250 · loss 0.4600 · |g| 0.927 · lr 1.44e-05 · 96.5 s/bước · VRAM 6.7 GiB
  bước 100/250 · loss 0.5088 · |g| 1.043 · lr 1.38e-05 · 96.5 s/bước · VRAM 6.8 GiB
  bước 105/250 · loss 0.5269 · |g| 1.085 · lr 1.32e-05 · 96.5 s/bước · VRAM 6.8 GiB
  bước 110/250 · loss 0.4237 · |g| 1.165 · lr 1.26e-05 · 96.5 s/bước · VRAM 6.8 GiB
  bước 115/250 · loss 0.3984 · |g| 0.848 · lr 1.20e-05 · 96.5 s/bước · VRAM 6.8 GiB
  bước 120/250 · loss 0.4854 · |g| 0.865 · lr 1.13e-05 · 96.5 s/bước · VRAM 6.8 GiB
  bước 125/250 · loss 0.4641 · |g| 0.825 · lr 1.07e-05 · 96.5 s/bước · VRAM 6.8 GiB
  bước 130/250 · loss 0.4299 · |g| 0.860 · lr 1.00e-05 · 96.5 s/bước · VRAM 6.8 GiB
  bước 135/250 · loss 0.4081 · |g| 0.746 · lr 9.35e-06 · 96.5 s/bước · VRAM 6.8 GiB
  bước 140/250 · loss 0.5612 · |g| 0.950 · lr 8.69e-06 · 96.5 s/bước · VRAM 6.8 GiB
  bước 145/250 · loss 0.4344 · |g| 1.210 · lr 8.05e-06 · 96.5 s/bước · VRAM 6.8 GiB
  bước 150/250 · loss 0.4870 · |g| 1.115 · lr 7.41e-06 · 96.5 s/bước · VRAM 6.8 GiB
  bước 155/250 · loss 0.4840 · |g| 1.050 · lr 6.79e-06 · 96.5 s/bước · VRAM 6.8 GiB
  bước 160/250 · loss 0.4378 · |g| 0.649 · lr 6.17e-06 · 96.5 s/bước · VRAM 6.8 GiB
  bước 165/250 · loss 0.4935 · |g| 1.060 · lr 5.58e-06 · 96.5 s/bước · VRAM 6.8 GiB
  bước 170/250 · loss 0.5049 · |g| 0.771 · lr 5.00e-06 · 96.5 s/bước · VRAM 6.8 GiB
  bước 175/250 · loss 0.4634 · |g| 0.917 · lr 4.44e-06 · 96.5 s/bước · VRAM 6.8 GiB
  bước 180/250 · loss 0.4905 · |g| 0.629 · lr 3.91e-06 · 96.5 s/bước · VRAM 6.8 GiB
  bước 185/250 · loss 0.3903 · |g| 1.027 · lr 3.41e-06 · 96.5 s/bước · VRAM 6.8 GiB
  bước 190/250 · loss 0.5934 · |g| 0.714 · lr 2.93e-06 · 96.5 s/bước · VRAM 6.8 GiB
  bước 195/250 · loss 0.4654 · |g| 0.720 · lr 2.48e-06 · 96.5 s/bước · VRAM 6.8 GiB
  bước 200/250 · loss 0.5324 · |g| 0.931 · lr 2.07e-06 · 96.5 s/bước · VRAM 6.8 GiB
  bước 205/250 · loss 0.4457 · |g| 0.885 · lr 1.69e-06 · 96.5 s/bước · VRAM 6.8 GiB
  bước 210/250 · loss 0.5966 · |g| 1.033 · lr 1.34e-06 · 96.5 s/bước · VRAM 6.8 GiB
  bước 215/250 · loss 0.5328 · |g| 1.197 · lr 1.03e-06 · 96.5 s/bước · VRAM 6.8 GiB
  bước 220/250 · loss 0.4406 · |g| 0.632 · lr 7.61e-07 · 96.5 s/bước · VRAM 6.8 GiB
  bước 225/250 · loss 0.3656 · |g| 0.960 · lr 5.31e-07 · 96.5 s/bước · VRAM 6.8 GiB
  bước 230/250 · loss 0.4223 · |g| 0.887 · lr 3.41e-07 · 96.5 s/bước · VRAM 6.8 GiB
  bước 235/250 · loss 0.6423 · |g| 1.130 · lr 1.92e-07 · 96.5 s/bước · VRAM 6.8 GiB
  bước 240/250 · loss 0.4826 · |g| 0.930 · lr 8.56e-08 · 96.5 s/bước · VRAM 6.8 GiB
  bước 245/250 · loss 0.3869 · |g| 0.615 · lr 2.14e-08 · 96.5 s/bước · VRAM 6.8 GiB
  bước 250/250 · loss 0.4462 · |g| 0.867 · lr 0.00e+00 · 96.5 s/bước · VRAM 6.8 GiB
[xong] 250 bước · 402.2 phút → /kaggle/working/cont_sft/final
