[dữ liệu] /kaggle/working/ra_data/train_ra.jsonl · 3991 hàng · 250 bước tối ưu × lô 16 · lr 2e-05
[nạp] /kaggle/working/s1_merged · dtype torch.float16 · 4-bit True · Tesla T4
[adapter] /kaggle/input/datasets/trangphngngc/grpo-spice-ck500 · tham số học 14,966,784 (ck500 14,966,784) · dtype tính torch.float16
/usr/local/lib/python3.13/dist-packages/transformers/models/qwen2_vl/image_processing_qwen2_vl.py:129: FutureWarning: Passing `min_pixels` and `max_pixels` to a processor call is deprecated and will be removed in v5.23. Pass in `size={'longest_edge': xxx, 'shortest_edge': xxx} to override the target size.`
  warnings.warn(
[kiểm nhãn] mẫu đầu: 1446 token, tính loss 5 token: 'go back to settings<|im_end|>' · đích 'go back to settings'
  bước 1/250 · loss 0.7414 · |g| 2.273 · lr 4.00e-06 · 107.9 s/bước · VRAM 6.6 GiB
  bước 5/250 · loss 0.7812 · |g| 3.398 · lr 1.20e-05 · 109.8 s/bước · VRAM 7.1 GiB
  bước 10/250 · loss 0.7311 · |g| 2.887 · lr 2.00e-05 · 109.5 s/bước · VRAM 7.3 GiB
  bước 15/250 · loss 0.8347 · |g| 2.615 · lr 2.00e-05 · 109.0 s/bước · VRAM 7.3 GiB
  bước 20/250 · loss 0.7250 · |g| 1.913 · lr 1.99e-05 · 108.7 s/bước · VRAM 7.3 GiB
  bước 25/250 · loss 0.4866 · |g| 1.559 · lr 1.98e-05 · 108.5 s/bước · VRAM 7.3 GiB
  bước 30/250 · loss 0.5887 · |g| 1.101 · lr 1.97e-05 · 108.3 s/bước · VRAM 7.3 GiB
  bước 35/250 · loss 0.5627 · |g| 1.291 · lr 1.95e-05 · 108.2 s/bước · VRAM 7.3 GiB
  bước 40/250 · loss 0.5369 · |g| 1.241 · lr 1.92e-05 · 108.1 s/bước · VRAM 7.3 GiB
  bước 45/250 · loss 0.5044 · |g| 1.304 · lr 1.90e-05 · 108.0 s/bước · VRAM 7.3 GiB
  bước 50/250 · loss 0.5253 · |g| 1.307 · lr 1.87e-05 · 108.0 s/bước · VRAM 7.3 GiB
  bước 55/250 · loss 0.5200 · |g| 0.971 · lr 1.83e-05 · 108.0 s/bước · VRAM 7.3 GiB
  bước 60/250 · loss 0.4766 · |g| 1.512 · lr 1.79e-05 · 108.1 s/bước · VRAM 7.3 GiB
  bước 65/250 · loss 0.5620 · |g| 1.256 · lr 1.75e-05 · 108.0 s/bước · VRAM 7.3 GiB
  bước 70/250 · loss 0.4361 · |g| 0.868 · lr 1.71e-05 · 108.1 s/bước · VRAM 7.3 GiB
  bước 75/250 · loss 0.5935 · |g| 1.390 · lr 1.66e-05 · 108.1 s/bước · VRAM 7.3 GiB
  bước 80/250 · loss 0.4530 · |g| inf · lr 1.61e-05 · 108.0 s/bước · VRAM 7.3 GiB
  bước 85/250 · loss 0.3744 · |g| 1.336 · lr 1.56e-05 · 108.1 s/bước · VRAM 7.3 GiB
  bước 90/250 · loss 0.5155 · |g| 1.392 · lr 1.50e-05 · 108.1 s/bước · VRAM 7.3 GiB
  bước 95/250 · loss 0.4669 · |g| 1.198 · lr 1.44e-05 · 108.0 s/bước · VRAM 7.3 GiB
  bước 100/250 · loss 0.4916 · |g| 1.258 · lr 1.38e-05 · 107.9 s/bước · VRAM 7.3 GiB
  bước 105/250 · loss 0.5407 · |g| 1.488 · lr 1.32e-05 · 107.9 s/bước · VRAM 7.3 GiB
  bước 110/250 · loss 0.4187 · |g| 1.411 · lr 1.26e-05 · 107.9 s/bước · VRAM 7.3 GiB
  bước 115/250 · loss 0.4105 · |g| 1.012 · lr 1.20e-05 · 107.9 s/bước · VRAM 7.3 GiB
  bước 120/250 · loss 0.4865 · |g| 1.041 · lr 1.13e-05 · 107.9 s/bước · VRAM 7.3 GiB
  bước 125/250 · loss 0.4503 · |g| 1.049 · lr 1.07e-05 · 107.9 s/bước · VRAM 7.3 GiB
  bước 130/250 · loss 0.4171 · |g| 1.050 · lr 1.00e-05 · 107.9 s/bước · VRAM 7.3 GiB
  bước 135/250 · loss 0.3999 · |g| 1.005 · lr 9.35e-06 · 107.9 s/bước · VRAM 7.3 GiB
  bước 140/250 · loss 0.5827 · |g| 1.326 · lr 8.69e-06 · 107.9 s/bước · VRAM 7.3 GiB
  bước 145/250 · loss 0.4240 · |g| 1.283 · lr 8.05e-06 · 107.8 s/bước · VRAM 7.3 GiB
  bước 150/250 · loss 0.4870 · |g| 1.389 · lr 7.41e-06 · 107.8 s/bước · VRAM 7.3 GiB
  bước 155/250 · loss 0.4583 · |g| 1.275 · lr 6.79e-06 · 107.8 s/bước · VRAM 7.3 GiB
  bước 160/250 · loss 0.4415 · |g| 0.745 · lr 6.17e-06 · 107.8 s/bước · VRAM 7.3 GiB
  bước 165/250 · loss 0.4732 · |g| 1.597 · lr 5.58e-06 · 107.8 s/bước · VRAM 7.3 GiB
  bước 170/250 · loss 0.5019 · |g| 0.877 · lr 5.00e-06 · 107.8 s/bước · VRAM 7.3 GiB
  bước 175/250 · loss 0.4735 · |g| 1.061 · lr 4.44e-06 · 107.8 s/bước · VRAM 7.3 GiB
  bước 180/250 · loss 0.5067 · |g| 0.877 · lr 3.91e-06 · 107.8 s/bước · VRAM 7.3 GiB
  bước 185/250 · loss 0.3870 · |g| 1.236 · lr 3.41e-06 · 107.8 s/bước · VRAM 7.3 GiB
  bước 190/250 · loss 0.5884 · |g| 1.120 · lr 2.93e-06 · 107.8 s/bước · VRAM 7.3 GiB
  bước 195/250 · loss 0.4767 · |g| 0.906 · lr 2.48e-06 · 107.8 s/bước · VRAM 7.3 GiB
  bước 200/250 · loss 0.5220 · |g| 1.070 · lr 2.07e-06 · 107.8 s/bước · VRAM 7.3 GiB
  bước 205/250 · loss 0.4403 · |g| 1.090 · lr 1.69e-06 · 107.8 s/bước · VRAM 7.3 GiB
  bước 210/250 · loss 0.5854 · |g| 1.230 · lr 1.34e-06 · 107.8 s/bước · VRAM 7.3 GiB
  bước 215/250 · loss 0.5296 · |g| 1.410 · lr 1.03e-06 · 107.8 s/bước · VRAM 7.3 GiB
  bước 220/250 · loss 0.4379 · |g| 0.800 · lr 7.61e-07 · 107.7 s/bước · VRAM 7.3 GiB
  bước 225/250 · loss 0.3799 · |g| 1.100 · lr 5.31e-07 · 107.7 s/bước · VRAM 7.3 GiB
  bước 230/250 · loss 0.4143 · |g| 1.165 · lr 3.41e-07 · 107.7 s/bước · VRAM 7.3 GiB
  bước 235/250 · loss 0.6438 · |g| 1.471 · lr 1.92e-07 · 107.8 s/bước · VRAM 7.3 GiB
  bước 240/250 · loss 0.4808 · |g| 1.186 · lr 8.56e-08 · 107.9 s/bước · VRAM 7.3 GiB
  bước 245/250 · loss 0.3770 · |g| 0.728 · lr 2.14e-08 · 108.0 s/bước · VRAM 7.3 GiB
  bước 250/250 · loss 0.4230 · |g| 1.003 · lr 0.00e+00 · 108.1 s/bước · VRAM 7.3 GiB
[xong] 250 bước · 450.3 phút → /kaggle/working/ra_sft/final
