[dữ liệu] val lớn · 1002 bước click · thiếu OCR 0 · thiếu ảnh 0 · câu nhắc lệch p1_val_rows 0
Warning: You are sending unauthenticated requests to the HF Hub. Please set a HF_TOKEN to enable higher rate limits and faster downloads.
[nạp] /kaggle/working/s1_merged · dtype torch.float16 · 4-bit False · Tesla T4
[điểm lưu] /kaggle/input/datasets/uyenle0712/sang289-ckpts/checkpoint-250
[nối tiếp] đã có 0/1002
/usr/local/lib/python3.13/dist-packages/transformers/models/qwen2_vl/image_processing_qwen2_vl.py:129: FutureWarning: Passing `min_pixels` and `max_pixels` to a processor call is deprecated and will be removed in v5.23. Pass in `size={'longest_edge': xxx, 'shortest_edge': xxx} to override the target size.`
  warnings.warn(
  50/1002 · 2.3 phút · 2.75 s/câu · 'Click on Recording 4.'
  100/1002 · 4.6 phút · 2.78 s/câu · 'Click on the Riu Plaza Berlin Hotel to view the details of t'
  150/1002 · 6.9 phút · 2.75 s/câu · 'Click on the Space name tab.'
  200/1002 · 9.2 phút · 2.76 s/câu · 'Click on the tick icon'
  250/1002 · 11.6 phút · 2.77 s/câu · 'Click on the Reviews option'
  300/1002 · 14.0 phút · 2.81 s/câu · 'Click on the General Settings'
  350/1002 · 16.5 phút · 2.82 s/câu · 'Click on the send icon.'
  400/1002 · 18.8 phút · 2.82 s/câu · 'Click on the Upload Photo button.'
  450/1002 · 21.1 phút · 2.81 s/câu · 'Click on the Menu icon at the top left corner of the screen'
  500/1002 · 23.4 phút · 2.81 s/câu · 'Click on the + icon of the adults section twice.'
  550/1002 · 25.8 phút · 2.81 s/câu · 'Click on the Add(2) button at the bottom right corner of the'
  600/1002 · 28.0 phút · 2.80 s/câu · 'Click on the search bar at the top of the screen'
  650/1002 · 30.4 phút · 2.81 s/câu · 'Click on the Select size tab of the screen'
  700/1002 · 32.7 phút · 2.81 s/câu · 'Click on the map'
  750/1002 · 35.0 phút · 2.80 s/câu · 'Click on the right arrow key'
  800/1002 · 37.3 phút · 2.79 s/câu · 'Click on the search bar at the top of the screen to search f'
  850/1002 · 39.6 phút · 2.80 s/câu · 'Select the leaf option'
  900/1002 · 41.9 phút · 2.79 s/câu · 'click on the Restore option'
  950/1002 · 44.3 phút · 2.80 s/câu · 'Click on set goal at the bottom of the screen.'
  1000/1002 · 46.8 phút · 2.81 s/câu · 'Go back.'
[xong] 1002 câu · rỗng 0
[so pred_ck500_c1.jsonl] 185/249 câu trùng
