[{"stream_name":"stderr","time":6.280992178,"data":"0.00s - Debugger warning: It seems that frozen modules are being used, which may\n"}
,{"stream_name":"stderr","time":6.281058907,"data":"0.00s - make the debugger miss breakpoints. Please pass -Xfrozen_modules=off\n"}
,{"stream_name":"stderr","time":6.281064691,"data":"0.00s - to python to disable frozen modules.\n"}
,{"stream_name":"stderr","time":6.281068327,"data":"0.00s - Note: Debugging will proceed. Set PYDEVD_DISABLE_FILE_VALIDATION=1 to disable this validation.\n"}
,{"stream_name":"stderr","time":6.849454027,"data":"0.00s - Debugger warning: It seems that frozen modules are being used, which may\n"}
,{"stream_name":"stderr","time":6.849480078,"data":"0.00s - make the debugger miss breakpoints. Please pass -Xfrozen_modules=off\n"}
,{"stream_name":"stderr","time":6.849484797,"data":"0.00s - to python to disable frozen modules.\n"}
,{"stream_name":"stderr","time":6.849488453,"data":"0.00s - Note: Debugging will proceed. Set PYDEVD_DISABLE_FILE_VALIDATION=1 to disable this validation.\n"}
,{"stream_name":"stdout","time":7.900624641,"data":"GPU: ['Tesla T4', 'Tesla T4']\n"}
,{"stream_name":"stdout","time":9.560108256,"data":"[đăng ký] file luật /kaggle/input/datasets/trangphngngc/thesis-g0-288/288_ACTION_NGUOI_NGHE_CLICK_6_10.md md5 b21c7f31f2c335271e10d5d0c5eedded 2026-10-06 17:42:22\n"}
,{"stream_name":"stdout","time":12.603362379,"data":"     ━━━━━━━━━━━━━━━━━━━━━━━━━━━━━━━━━━━━━━━━ 44.4/44.4 kB 1.6 MB/s eta 0:00:00\n"}
,{"stream_name":"stdout","time":12.805569403,"data":"     ━━━━━━━━━━━━━━━━━━━━━━━━━━━━━━━━━━━━━━━━ 44.4/44.4 kB 1.6 MB/s eta 0:00:00\n"}
,{"stream_name":"stdout","time":14.06396389,"data":"   ━━━━━━━━━━━━━━━━━━━━━━━━━━━━━━━━━━━━━━━━ 9.7/9.7 MB 80.0 MB/s eta 0:00:00\n"}
,{"stream_name":"stdout","time":14.098804435,"data":"   ━━━━━━━━━━━━━━━━━━━━━━━━━━━━━━━━━━━━━━━━ 320.7/320.7 kB 14.4 MB/s eta 0:00:00\n"}
,{"stream_name":"stdout","time":14.132005313,"data":"   ━━━━━━━━━━━━━━━━━━━━━━━━━━━━━━━━━━━━━━━━ 336.6/336.6 kB 17.4 MB/s eta 0:00:00\n"}
,{"stream_name":"stdout","time":14.18972099,"data":"   ━━━━━━━━━━━━━━━━━━━━━━━━━━━━━━━━━━━━━━━━ 566.4/566.4 kB 28.2 MB/s eta 0:00:00\n"}
,{"stream_name":"stdout","time":14.237898095,"data":"   ━━━━━━━━━━━━━━━━━━━━━━━━━━━━━━━━━━━━━━━━ 3.1/3.1 MB 89.5 MB/s eta 0:00:00\n"}
,{"stream_name":"stdout","time":14.266031929,"data":"   ━━━━━━━━━━━━━━━━━━━━━━━━━━━━━━━━━━━━━━━━ 9.7/9.7 MB 80.0 MB/s eta 0:00:00\n"}
,{"stream_name":"stdout","time":14.266052126,"data":"   ━━━━━━━━━━━━━━━━━━━━━━━━━━━━━━━━━━━━━━━━ 320.7/320.7 kB 14.4 MB/s eta 0:00:00\n"}
,{"stream_name":"stdout","time":14.266057036,"data":"   ━━━━━━━━━━━━━━━━━━━━━━━━━━━━━━━━━━━━━━━━ 336.6/336.6 kB 17.4 MB/s eta 0:00:00\n"}
,{"stream_name":"stdout","time":14.2660611,"data":"   ━━━━━━━━━━━━━━━━━━━━━━━━━━━━━━━━━━━━━━━━ 566.4/566.4 kB 28.2 MB/s eta 0:00:00\n"}
,{"stream_name":"stdout","time":14.266065259,"data":"   ━━━━━━━━━━━━━━━━━━━━━━━━━━━━━━━━━━━━━━━━ 3.1/3.1 MB 89.5 MB/s eta 0:00:00\n"}
,{"stream_name":"stderr","time":28.183428968,"data":"ERROR: pip's dependency resolver does not currently take into account all the packages that are installed. This behaviour is the source of the following dependency conflicts.\n"}
,{"stream_name":"stderr","time":28.183454477,"data":"gradio 6.26.0 requires huggingface-hub\u003c2.0,\u003e=1.16.0, but you have huggingface-hub 0.36.2 which is incompatible.\n"}
,{"stream_name":"stderr","time":28.183459786,"data":"diffusers 0.40.0 requires huggingface-hub\u003c2.0,\u003e=1.23.0, but you have huggingface-hub 0.36.2 which is incompatible.\n"}
,{"stream_name":"stderr","time":28.385851681,"data":"ERROR: pip's dependency resolver does not currently take into account all the packages that are installed. This behaviour is the source of the following dependency conflicts.\n"}
,{"stream_name":"stderr","time":28.385878576,"data":"gradio 6.26.0 requires huggingface-hub\u003c2.0,\u003e=1.16.0, but you have huggingface-hub 0.36.2 which is incompatible.\n"}
,{"stream_name":"stderr","time":28.385884601,"data":"diffusers 0.40.0 requires huggingface-hub\u003c2.0,\u003e=1.23.0, but you have huggingface-hub 0.36.2 which is incompatible.\n"}
,{"stream_name":"stderr","time":28.385889062,"data":"\n"}
,{"stream_name":"stderr","time":28.385892446,"data":"ERROR: pip's dependency resolver does not currently take into account all the packages that are installed. This behaviour is the source of the following dependency conflicts.\n"}
,{"stream_name":"stderr","time":28.385896343,"data":"gradio 6.26.0 requires huggingface-hub\u003c2.0,\u003e=1.16.0, but you have huggingface-hub 0.36.2 which is incompatible.\n"}
,{"stream_name":"stderr","time":28.38590023,"data":"diffusers 0.40.0 requires huggingface-hub\u003c2.0,\u003e=1.23.0, but you have huggingface-hub 0.36.2 which is incompatible.\n"}
,{"stream_name":"stdout","time":83.276218684,"data":"CODE /kaggle/input/datasets/trangphngngc/thesis-g0-288 · ảnh val /kaggle/input/g0-288-anh/images/ep11948_s3.png · ảnh train /kaggle/input/g0-288-anh/images/ep13687_s9.png\n"}
,{"stream_name":"stdout","time":203.100938858,"data":" 0.05 h · s0: [mô hình] microsoft/Phi-4-multimodal-instruct\n"}
,{"stream_name":"stdout","time":203.107440494,"data":" 0.05 h · s1: [mô hình] microsoft/Phi-4-multimodal-instruct\n"}
,{"stream_name":"stdout","time":323.0913608,"data":" 0.09 h · s0: [mô hình] microsoft/Phi-4-multimodal-instruct\n"}
,{"stream_name":"stdout","time":323.092404961,"data":" 0.09 h · s1: [mô hình] microsoft/Phi-4-multimodal-instruct\n"}
,{"stream_name":"stdout","time":443.093886607,"data":" 0.12 h · s0:   50/1265 · 3.20 s/câu · còn ~65 phút · OOM 0\n"}
,{"stream_name":"stdout","time":443.09461343,"data":" 0.12 h · s1:   50/1265 · 3.14 s/câu · còn ~64 phút · OOM 0\n"}
,{"stream_name":"stdout","time":563.096850874,"data":" 0.15 h · s0:   100/1265 · 3.30 s/câu · còn ~64 phút · OOM 0\n"}
,{"stream_name":"stdout","time":563.09773485,"data":" 0.15 h · s1:   100/1265 · 3.28 s/câu · còn ~64 phút · OOM 0\n"}
,{"stream_name":"stdout","time":683.098972653,"data":" 0.19 h · s0:   150/1265 · 3.33 s/câu · còn ~62 phút · OOM 0\n"}
,{"stream_name":"stdout","time":683.100019339,"data":" 0.19 h · s1:   100/1265 · 3.28 s/câu · còn ~64 phút · OOM 0\n"}
,{"stream_name":"stdout","time":803.101889837,"data":" 0.22 h · s0:   150/1265 · 3.33 s/câu · còn ~62 phút · OOM 0\n"}
,{"stream_name":"stdout","time":803.102100978,"data":" 0.22 h · s1:   150/1265 · 3.36 s/câu · còn ~62 phút · OOM 0\n"}
,{"stream_name":"stdout","time":923.103884354,"data":" 0.25 h · s0:   200/1265 · 3.35 s/câu · còn ~59 phút · OOM 0\n"}
,{"stream_name":"stdout","time":923.104364825,"data":" 0.25 h · s1:   200/1265 · 3.39 s/câu · còn ~60 phút · OOM 0\n"}
,{"stream_name":"stdout","time":1043.105037533,"data":" 0.29 h · s0:   250/1265 · 3.36 s/câu · còn ~57 phút · OOM 0\n"}
,{"stream_name":"stdout","time":1043.106527668,"data":" 0.29 h · s1:   250/1265 · 3.42 s/câu · còn ~58 phút · OOM 0\n"}
,{"stream_name":"stdout","time":1163.107895175,"data":" 0.32 h · s0:   250/1265 · 3.36 s/câu · còn ~57 phút · OOM 0\n"}
,{"stream_name":"stdout","time":1163.108196075,"data":" 0.32 h · s1:   250/1265 · 3.42 s/câu · còn ~58 phút · OOM 0\n"}
,{"stream_name":"stdout","time":1283.110852793,"data":" 0.35 h · s0:   300/1265 · 3.35 s/câu · còn ~54 phút · OOM 0\n"}
,{"stream_name":"stdout","time":1283.111469426,"data":" 0.35 h · s1:   300/1265 · 3.42 s/câu · còn ~55 phút · OOM 0\n"}
,{"stream_name":"stdout","time":1403.113800226,"data":" 0.39 h · s0:   350/1265 · 3.35 s/câu · còn ~51 phút · OOM 0\n"}
,{"stream_name":"stdout","time":1403.114593637,"data":" 0.39 h · s1:   350/1265 · 3.43 s/câu · còn ~52 phút · OOM 0\n"}
,{"stream_name":"stdout","time":1523.116921487,"data":" 0.42 h · s0:   350/1265 · 3.35 s/câu · còn ~51 phút · OOM 0\n"}
,{"stream_name":"stdout","time":1523.116975377,"data":" 0.42 h · s1:   350/1265 · 3.43 s/câu · còn ~52 phút · OOM 0\n"}
,{"stream_name":"stdout","time":1643.119842384,"data":" 0.45 h · s0:   400/1265 · 3.36 s/câu · còn ~48 phút · OOM 0\n"}
,{"stream_name":"stdout","time":1643.120367116,"data":" 0.45 h · s1:   400/1265 · 3.44 s/câu · còn ~50 phút · OOM 0\n"}
,{"stream_name":"stdout","time":1763.122001392,"data":" 0.49 h · s0:   450/1265 · 3.36 s/câu · còn ~46 phút · OOM 0\n"}
,{"stream_name":"stdout","time":1763.122042962,"data":" 0.49 h · s1:   450/1265 · 3.45 s/câu · còn ~47 phút · OOM 0\n"}
,{"stream_name":"stdout","time":1883.124922548,"data":" 0.52 h · s0:   500/1265 · 3.37 s/câu · còn ~43 phút · OOM 0\n"}
,{"stream_name":"stdout","time":1883.125412041,"data":" 0.52 h · s1:   450/1265 · 3.45 s/câu · còn ~47 phút · OOM 0\n"}
,{"stream_name":"stdout","time":2003.128451586,"data":" 0.55 h · s0:   500/1265 · 3.37 s/câu · còn ~43 phút · OOM 0\n"}
,{"stream_name":"stdout","time":2003.129490563,"data":" 0.55 h · s1:   500/1265 · 3.45 s/câu · còn ~44 phút · OOM 0\n"}
,{"stream_name":"stdout","time":2123.133845801,"data":" 0.59 h · s0:   550/1265 · 3.37 s/câu · còn ~40 phút · OOM 0\n"}
,{"stream_name":"stdout","time":2123.133888061,"data":" 0.59 h · s1:   550/1265 · 3.45 s/câu · còn ~41 phút · OOM 0\n"}
,{"stream_name":"stdout","time":2243.134843775,"data":" 0.62 h · s0:   600/1265 · 3.37 s/câu · còn ~37 phút · OOM 0\n"}
,{"stream_name":"stdout","time":2243.135777057,"data":" 0.62 h · s1:   550/1265 · 3.45 s/câu · còn ~41 phút · OOM 0\n"}
,{"stream_name":"stdout","time":2363.137863696,"data":" 0.65 h · s0:   600/1265 · 3.37 s/câu · còn ~37 phút · OOM 0\n"}
,{"stream_name":"stdout","time":2363.138599705,"data":" 0.65 h · s1:   600/1265 · 3.46 s/câu · còn ~38 phút · OOM 0\n"}
,{"stream_name":"stdout","time":2483.140523066,"data":" 0.69 h · s0:   650/1265 · 3.37 s/câu · còn ~35 phút · OOM 0\n"}
,{"stream_name":"stdout","time":2483.141668203,"data":" 0.69 h · s1:   650/1265 · 3.46 s/câu · còn ~35 phút · OOM 0\n"}
,{"stream_name":"stdout","time":2603.143261497,"data":" 0.72 h · s0:   700/1265 · 3.37 s/câu · còn ~32 phút · OOM 0\n"}
,{"stream_name":"stdout","time":2603.144537004,"data":" 0.72 h · s1:   650/1265 · 3.46 s/câu · còn ~35 phút · OOM 0\n"}
,{"stream_name":"stdout","time":2723.144850848,"data":" 0.75 h · s0:   750/1265 · 3.38 s/câu · còn ~29 phút · OOM 0\n"}
,{"stream_name":"stdout","time":2723.145797163,"data":" 0.75 h · s1:   700/1265 · 3.46 s/câu · còn ~33 phút · OOM 0\n"}
,{"stream_name":"stdout","time":2843.150466821,"data":" 0.79 h · s0:   750/1265 · 3.38 s/câu · còn ~29 phút · OOM 0\n"}
,{"stream_name":"stdout","time":2843.150506116,"data":" 0.79 h · s1:   750/1265 · 3.47 s/câu · còn ~30 phút · OOM 0\n"}
,{"stream_name":"stdout","time":2963.153843495,"data":" 0.82 h · s0:   800/1265 · 3.38 s/câu · còn ~26 phút · OOM 0\n"}
,{"stream_name":"stdout","time":2963.155008465,"data":" 0.82 h · s1:   800/1265 · 3.47 s/câu · còn ~27 phút · OOM 0\n"}
,{"stream_name":"stdout","time":3083.15714624,"data":" 0.85 h · s0:   850/1265 · 3.38 s/câu · còn ~23 phút · OOM 0\n"}
,{"stream_name":"stdout","time":3083.158416529,"data":" 0.85 h · s1:   800/1265 · 3.47 s/câu · còn ~27 phút · OOM 0\n"}
,{"stream_name":"stdout","time":3203.159922641,"data":" 0.89 h · s0:   850/1265 · 3.38 s/câu · còn ~23 phút · OOM 0\n"}
,{"stream_name":"stdout","time":3203.160484667,"data":" 0.89 h · s1:   850/1265 · 3.47 s/câu · còn ~24 phút · OOM 0\n"}
,{"stream_name":"stdout","time":3323.16125995,"data":" 0.92 h · s0:   900/1265 · 3.38 s/câu · còn ~21 phút · OOM 0\n"}
,{"stream_name":"stdout","time":3323.162159412,"data":" 0.92 h · s1:   900/1265 · 3.47 s/câu · còn ~21 phút · OOM 0\n"}
,{"stream_name":"stdout","time":3443.166118226,"data":" 0.95 h · s0:   950/1265 · 3.38 s/câu · còn ~18 phút · OOM 0\n"}
,{"stream_name":"stdout","time":3443.167088706,"data":" 0.95 h · s1:   900/1265 · 3.47 s/câu · còn ~21 phút · OOM 0\n"}
,{"stream_name":"stdout","time":3563.168514349,"data":" 0.99 h · s0:   950/1265 · 3.38 s/câu · còn ~18 phút · OOM 0\n"}
,{"stream_name":"stdout","time":3563.169578774,"data":" 0.99 h · s1:   950/1265 · 3.47 s/câu · còn ~18 phút · OOM 0\n"}
,{"stream_name":"stdout","time":3683.170528388,"data":" 1.02 h · s0:   1000/1265 · 3.38 s/câu · còn ~15 phút · OOM 0\n"}
,{"stream_name":"stdout","time":3683.171851219,"data":" 1.02 h · s1:   1000/1265 · 3.48 s/câu · còn ~15 phút · OOM 0\n"}
,{"stream_name":"stdout","time":3803.173520471,"data":" 1.05 h · s0:   1050/1265 · 3.38 s/câu · còn ~12 phút · OOM 0\n"}
,{"stream_name":"stdout","time":3803.174549033,"data":" 1.05 h · s1:   1000/1265 · 3.48 s/câu · còn ~15 phút · OOM 0\n"}
,{"stream_name":"stdout","time":3923.175433111,"data":" 1.09 h · s0:   1100/1265 · 3.38 s/câu · còn ~9 phút · OOM 0\n"}
,{"stream_name":"stdout","time":3923.176333576,"data":" 1.09 h · s1:   1050/1265 · 3.48 s/câu · còn ~12 phút · OOM 0\n"}
,{"stream_name":"stdout","time":4043.177228156,"data":" 1.12 h · s0:   1100/1265 · 3.38 s/câu · còn ~9 phút · OOM 0\n"}
,{"stream_name":"stdout","time":4043.178105608,"data":" 1.12 h · s1:   1100/1265 · 3.47 s/câu · còn ~10 phút · OOM 0\n"}
,{"stream_name":"stdout","time":4163.179244797,"data":" 1.15 h · s0:   1150/1265 · 3.38 s/câu · còn ~6 phút · OOM 0\n"}
,{"stream_name":"stdout","time":4163.180220569,"data":" 1.15 h · s1:   1100/1265 · 3.47 s/câu · còn ~10 phút · OOM 0\n"}
,{"stream_name":"stdout","time":4283.183848089,"data":" 1.19 h · s0:   1200/1265 · 3.38 s/câu · còn ~4 phút · OOM 0\n"}
,{"stream_name":"stdout","time":4283.185110283,"data":" 1.19 h · s1:   1150/1265 · 3.47 s/câu · còn ~7 phút · OOM 0\n"}
,{"stream_name":"stdout","time":4403.186860588,"data":" 1.22 h · s0:   1200/1265 · 3.38 s/câu · còn ~4 phút · OOM 0\n"}
,{"stream_name":"stdout","time":4403.187262342,"data":" 1.22 h · s1:   1200/1265 · 3.47 s/câu · còn ~4 phút · OOM 0\n"}
,{"stream_name":"stdout","time":4523.185241545,"data":" 1.25 h · s0: xong 1265 câu mới → /kaggle/working/g0/g0_phi4_s0.jsonl · OOM 0\n"}
,{"stream_name":"stdout","time":4523.186252734,"data":" 1.25 h · s1:   1250/1265 · 3.47 s/câu · còn ~1 phút · OOM 0\n"}
,{"stream_name":"stdout","time":4643.192437956,"data":" 1.29 h · s0: xong 1265 câu mới → /kaggle/working/g0/g0_phi4_s0.jsonl · OOM 0\n"}
,{"stream_name":"stdout","time":4643.192751032,"data":" 1.29 h · s1: xong 1265 câu mới → /kaggle/working/g0/g0_phi4_s1.jsonl · OOM 0\n"}
,{"stream_name":"stdout","time":4643.194765456,"data":"mã thoát [0, 0]\n"}
,{"stream_name":"stdout","time":4643.194810759,"data":"2530 / 2530 dòng\n"}
,{"stream_name":"stdout","time":4643.228220316,"data":"[kiểm] 2530 dòng · 2530 id duy nhất · OOM 0 · h=1 1205\n"}
,{"stream_name":"stdout","time":4643.229277715,"data":"--- s0.log (cuối) ---\n"}
,{"stream_name":"stdout","time":4643.229316727,"data":"  1100/1265 · 3.38 s/câu · còn ~9 phút · OOM 0\n"}
,{"stream_name":"stdout","time":4643.229323782,"data":"  1150/1265 · 3.38 s/câu · còn ~6 phút · OOM 0\n"}
,{"stream_name":"stdout","time":4643.229328554,"data":"  1200/1265 · 3.38 s/câu · còn ~4 phút · OOM 0\n"}
,{"stream_name":"stdout","time":4643.229334095,"data":"  1250/1265 · 3.38 s/câu · còn ~1 phút · OOM 0\n"}
,{"stream_name":"stdout","time":4643.229339248,"data":"xong 1265 câu mới → /kaggle/working/g0/g0_phi4_s0.jsonl · OOM 0\n"}
,{"stream_name":"stdout","time":4643.229344619,"data":"\n"}
,{"stream_name":"stdout","time":4643.230167904,"data":"--- s1.log (cuối) ---\n"}
,{"stream_name":"stdout","time":4643.230188604,"data":"  1100/1265 · 3.47 s/câu · còn ~10 phút · OOM 0\n"}
,{"stream_name":"stdout","time":4643.230194617,"data":"  1150/1265 · 3.47 s/câu · còn ~7 phút · OOM 0\n"}
,{"stream_name":"stdout","time":4643.230199443,"data":"  1200/1265 · 3.47 s/câu · còn ~4 phút · OOM 0\n"}
,{"stream_name":"stdout","time":4643.23033133,"data":"  1250/1265 · 3.47 s/câu · còn ~1 phút · OOM 0\n"}
,{"stream_name":"stdout","time":4643.23033962,"data":"xong 1265 câu mới → /kaggle/working/g0/g0_phi4_s1.jsonl · OOM 0\n"}
,{"stream_name":"stdout","time":4643.23034523,"data":"\n"}
,{"stream_name":"stdout","time":4643.248683387,"data":"zip: 112388 byte\n"}
,{"stream_name":"stderr","time":4646.460568903,"data":"/usr/local/lib/python3.13/dist-packages/mistune.py:435: SyntaxWarning: invalid escape sequence '\\|'\n"}
,{"stream_name":"stderr","time":4646.460609953,"data":"  cells[i][c] = re.sub('\\\\\\\\\\|', '|', cell)\n"}
,{"stream_name":"stderr","time":4646.730891319,"data":"/usr/local/lib/python3.13/dist-packages/nbconvert/filters/filter_links.py:36: SyntaxWarning: invalid escape sequence '\\_'\n"}
,{"stream_name":"stderr","time":4646.730937102,"data":"  text = re.sub(r'_', '\\_', text) # Escape underscores in display text\n"}
,{"stream_name":"stderr","time":4648.087004162,"data":"[NbConvertApp] Converting notebook __notebook__.ipynb to notebook\n"}
,{"stream_name":"stderr","time":4648.229151538,"data":"[NbConvertApp] Writing 572633 bytes to __notebook__.ipynb\n"}
,{"stream_name":"stderr","time":4650.693361975,"data":"[NbConvertApp] Converting notebook __notebook__.ipynb to html\n"}
,{"stream_name":"stderr","time":4651.550088549,"data":"[NbConvertApp] Writing 747296 bytes to __results__.html\n"}
]