[{"stream_name":"stderr","time":8.423865123,"data":"0.00s - Debugger warning: It seems that frozen modules are being used, which may\n"}
,{"stream_name":"stderr","time":8.423912942,"data":"0.00s - make the debugger miss breakpoints. Please pass -Xfrozen_modules=off\n"}
,{"stream_name":"stderr","time":8.423920789,"data":"0.00s - to python to disable frozen modules.\n"}
,{"stream_name":"stderr","time":8.42392605,"data":"0.00s - Note: Debugging will proceed. Set PYDEVD_DISABLE_FILE_VALIDATION=1 to disable this validation.\n"}
,{"stream_name":"stderr","time":9.180732917,"data":"0.00s - Debugger warning: It seems that frozen modules are being used, which may\n"}
,{"stream_name":"stderr","time":9.180768424,"data":"0.00s - make the debugger miss breakpoints. Please pass -Xfrozen_modules=off\n"}
,{"stream_name":"stderr","time":9.180774811,"data":"0.00s - to python to disable frozen modules.\n"}
,{"stream_name":"stderr","time":9.180779246,"data":"0.00s - Note: Debugging will proceed. Set PYDEVD_DISABLE_FILE_VALIDATION=1 to disable this validation.\n"}
,{"stream_name":"stdout","time":36.970608016,"data":"update-alternatives: using /usr/lib/jvm/java-8-openjdk-amd64/jre/bin/java to provide /usr/bin/java (java) in manual mode\n"}
,{"stream_name":"stdout","time":36.970643993,"data":"openjdk version \"1.8.0_504\"\n"}
,{"stream_name":"stdout","time":36.970650094,"data":"OpenJDK Runtime Environment (build 1.8.0_504-8u504-ga-1ubuntu1~24.04.3-b01)\n"}
,{"stream_name":"stdout","time":36.970655246,"data":"OpenJDK 64-Bit Server VM (build 25.504-b01, mixed mode)\n"}
,{"stream_name":"stdout","time":36.970660593,"data":"\n"}
,{"stream_name":"stdout","time":45.036719449,"data":"   ━━━━━━━━━━━━━━━━━━━━━━━━━━━━━━━━━━━━━━━━ 100.8/100.8 kB 3.2 MB/s eta 0:00:00\n"}
,{"stream_name":"stdout","time":45.036760356,"data":"   ━━━━━━━━━━━━━━━━━━━━━━━━━━━━━━━━━━━━━━━━ 61.1/61.1 kB 1.9 MB/s eta 0:00:00\n"}
,{"stream_name":"stdout","time":45.036769038,"data":"   ━━━━━━━━━━━━━━━━━━━━━━━━━━━━━━━━━━━━━━━━ 129.6/129.6 kB 5.4 MB/s eta 0:00:00\n"}
,{"stream_name":"stdout","time":45.036775993,"data":"\n"}
,{"stream_name":"stdout","time":48.806181698,"data":"False 4\n"}
,{"stream_name":"stdout","time":48.806244429,"data":"\n"}
,{"stream_name":"stdout","time":114.284907431,"data":"   1.7 phút · - MISSING:\tthose params were newly initialized because missing from the checkpoint. Consider training on your downstream\n"}
,{"stream_name":"stdout","time":174.30071431,"data":"   2.7 phút · Progress: 307.4M / 384.5M ( 79.9%)\n"}
,{"stream_name":"stdout","time":234.370333279,"data":"   3.7 phút · Threads( StanfordCoreNLP )\n"}
,{"stream_name":"stdout","time":294.435674156,"data":"   4.7 phút · Threads( StanfordCoreNLP )\n"}
,{"stream_name":"stdout","time":354.465612672,"data":"   5.7 phút · [ck500] SPICE xong · 3.6 phút\n"}
,{"stream_name":"stdout","time":414.49640182,"data":"   6.7 phút · [ck500] SPICE xong · 3.6 phút\n"}
,{"stream_name":"stdout","time":474.526338214,"data":"   7.7 phút · [ck500] SPICE xong · 3.6 phút\n"}
,{"stream_name":"stdout","time":534.558371966,"data":"   8.7 phút · [ck500] SPICE xong · 3.6 phút\n"}
,{"stream_name":"stdout","time":594.587722424,"data":"   9.7 phút · [ck500] SPICE xong · 3.6 phút\n"}
,{"stream_name":"stdout","time":654.617206219,"data":"  10.7 phút · [ck500] SPICE xong · 3.6 phút\n"}
,{"stream_name":"stdout","time":714.648594003,"data":"  11.7 phút · [ck500] SPICE xong · 3.6 phút\n"}
,{"stream_name":"stdout","time":774.721974934,"data":"  12.7 phút · Threads( StanfordCoreNLP )\n"}
,{"stream_name":"stdout","time":834.742090662,"data":"  13.7 phút · [ra_k4] SPICE xong · 11.6 phút\n"}
,{"stream_name":"stdout","time":894.77563242,"data":"  14.7 phút · [ra_k4] SPICE xong · 11.6 phút\n"}
,{"stream_name":"stdout","time":954.805629908,"data":"  15.7 phút · [ra_k4] SPICE xong · 11.6 phút\n"}
,{"stream_name":"stdout","time":1014.836539217,"data":"  16.7 phút · [ra_k4] SPICE xong · 11.6 phút\n"}
,{"stream_name":"stdout","time":1074.851146557,"data":"  17.7 phút · → /kaggle/working/diem_test_304_cpu.json\n"}
,{"stream_name":"stdout","time":1074.852236719,"data":"mã thoát 0\n"}
,{"stream_name":"stdout","time":1074.865053849,"data":"gress: 384.3M / 384.5M ( 99.9%)\n"}
,{"stream_name":"stdout","time":1074.865088686,"data":"Progress: 384.3M / 384.5M (100.0%)\n"}
,{"stream_name":"stdout","time":1074.865096287,"data":"Progress: 384.3M / 384.5M (100.0%)\n"}
,{"stream_name":"stdout","time":1074.865102249,"data":"Progress: 384.3M / 384.5M (100.0%)\n"}
,{"stream_name":"stdout","time":1074.865107966,"data":"Progress: 384.3M / 384.5M (100.0%)\n"}
,{"stream_name":"stdout","time":1074.865113916,"data":"Progress: 384.3M / 384.5M (100.0%)\n"}
,{"stream_name":"stdout","time":1074.865117532,"data":"Progress: 384.3M / 384.5M (100.0%)\n"}
,{"stream_name":"stdout","time":1074.865121462,"data":"Progress: 384.3M / 384.5M (100.0%)\n"}
,{"stream_name":"stdout","time":1074.865125074,"data":"Progress: 384.3M / 384.5M (100.0%)\n"}
,{"stream_name":"stdout","time":1074.865128683,"data":"Progress: 384.4M / 384.5M (100.0%)\n"}
,{"stream_name":"stdout","time":1074.865132132,"data":"Progress: 384.4M / 384.5M (100.0%)\n"}
,{"stream_name":"stdout","time":1074.865135593,"data":"Progress: 384.4M / 384.5M (100.0%)\n"}
,{"stream_name":"stdout","time":1074.865139101,"data":"Progress: 384.4M / 384.5M (100.0%)\n"}
,{"stream_name":"stdout","time":1074.865142549,"data":"Progress: 384.4M / 384.5M (100.0%)\n"}
,{"stream_name":"stdout","time":1074.865146123,"data":"Progress: 384.4M / 384.5M (100.0%)\n"}
,{"stream_name":"stdout","time":1074.865149568,"data":"Progress: 384.4M / 384.5M (100.0%)\n"}
,{"stream_name":"stdout","time":1074.865153016,"data":"Progress: 384.4M / 384.5M (100.0%)\n"}
,{"stream_name":"stdout","time":1074.865156501,"data":"Progress: 384.4M / 384.5M (100.0%)\n"}
,{"stream_name":"stdout","time":1074.865159951,"data":"Progress: 384.4M / 384.5M (100.0%)\n"}
,{"stream_name":"stdout","time":1074.86516978,"data":"Progress: 384.4M / 384.5M (100.0%)\n"}
,{"stream_name":"stdout","time":1074.865173351,"data":"Progress: 384.4M / 384.5M (100.0%)\n"}
,{"stream_name":"stdout","time":1074.865176803,"data":"Progress: 384.4M / 384.5M (100.0%)\n"}
,{"stream_name":"stdout","time":1074.865180366,"data":"Progress: 384.5M / 384.5M (100.0%)\n"}
,{"stream_name":"stdout","time":1074.865184084,"data":"Progress: 384.5M / 384.5M (100.0%)\n"}
,{"stream_name":"stdout","time":1074.865187556,"data":"Progress: 384.5M / 384.5M (100.0%)\n"}
,{"stream_name":"stdout","time":1074.865191079,"data":"Progress: 384.5M / 384.5M (100.0%)\n"}
,{"stream_name":"stdout","time":1074.865194644,"data":"Progress: 384.5M / 384.5M (100.0%)\n"}
,{"stream_name":"stdout","time":1074.865198104,"data":"Extracting stanford-corenlp-3.6.0 ...\n"}
,{"stream_name":"stdout","time":1074.865201655,"data":"Done.\n"}
,{"stream_name":"stdout","time":1074.865205201,"data":"Parsing reference captions\n"}
,{"stream_name":"stdout","time":1074.865208849,"data":"Initiating Stanford parsing pipeline\n"}
,{"stream_name":"stdout","time":1074.865212494,"data":"[main] INFO edu.stanford.nlp.pipeline.StanfordCoreNLP - Adding annotator tokenize\n"}
,{"stream_name":"stdout","time":1074.865228419,"data":"[main] INFO edu.stanford.nlp.pipeline.StanfordCoreNLP - Adding annotator ssplit\n"}
,{"stream_name":"stdout","time":1074.865231741,"data":"[main] INFO edu.stanford.nlp.pipeline.StanfordCoreNLP - Adding annotator parse\n"}
,{"stream_name":"stdout","time":1074.865234861,"data":"[main] INFO edu.stanford.nlp.parser.common.ParserGrammar - Loading parser from serialized file edu/stanford/nlp/models/lexparser/englishPCFG.ser.gz ... \n"}
,{"stream_name":"stdout","time":1074.865238126,"data":"done [0.8 sec].\n"}
,{"stream_name":"stdout","time":1074.865241071,"data":"[main] INFO edu.stanford.nlp.pipeline.StanfordCoreNLP - Adding annotator lemma\n"}
,{"stream_name":"stdout","time":1074.865244064,"data":"[main] INFO edu.stanford.nlp.pipeline.StanfordCoreNLP - Adding annotator ner\n"}
,{"stream_name":"stdout","time":1074.865247129,"data":"Loading classifier from edu/stanford/nlp/models/ner/english.all.3class.distsim.crf.ser.gz ... done [3.5 sec].\n"}
,{"stream_name":"stdout","time":1074.865250239,"data":"Loading classifier from edu/stanford/nlp/models/ner/english.muc.7class.distsim.crf.ser.gz ... done [0.6 sec].\n"}
,{"stream_name":"stdout","time":1074.865253366,"data":"Loading classifier from edu/stanford/nlp/models/ner/english.conll.4class.distsim.crf.ser.gz ... done [0.8 sec].\n"}
,{"stream_name":"stdout","time":1074.8652564879999,"data":"Threads( StanfordCoreNLP ) [01:12.570 minutes]\n"}
,{"stream_name":"stdout","time":1074.865259566,"data":"Parsing test captions\n"}
,{"stream_name":"stdout","time":1074.865263555,"data":"Threads( StanfordCoreNLP ) [34.590 seconds]\n"}
,{"stream_name":"stdout","time":1074.865266551,"data":"SPICE evaluation took: 1.989 min\n"}
,{"stream_name":"stdout","time":1074.865269382,"data":"  [ck500] SPICE xong · 3.6 phút\n"}
,{"stream_name":"stdout","time":1074.865273011,"data":"  [bert] ck500: chấm mới 4104 cặp · 10.6 phút\n"}
,{"stream_name":"stdout","time":1074.865276224,"data":"ck500      bleu4 52.36 · meteor 37.91 · rougeL 68.34 · cider_d 430.04 · spice 45.79 · chrf 62.86 · bertscore 67.07 · rong 1 · doi_cau_so_goc_pct 0.0 · trung_chuan_pct 22.8\n"}
,{"stream_name":"stdout","time":1074.865279884,"data":"  [ra_k4] 4 thước COCO xong · 10.9 phút\n"}
,{"stream_name":"stdout","time":1074.865282956,"data":"Parsing reference captions\n"}
,{"stream_name":"stdout","time":1074.865285906,"data":"Parsing test captions\n"}
,{"stream_name":"stdout","time":1074.865288696,"data":"Initiating Stanford parsing pipeline\n"}
,{"stream_name":"stdout","time":1074.865291633,"data":"[main] INFO edu.stanford.nlp.pipeline.StanfordCoreNLP - Adding annotator tokenize\n"}
,{"stream_name":"stdout","time":1074.865294843,"data":"[main] INFO edu.stanford.nlp.pipeline.StanfordCoreNLP - Adding annotator ssplit\n"}
,{"stream_name":"stdout","time":1074.865297878,"data":"[main] INFO edu.stanford.nlp.pipeline.StanfordCoreNLP - Adding annotator parse\n"}
,{"stream_name":"stdout","time":1074.865300934,"data":"[main] INFO edu.stanford.nlp.parser.common.ParserGrammar - Loading parser from serialized file edu/stanford/nlp/models/lexparser/englishPCFG.ser.gz ... \n"}
,{"stream_name":"stdout","time":1074.865304156,"data":"done [0.7 sec].\n"}
,{"stream_name":"stdout","time":1074.865306951,"data":"[main] INFO edu.stanford.nlp.pipeline.StanfordCoreNLP - Adding annotator lemma\n"}
,{"stream_name":"stdout","time":1074.865309909,"data":"[main] INFO edu.stanford.nlp.pipeline.StanfordCoreNLP - Adding annotator ner\n"}
,{"stream_name":"stdout","time":1074.865312908,"data":"Loading classifier from edu/stanford/nlp/models/ner/english.all.3class.distsim.crf.ser.gz ... done [1.7 sec].\n"}
,{"stream_name":"stdout","time":1074.865315944,"data":"Loading classifier from edu/stanford/nlp/models/ner/english.muc.7class.distsim.crf.ser.gz ... done [2.5 sec].\n"}
,{"stream_name":"stdout","time":1074.865322629,"data":"Loading classifier from edu/stanford/nlp/models/ner/english.conll.4class.distsim.crf.ser.gz ... done [0.7 sec].\n"}
,{"stream_name":"stdout","time":1074.865325881,"data":"Threads( StanfordCoreNLP ) [28.211 seconds]\n"}
,{"stream_name":"stdout","time":1074.865328858,"data":"SPICE evaluation took: 41.24 s\n"}
,{"stream_name":"stdout","time":1074.865331772,"data":"  [ra_k4] SPICE xong · 11.6 phút\n"}
,{"stream_name":"stdout","time":1074.865334714,"data":"  [bert] ra_k4: chấm mới 2104 cặp · 15.8 phút\n"}
,{"stream_name":"stdout","time":1074.865337711,"data":"ra_k4      bleu4 53.47 · meteor 37.79 · rougeL 68.67 · cider_d 437.54 · spice 46.79 · chrf 62.65 · bertscore 67.52 · rong 0 · doi_cau_so_goc_pct 43.3 · trung_chuan_pct 24.9\n"}
,{"stream_name":"stdout","time":1074.865341106,"data":"  [ghep] 4 thước COCO xong · 16.1 phút\n"}
,{"stream_name":"stdout","time":1074.865344098,"data":"Parsing reference captions\n"}
,{"stream_name":"stdout","time":1074.865346947,"data":"Parsing test captions\n"}
,{"stream_name":"stdout","time":1074.865349761,"data":"SPICE evaluation took: 3.620 s\n"}
,{"stream_name":"stdout","time":1074.865352586,"data":"  [ghep] SPICE xong · 16.2 phút\n"}
,{"stream_name":"stdout","time":1074.865355692,"data":"  [bert] ghep: chấm mới 0 cặp · 16.2 phút\n"}
,{"stream_name":"stdout","time":1074.865359246,"data":"ghep       bleu4 53.47 · meteor 38.33 · rougeL 68.97 · cider_d 441.53 · spice 47.12 · chrf 63.39 · bertscore 67.66 · rong 1 · doi_cau_so_goc_pct 8.8 · trung_chuan_pct 24.7\n"}
,{"stream_name":"stdout","time":1074.865362689,"data":"[chép] ra_k4: chép nguyên văn một ví dụ ở 19.1% bước · trong số đó đúng câu chuẩn 43.5%\n"}
,{"stream_name":"stdout","time":1074.865366514,"data":"[tự kiểm] ck500 — số đã công bố: {'bleu4': 0.0, 'meteor': -0.01, 'rougeL': np.float64(-0.02), 'cider_d': np.float64(-0.01), 'spice': np.float64(0.0), 'chrf': -0.01, 'bertscore': 0.0} → KHỚP\n"}
,{"stream_name":"stdout","time":1074.865371575,"data":"\n"}
,{"stream_name":"stdout","time":1074.865374423,"data":"| thước | ck500 | ra_k4 | ghep |\n"}
,{"stream_name":"stdout","time":1074.865377461,"data":"|---|---:|---:|---:|\n"}
,{"stream_name":"stdout","time":1074.865380364,"data":"| BLEU-4 | 52.36 | 53.47 (+1.11) | 53.47 (+1.11) |\n"}
,{"stream_name":"stdout","time":1074.865383351,"data":"| METEOR | 37.91 | 37.79 (-0.12) | 38.33 (+0.42) |\n"}
,{"stream_name":"stdout","time":1074.865386241,"data":"| ROUGE-L | 68.34 | 68.67 (+0.33) | 68.97 (+0.63) |\n"}
,{"stream_name":"stdout","time":1074.865389123,"data":"| CIDEr-D | 430.04 | 437.54 (+7.50) | 441.53 (+11.49) |\n"}
,{"stream_name":"stdout","time":1074.865392036,"data":"| SPICE | 45.79 | 46.79 (+1.00) | 47.12 (+1.33) |\n"}
,{"stream_name":"stdout","time":1074.865394889,"data":"| chrF | 62.86 | 62.65 (-0.21) | 63.39 (+0.53) |\n"}
,{"stream_name":"stdout","time":1074.865397768,"data":"| BERTScore | 67.07 | 67.52 (+0.45) | 67.66 (+0.59) |\n"}
,{"stream_name":"stdout","time":1074.865400715,"data":"[kết luận] ra_k4: cao hơn ck500 ở 5/7 thước (BLEU-4, ROUGE-L, CIDEr-D, SPICE, BERTScore) · ĐẠT\n"}
,{"stream_name":"stdout","time":1074.865404153,"data":"[kết luận] ghep: cao hơn ck500 ở 7/7 thước (BLEU-4, METEOR, ROUGE-L, CIDEr-D, SPICE, chrF, BERTScore) · ĐẠT\n"}
,{"stream_name":"stdout","time":1074.865407434,"data":"→ /kaggle/working/diem_test_304_cpu.json\n"}
,{"stream_name":"stdout","time":1074.865410374,"data":"\n"}
,{"stream_name":"stderr","time":1078.134946244,"data":"/usr/local/lib/python3.13/dist-packages/mistune.py:435: SyntaxWarning: invalid escape sequence '\\|'\n"}
,{"stream_name":"stderr","time":1078.134995382,"data":"  cells[i][c] = re.sub('\\\\\\\\\\|', '|', cell)\n"}
,{"stream_name":"stderr","time":1078.345146403,"data":"/usr/local/lib/python3.13/dist-packages/nbconvert/filters/filter_links.py:36: SyntaxWarning: invalid escape sequence '\\_'\n"}
,{"stream_name":"stderr","time":1078.345177807,"data":"  text = re.sub(r'_', '\\_', text) # Escape underscores in display text\n"}
,{"stream_name":"stderr","time":1079.267365692,"data":"[NbConvertApp] Converting notebook __notebook__.ipynb to notebook\n"}
,{"stream_name":"stderr","time":1079.3676935,"data":"[NbConvertApp] Writing 13361 bytes to __notebook__.ipynb\n"}
,{"stream_name":"stderr","time":1082.708087281,"data":"[NbConvertApp] Converting notebook __notebook__.ipynb to html\n"}
,{"stream_name":"stderr","time":1083.386460346,"data":"[NbConvertApp] Writing 296952 bytes to __results__.html\n"}
]