[{"stream_name":"stderr","time":7.473398852,"data":"0.00s - Debugger warning: It seems that frozen modules are being used, which may\n"}
,{"stream_name":"stderr","time":7.473535784,"data":"0.00s - make the debugger miss breakpoints. Please pass -Xfrozen_modules=off\n"}
,{"stream_name":"stderr","time":7.473549463,"data":"0.00s - to python to disable frozen modules.\n"}
,{"stream_name":"stderr","time":7.473553459,"data":"0.00s - Note: Debugging will proceed. Set PYDEVD_DISABLE_FILE_VALIDATION=1 to disable this validation.\n"}
,{"stream_name":"stderr","time":8.207547458,"data":"0.00s - Debugger warning: It seems that frozen modules are being used, which may\n"}
,{"stream_name":"stderr","time":8.207583476,"data":"0.00s - make the debugger miss breakpoints. Please pass -Xfrozen_modules=off\n"}
,{"stream_name":"stderr","time":8.207589952,"data":"0.00s - to python to disable frozen modules.\n"}
,{"stream_name":"stderr","time":8.207595023,"data":"0.00s - Note: Debugging will proceed. Set PYDEVD_DISABLE_FILE_VALIDATION=1 to disable this validation.\n"}
,{"stream_name":"stdout","time":28.819498176,"data":"update-alternatives: using /usr/lib/jvm/java-8-openjdk-amd64/jre/bin/java to provide /usr/bin/java (java) in manual mode\n"}
,{"stream_name":"stdout","time":28.819529779,"data":"openjdk version \"1.8.0_504\"\n"}
,{"stream_name":"stdout","time":28.819535964,"data":"OpenJDK Runtime Environment (build 1.8.0_504-8u504-ga-1ubuntu1~24.04.3-b01)\n"}
,{"stream_name":"stdout","time":28.819541366,"data":"OpenJDK 64-Bit Server VM (build 25.504-b01, mixed mode)\n"}
,{"stream_name":"stdout","time":28.819557894,"data":"\n"}
,{"stream_name":"stdout","time":37.793105626,"data":"   ━━━━━━━━━━━━━━━━━━━━━━━━━━━━━━━━━━━━━━━━ 100.8/100.8 kB 4.3 MB/s eta 0:00:00\n"}
,{"stream_name":"stdout","time":37.793146084,"data":"   ━━━━━━━━━━━━━━━━━━━━━━━━━━━━━━━━━━━━━━━━ 61.1/61.1 kB 2.4 MB/s eta 0:00:00\n"}
,{"stream_name":"stdout","time":37.793152626,"data":"   ━━━━━━━━━━━━━━━━━━━━━━━━━━━━━━━━━━━━━━━━ 129.6/129.6 kB 6.1 MB/s eta 0:00:00\n"}
,{"stream_name":"stdout","time":37.793158386,"data":"\n"}
,{"stream_name":"stdout","time":41.323813324,"data":"False 4\n"}
,{"stream_name":"stdout","time":41.323848304,"data":"\n"}
,{"stream_name":"stdout","time":109.483579028,"data":"   1.7 phút · - MISSING:\tthose params were newly initialized because missing from the checkpoint. Consider training on your downstream\n"}
,{"stream_name":"stdout","time":169.498172992,"data":"   2.7 phút · Progress: 305.4M / 384.5M ( 79.4%)\n"}
,{"stream_name":"stdout","time":229.569319618,"data":"   3.7 phút · Threads( StanfordCoreNLP )\n"}
,{"stream_name":"stdout","time":289.630002038,"data":"   4.7 phút · Threads( StanfordCoreNLP )\n"}
,{"stream_name":"stdout","time":349.66066658,"data":"   5.7 phút · [ck500] SPICE xong · 3.5 phút\n"}
,{"stream_name":"stdout","time":409.692793792,"data":"   6.7 phút · [ck500] SPICE xong · 3.5 phút\n"}
,{"stream_name":"stdout","time":469.724217713,"data":"   7.7 phút · [ck500] SPICE xong · 3.5 phút\n"}
,{"stream_name":"stdout","time":529.755069148,"data":"   8.7 phút · [ck500] SPICE xong · 3.5 phút\n"}
,{"stream_name":"stdout","time":589.784941878,"data":"   9.7 phút · [ck500] SPICE xong · 3.5 phút\n"}
,{"stream_name":"stdout","time":649.814946894,"data":"  10.7 phút · [ck500] SPICE xong · 3.5 phút\n"}
,{"stream_name":"stdout","time":709.845559568,"data":"  11.7 phút · [ck500] SPICE xong · 3.5 phút\n"}
,{"stream_name":"stdout","time":769.875787819,"data":"  12.7 phút · [R3] SPICE xong · 11.2 phút\n"}
,{"stream_name":"stdout","time":829.891456638,"data":"  13.7 phút · → /kaggle/working/diem_test_R3.json\n"}
,{"stream_name":"stdout","time":829.892709417,"data":"mã thoát 0\n"}
,{"stream_name":"stdout","time":829.90615501,"data":"5M ( 99.9%)\n"}
,{"stream_name":"stdout","time":829.906189725,"data":"Progress: 384.1M / 384.5M ( 99.9%)\n"}
,{"stream_name":"stdout","time":829.906195155,"data":"Progress: 384.2M / 384.5M ( 99.9%)\n"}
,{"stream_name":"stdout","time":829.906199093,"data":"Progress: 384.2M / 384.5M ( 99.9%)\n"}
,{"stream_name":"stdout","time":829.90620279,"data":"Progress: 384.2M / 384.5M ( 99.9%)\n"}
,{"stream_name":"stdout","time":829.90620652,"data":"Progress: 384.2M / 384.5M ( 99.9%)\n"}
,{"stream_name":"stdout","time":829.906210227,"data":"Progress: 384.2M / 384.5M ( 99.9%)\n"}
,{"stream_name":"stdout","time":829.90621379,"data":"Progress: 384.2M / 384.5M ( 99.9%)\n"}
,{"stream_name":"stdout","time":829.906217447,"data":"Progress: 384.2M / 384.5M ( 99.9%)\n"}
,{"stream_name":"stdout","time":829.906221015,"data":"Progress: 384.2M / 384.5M ( 99.9%)\n"}
,{"stream_name":"stdout","time":829.906224581,"data":"Progress: 384.2M / 384.5M ( 99.9%)\n"}
,{"stream_name":"stdout","time":829.906228373,"data":"Progress: 384.2M / 384.5M ( 99.9%)\n"}
,{"stream_name":"stdout","time":829.906232014,"data":"Progress: 384.2M / 384.5M ( 99.9%)\n"}
,{"stream_name":"stdout","time":829.906235618,"data":"Progress: 384.2M / 384.5M ( 99.9%)\n"}
,{"stream_name":"stdout","time":829.906239295,"data":"Progress: 384.2M / 384.5M ( 99.9%)\n"}
,{"stream_name":"stdout","time":829.90624288,"data":"Progress: 384.3M / 384.5M ( 99.9%)\n"}
,{"stream_name":"stdout","time":829.906246508,"data":"Progress: 384.3M / 384.5M ( 99.9%)\n"}
,{"stream_name":"stdout","time":829.906250086,"data":"Progress: 384.3M / 384.5M ( 99.9%)\n"}
,{"stream_name":"stdout","time":829.90625364,"data":"Progress: 384.3M / 384.5M ( 99.9%)\n"}
,{"stream_name":"stdout","time":829.906257211,"data":"Progress: 384.3M / 384.5M (100.0%)\n"}
,{"stream_name":"stdout","time":829.906260856,"data":"Progress: 384.3M / 384.5M (100.0%)\n"}
,{"stream_name":"stdout","time":829.906264426,"data":"Progress: 384.3M / 384.5M (100.0%)\n"}
,{"stream_name":"stdout","time":829.906267971,"data":"Progress: 384.3M / 384.5M (100.0%)\n"}
,{"stream_name":"stdout","time":829.906271536,"data":"Progress: 384.3M / 384.5M (100.0%)\n"}
,{"stream_name":"stdout","time":829.906275111,"data":"Progress: 384.3M / 384.5M (100.0%)\n"}
,{"stream_name":"stdout","time":829.906295453,"data":"Progress: 384.3M / 384.5M (100.0%)\n"}
,{"stream_name":"stdout","time":829.906301438,"data":"Progress: 384.3M / 384.5M (100.0%)\n"}
,{"stream_name":"stdout","time":829.906306891,"data":"Progress: 384.4M / 384.5M (100.0%)\n"}
,{"stream_name":"stdout","time":829.906311743,"data":"Progress: 384.4M / 384.5M (100.0%)\n"}
,{"stream_name":"stdout","time":829.906317148,"data":"Progress: 384.4M / 384.5M (100.0%)\n"}
,{"stream_name":"stdout","time":829.906322295,"data":"Progress: 384.4M / 384.5M (100.0%)\n"}
,{"stream_name":"stdout","time":829.906327711,"data":"Progress: 384.4M / 384.5M (100.0%)\n"}
,{"stream_name":"stdout","time":829.90636474,"data":"Progress: 384.4M / 384.5M (100.0%)\n"}
,{"stream_name":"stdout","time":829.906370023,"data":"Progress: 384.4M / 384.5M (100.0%)\n"}
,{"stream_name":"stdout","time":829.906375246,"data":"Progress: 384.4M / 384.5M (100.0%)\n"}
,{"stream_name":"stdout","time":829.906380453,"data":"Progress: 384.4M / 384.5M (100.0%)\n"}
,{"stream_name":"stdout","time":829.906385874,"data":"Progress: 384.4M / 384.5M (100.0%)\n"}
,{"stream_name":"stdout","time":829.90640685,"data":"Progress: 384.4M / 384.5M (100.0%)\n"}
,{"stream_name":"stdout","time":829.906411635,"data":"Progress: 384.4M / 384.5M (100.0%)\n"}
,{"stream_name":"stdout","time":829.906415958,"data":"Progress: 384.4M / 384.5M (100.0%)\n"}
,{"stream_name":"stdout","time":829.906420359,"data":"Progress: 384.5M / 384.5M (100.0%)\n"}
,{"stream_name":"stdout","time":829.906424695,"data":"Progress: 384.5M / 384.5M (100.0%)\n"}
,{"stream_name":"stdout","time":829.906436891,"data":"Progress: 384.5M / 384.5M (100.0%)\n"}
,{"stream_name":"stdout","time":829.906441727,"data":"Progress: 384.5M / 384.5M (100.0%)\n"}
,{"stream_name":"stdout","time":829.906446628,"data":"Progress: 384.5M / 384.5M (100.0%)\n"}
,{"stream_name":"stdout","time":829.906451126,"data":"Extracting stanford-corenlp-3.6.0 ...\n"}
,{"stream_name":"stdout","time":829.906455446,"data":"Done.\n"}
,{"stream_name":"stdout","time":829.906460076,"data":"Parsing reference captions\n"}
,{"stream_name":"stdout","time":829.906464429,"data":"Initiating Stanford parsing pipeline\n"}
,{"stream_name":"stdout","time":829.906469064,"data":"[main] INFO edu.stanford.nlp.pipeline.StanfordCoreNLP - Adding annotator tokenize\n"}
,{"stream_name":"stdout","time":829.906474044,"data":"[main] INFO edu.stanford.nlp.pipeline.StanfordCoreNLP - Adding annotator ssplit\n"}
,{"stream_name":"stdout","time":829.906478943,"data":"[main] INFO edu.stanford.nlp.pipeline.StanfordCoreNLP - Adding annotator parse\n"}
,{"stream_name":"stdout","time":829.906486253,"data":"[main] INFO edu.stanford.nlp.parser.common.ParserGrammar - Loading parser from serialized file edu/stanford/nlp/models/lexparser/englishPCFG.ser.gz ... \n"}
,{"stream_name":"stdout","time":829.906491798,"data":"done [0.6 sec].\n"}
,{"stream_name":"stdout","time":829.90649636,"data":"[main] INFO edu.stanford.nlp.pipeline.StanfordCoreNLP - Adding annotator lemma\n"}
,{"stream_name":"stdout","time":829.906501107,"data":"[main] INFO edu.stanford.nlp.pipeline.StanfordCoreNLP - Adding annotator ner\n"}
,{"stream_name":"stdout","time":829.906506086,"data":"Loading classifier from edu/stanford/nlp/models/ner/english.all.3class.distsim.crf.ser.gz ... done [3.5 sec].\n"}
,{"stream_name":"stdout","time":829.906511475,"data":"Loading classifier from edu/stanford/nlp/models/ner/english.muc.7class.distsim.crf.ser.gz ... done [0.6 sec].\n"}
,{"stream_name":"stdout","time":829.90651672,"data":"Loading classifier from edu/stanford/nlp/models/ner/english.conll.4class.distsim.crf.ser.gz ... done [0.9 sec].\n"}
,{"stream_name":"stdout","time":829.906521291,"data":"Threads( StanfordCoreNLP ) [01:12.625 minutes]\n"}
,{"stream_name":"stdout","time":829.906525873,"data":"Parsing test captions\n"}
,{"stream_name":"stdout","time":829.906530995,"data":"Threads( StanfordCoreNLP ) [34.220 seconds]\n"}
,{"stream_name":"stdout","time":829.906535751,"data":"SPICE evaluation took: 1.985 min\n"}
,{"stream_name":"stdout","time":829.906540018,"data":"  [ck500] SPICE xong · 3.5 phút\n"}
,{"stream_name":"stdout","time":829.906545144,"data":"  [bert] ck500: chấm mới 4104 cặp · 10.6 phút\n"}
,{"stream_name":"stdout","time":829.906549959,"data":"ck500      bleu4 52.36 · meteor 37.91 · rougeL 68.34 · cider_d 430.04 · spice 45.79 · chrf 62.86 · bertscore 67.07 · rong 1 · doi_cau_so_goc_pct 0.0 · trung_chuan_pct 22.8\n"}
,{"stream_name":"stdout","time":829.906555673,"data":"  [R3] 4 thước COCO xong · 10.9 phút\n"}
,{"stream_name":"stdout","time":829.906560385,"data":"Parsing reference captions\n"}
,{"stream_name":"stdout","time":829.906564817,"data":"Parsing test captions\n"}
,{"stream_name":"stdout","time":829.906575611,"data":"Initiating Stanford parsing pipeline\n"}
,{"stream_name":"stdout","time":829.906580086,"data":"[main] INFO edu.stanford.nlp.pipeline.StanfordCoreNLP - Adding annotator tokenize\n"}
,{"stream_name":"stdout","time":829.906584424,"data":"[main] INFO edu.stanford.nlp.pipeline.StanfordCoreNLP - Adding annotator ssplit\n"}
,{"stream_name":"stdout","time":829.906589074,"data":"[main] INFO edu.stanford.nlp.pipeline.StanfordCoreNLP - Adding annotator parse\n"}
,{"stream_name":"stdout","time":829.906594147,"data":"[main] INFO edu.stanford.nlp.parser.common.ParserGrammar - Loading parser from serialized file edu/stanford/nlp/models/lexparser/englishPCFG.ser.gz ... \n"}
,{"stream_name":"stdout","time":829.906616378,"data":"done [0.7 sec].\n"}
,{"stream_name":"stdout","time":829.906624211,"data":"[main] INFO edu.stanford.nlp.pipeline.StanfordCoreNLP - Adding annotator lemma\n"}
,{"stream_name":"stdout","time":829.90662912,"data":"[main] INFO edu.stanford.nlp.pipeline.StanfordCoreNLP - Adding annotator ner\n"}
,{"stream_name":"stdout","time":829.906633638,"data":"Loading classifier from edu/stanford/nlp/models/ner/english.all.3class.distsim.crf.ser.gz ... done [1.6 sec].\n"}
,{"stream_name":"stdout","time":829.906638726,"data":"Loading classifier from edu/stanford/nlp/models/ner/english.muc.7class.distsim.crf.ser.gz ... done [2.6 sec].\n"}
,{"stream_name":"stdout","time":829.906643583,"data":"Loading classifier from edu/stanford/nlp/models/ner/english.conll.4class.distsim.crf.ser.gz ... done [0.7 sec].\n"}
,{"stream_name":"stdout","time":829.906648464,"data":"Threads( StanfordCoreNLP ) [5.785 seconds]\n"}
,{"stream_name":"stdout","time":829.906653155,"data":"SPICE evaluation took: 16.71 s\n"}
,{"stream_name":"stdout","time":829.906658933,"data":"  [R3] SPICE xong · 11.2 phút\n"}
,{"stream_name":"stdout","time":829.906663896,"data":"  [bert] R3: chấm mới 357 cặp · 11.8 phút\n"}
,{"stream_name":"stdout","time":829.906668767,"data":"R3         bleu4 53.47 · meteor 38.37 · rougeL 69.08 · cider_d 442.02 · spice 47.13 · chrf 63.44 · bertscore 67.73 · rong 1 · doi_cau_so_goc_pct 7.7 · trung_chuan_pct 24.6\n"}
,{"stream_name":"stdout","time":829.906674133,"data":"[chép] R3: chép nguyên văn một ví dụ ở 19.1% bước · trong số đó đúng câu chuẩn 44.4%\n"}
,{"stream_name":"stdout","time":829.906679323,"data":"[tự kiểm] ck500 — số đã công bố: {'bleu4': 0.0, 'meteor': -0.01, 'rougeL': np.float64(-0.02), 'cider_d': np.float64(-0.01), 'spice': np.float64(0.0), 'chrf': -0.01, 'bertscore': 0.0} → KHỚP\n"}
,{"stream_name":"stdout","time":829.906686604,"data":"\n"}
,{"stream_name":"stdout","time":829.906691405,"data":"| thước | ck500 | R3 |\n"}
,{"stream_name":"stdout","time":829.906696138,"data":"|---|---:|---:|\n"}
,{"stream_name":"stdout","time":829.906700661,"data":"| BLEU-4 | 52.36 | 53.47 (+1.11) |\n"}
,{"stream_name":"stdout","time":829.906705281,"data":"| METEOR | 37.91 | 38.37 (+0.46) |\n"}
,{"stream_name":"stdout","time":829.906709925,"data":"| ROUGE-L | 68.34 | 69.08 (+0.74) |\n"}
,{"stream_name":"stdout","time":829.90671459,"data":"| CIDEr-D | 430.04 | 442.02 (+11.98) |\n"}
,{"stream_name":"stdout","time":829.906719007,"data":"| SPICE | 45.79 | 47.13 (+1.34) |\n"}
,{"stream_name":"stdout","time":829.906723213,"data":"| chrF | 62.86 | 63.44 (+0.58) |\n"}
,{"stream_name":"stdout","time":829.906727918,"data":"| BERTScore | 67.07 | 67.73 (+0.66) |\n"}
,{"stream_name":"stdout","time":829.906732549,"data":"[kết luận] R3: cao hơn ck500 ở 7/7 thước (BLEU-4, METEOR, ROUGE-L, CIDEr-D, SPICE, chrF, BERTScore) · ĐẠT\n"}
,{"stream_name":"stdout","time":829.906737628,"data":"→ /kaggle/working/diem_test_R3.json\n"}
,{"stream_name":"stdout","time":829.906747762,"data":"\n"}
,{"stream_name":"stderr","time":833.058980657,"data":"/usr/local/lib/python3.13/dist-packages/mistune.py:435: SyntaxWarning: invalid escape sequence '\\|'\n"}
,{"stream_name":"stderr","time":833.059015541,"data":"  cells[i][c] = re.sub('\\\\\\\\\\|', '|', cell)\n"}
,{"stream_name":"stderr","time":833.249304137,"data":"/usr/local/lib/python3.13/dist-packages/nbconvert/filters/filter_links.py:36: SyntaxWarning: invalid escape sequence '\\_'\n"}
,{"stream_name":"stderr","time":833.249330973,"data":"  text = re.sub(r'_', '\\_', text) # Escape underscores in display text\n"}
,{"stream_name":"stderr","time":834.173473484,"data":"[NbConvertApp] Converting notebook __notebook__.ipynb to notebook\n"}
,{"stream_name":"stderr","time":834.271722483,"data":"[NbConvertApp] Writing 13105 bytes to __notebook__.ipynb\n"}
,{"stream_name":"stderr","time":837.547683125,"data":"[NbConvertApp] Converting notebook __notebook__.ipynb to html\n"}
,{"stream_name":"stderr","time":838.220062793,"data":"[NbConvertApp] Writing 296333 bytes to __results__.html\n"}
]