PTBTokenizer tokenized 41033 tokens at 226430.65 tokens per second.
PTBTokenizer tokenized 41471 tokens at 186590.76 tokens per second.
RAF: METEOR tổng 38.0874 (khớp compute_score)
PTBTokenizer tokenized 41674 tokens at 325799.37 tokens per second.
ck500: METEOR tổng 37.9205 (khớp compute_score)
  bootstrap 100/2000 · 120 s
  bootstrap 200/2000 · 230 s
  bootstrap 300/2000 · 333 s
  bootstrap 400/2000 · 433 s
  bootstrap 500/2000 · 535 s
  bootstrap 600/2000 · 638 s
  bootstrap 700/2000 · 741 s
  bootstrap 800/2000 · 843 s
  bootstrap 900/2000 · 948 s
  bootstrap 1000/2000 · 1050 s
  bootstrap 1100/2000 · 1152 s
  bootstrap 1200/2000 · 1253 s
  bootstrap 1300/2000 · 1354 s
  bootstrap 1400/2000 · 1455 s
  bootstrap 1500/2000 · 1556 s
  bootstrap 1600/2000 · 1661 s
  bootstrap 1700/2000 · 1784 s
  bootstrap 1800/2000 · 1894 s
  bootstrap 1900/2000 · 2000 s
  bootstrap 2000/2000 · 2109 s

RAF − ck500 METEOR tổng: +0.17 [-0.05; +0.39]  p(bootstrap, hai phía) ≈ 0.1330
→ runs/raf298/meteor_bootstrap_298.json
