⚠️  TỆP DỰ ĐOÁN THIẾU: chỉ có 227/4463 bước chạm.
    Chạy nốt infer_branch.py (nó tự nối tiếp) rồi hãy chấm — đừng chấm
    tệp dở, con số ra sẽ tính trên một phần tập kiểm mà không có gì báo.
Warning: You are sending unauthenticated requests to the HF Hub. Please set a HF_TOKEN to enable higher rate limits and faster downloads.
  [23:39:18] 20/227 =  8.8% · 0.25 bước/giây · còn ~14 phút
  [23:40:38] 40/227 = 17.6% · 0.25 bước/giây · còn ~13 phút
  [23:41:58] 60/227 = 26.4% · 0.25 bước/giây · còn ~11 phút
  [23:43:17] 80/227 = 35.2% · 0.25 bước/giây · còn ~10 phút
  [23:44:36] 100/227 = 44.1% · 0.25 bước/giây · còn ~8 phút
  [23:45:56] 120/227 = 52.9% · 0.25 bước/giây · còn ~7 phút
  [23:47:15] 140/227 = 61.7% · 0.25 bước/giây · còn ~6 phút
  [23:48:34] 160/227 = 70.5% · 0.25 bước/giây · còn ~4 phút
  [23:49:53] 180/227 = 79.3% · 0.25 bước/giây · còn ~3 phút
  [23:51:13] 200/227 = 88.1% · 0.25 bước/giây · còn ~2 phút
  [23:52:32] 220/227 = 96.9% · 0.25 bước/giây · còn ~0 phút
Gộp từ tệp thô: 227 bản ghi
======================================================================
CHẤM — ghep_0.jsonl  ·  227 bước chạm
======================================================================
  ô-Voronoi tâm (headline):  70.0%   KTC95 [64.0%, 75.9%]
  đĩa dung sai (báo kèm) :  78.0%   KTC95 [72.5%, 83.1%]
  cụm: 200 (hiệu dụng 179.5)

Đã lưu /kaggle/working/exec_out/score_ghep_0.json
         /kaggle/working/exec_out/score_ghep_0_raw.jsonl  (227 bước — đổi luật chấm hay thêm lát cắt thì chấm lại từ tệp này, KHÔNG gọi lại bộ trỏ)
