⚠️  TỆP DỰ ĐOÁN THIẾU: chỉ có 226/4463 bước chạm.
    Chạy nốt infer_branch.py (nó tự nối tiếp) rồi hãy chấm — đừng chấm
    tệp dở, con số ra sẽ tính trên một phần tập kiểm mà không có gì báo.
Warning: You are sending unauthenticated requests to the HF Hub. Please set a HF_TOKEN to enable higher rate limits and faster downloads.
  [23:39:24] 20/226 =  8.8% · 0.23 bước/giây · còn ~15 phút
  [23:40:49] 40/226 = 17.7% · 0.23 bước/giây · còn ~13 phút
  [23:42:15] 60/226 = 26.5% · 0.23 bước/giây · còn ~12 phút
  [23:43:41] 80/226 = 35.4% · 0.23 bước/giây · còn ~10 phút
  [23:45:06] 100/226 = 44.2% · 0.23 bước/giây · còn ~9 phút
  [23:46:32] 120/226 = 53.1% · 0.23 bước/giây · còn ~8 phút
  [23:47:58] 140/226 = 61.9% · 0.23 bước/giây · còn ~6 phút
  [23:49:23] 160/226 = 70.8% · 0.23 bước/giây · còn ~5 phút
  [23:50:49] 180/226 = 79.6% · 0.23 bước/giây · còn ~3 phút
  [23:52:15] 200/226 = 88.5% · 0.23 bước/giây · còn ~2 phút
  [23:53:41] 220/226 = 97.3% · 0.23 bước/giây · còn ~0 phút
Gộp từ tệp thô: 226 bản ghi
======================================================================
CHẤM — ghep_1.jsonl  ·  226 bước chạm
======================================================================
  ô-Voronoi tâm (headline):  60.2%   KTC95 [53.4%, 66.7%]
  đĩa dung sai (báo kèm) :  69.5%   KTC95 [62.9%, 75.7%]
  cụm: 207 (hiệu dụng 186.4)

Đã lưu /kaggle/working/exec_out/score_ghep_1.json
         /kaggle/working/exec_out/score_ghep_1_raw.jsonl  (226 bước — đổi luật chấm hay thêm lát cắt thì chấm lại từ tệp này, KHÔNG gọi lại bộ trỏ)
