⚠️  TỆP DỰ ĐOÁN THIẾU: chỉ có 888/4463 bước chạm.
    Chạy nốt infer_branch.py (nó tự nối tiếp) rồi hãy chấm — đừng chấm
    tệp dở, con số ra sẽ tính trên một phần tập kiểm mà không có gì báo.
  [23:56:22] 20/888 =  2.3% · 0.23 bước/giây · còn ~63 phút
  [23:57:47] 40/888 =  4.5% · 0.23 bước/giây · còn ~61 phút
  [23:59:13] 60/888 =  6.8% · 0.23 bước/giây · còn ~59 phút
  [00:00:38] 80/888 =  9.0% · 0.23 bước/giây · còn ~58 phút
  [00:02:04] 100/888 = 11.3% · 0.23 bước/giây · còn ~56 phút
  [00:03:30] 120/888 = 13.5% · 0.23 bước/giây · còn ~55 phút
  [00:04:55] 140/888 = 15.8% · 0.23 bước/giây · còn ~53 phút
  [00:06:21] 160/888 = 18.0% · 0.23 bước/giây · còn ~52 phút
  [00:07:47] 180/888 = 20.3% · 0.23 bước/giây · còn ~51 phút
  [00:09:12] 200/888 = 22.5% · 0.23 bước/giây · còn ~49 phút
  [00:10:38] 220/888 = 24.8% · 0.23 bước/giây · còn ~48 phút
  [00:12:04] 240/888 = 27.0% · 0.23 bước/giây · còn ~46 phút
  [00:13:29] 260/888 = 29.3% · 0.23 bước/giây · còn ~45 phút
  [00:14:55] 280/888 = 31.5% · 0.23 bước/giây · còn ~43 phút
  [00:16:21] 300/888 = 33.8% · 0.23 bước/giây · còn ~42 phút
  [00:17:47] 320/888 = 36.0% · 0.23 bước/giây · còn ~41 phút
  [00:19:12] 340/888 = 38.3% · 0.23 bước/giây · còn ~39 phút
  [00:20:38] 360/888 = 40.5% · 0.23 bước/giây · còn ~38 phút
  [00:22:04] 380/888 = 42.8% · 0.23 bước/giây · còn ~36 phút
  [00:23:29] 400/888 = 45.0% · 0.23 bước/giây · còn ~35 phút
  [00:24:55] 420/888 = 47.3% · 0.23 bước/giây · còn ~33 phút
  [00:26:21] 440/888 = 49.5% · 0.23 bước/giây · còn ~32 phút
  [00:27:47] 460/888 = 51.8% · 0.23 bước/giây · còn ~31 phút
  [00:29:13] 480/888 = 54.1% · 0.23 bước/giây · còn ~29 phút
  [00:30:39] 500/888 = 56.3% · 0.23 bước/giây · còn ~28 phút
  [00:32:05] 520/888 = 58.6% · 0.23 bước/giây · còn ~26 phút
  [00:33:31] 540/888 = 60.8% · 0.23 bước/giây · còn ~25 phút
  [00:34:57] 560/888 = 63.1% · 0.23 bước/giây · còn ~23 phút
  [00:36:22] 580/888 = 65.3% · 0.23 bước/giây · còn ~22 phút
  [00:37:48] 600/888 = 67.6% · 0.23 bước/giây · còn ~21 phút
  [00:39:14] 620/888 = 69.8% · 0.23 bước/giây · còn ~19 phút
  [00:40:40] 640/888 = 72.1% · 0.23 bước/giây · còn ~18 phút
  [00:42:06] 660/888 = 74.3% · 0.23 bước/giây · còn ~16 phút
  [00:43:32] 680/888 = 76.6% · 0.23 bước/giây · còn ~15 phút
  [00:44:58] 700/888 = 78.8% · 0.23 bước/giây · còn ~13 phút
  [00:46:23] 720/888 = 81.1% · 0.23 bước/giây · còn ~12 phút
  [00:47:49] 740/888 = 83.3% · 0.23 bước/giây · còn ~11 phút
  [00:49:15] 760/888 = 85.6% · 0.23 bước/giây · còn ~9 phút
  [00:50:41] 780/888 = 87.8% · 0.23 bước/giây · còn ~8 phút
  [00:52:07] 800/888 = 90.1% · 0.23 bước/giây · còn ~6 phút
  [00:53:32] 820/888 = 92.3% · 0.23 bước/giây · còn ~5 phút
  [00:54:57] 840/888 = 94.6% · 0.23 bước/giây · còn ~3 phút
  [00:56:23] 860/888 = 96.8% · 0.23 bước/giây · còn ~2 phút
  [00:57:48] 880/888 = 99.1% · 0.23 bước/giây · còn ~1 phút
Gộp từ tệp thô: 888 bản ghi
======================================================================
CHẤM — ra_1.jsonl  ·  888 bước chạm
======================================================================
  ô-Voronoi tâm (headline):  54.8%   KTC95 [51.5%, 58.1%]
  đĩa dung sai (báo kèm) :  65.5%   KTC95 [62.4%, 68.6%]
  cụm: 612 (hiệu dụng 359.4)

Đã lưu /kaggle/working/exec_out/score_ra_1.json
         /kaggle/working/exec_out/score_ra_1_raw.jsonl  (888 bước — đổi luật chấm hay thêm lát cắt thì chấm lại từ tệp này, KHÔNG gọi lại bộ trỏ)
