⚠️  TỆP DỰ ĐOÁN THIẾU: chỉ có 888/4463 bước chạm.
    Chạy nốt infer_branch.py (nó tự nối tiếp) rồi hãy chấm — đừng chấm
    tệp dở, con số ra sẽ tính trên một phần tập kiểm mà không có gì báo.
Warning: You are sending unauthenticated requests to the HF Hub. Please set a HF_TOKEN to enable higher rate limits and faster downloads.
  [23:55:14] 20/888 =  2.3% · 0.26 bước/giây · còn ~57 phút
  [23:56:37] 40/888 =  4.5% · 0.25 bước/giây · còn ~57 phút
  [23:57:57] 60/888 =  6.8% · 0.25 bước/giây · còn ~56 phút
  [23:59:17] 80/888 =  9.0% · 0.25 bước/giây · còn ~54 phút
  [00:00:37] 100/888 = 11.3% · 0.25 bước/giây · còn ~53 phút
  [00:01:56] 120/888 = 13.5% · 0.25 bước/giây · còn ~51 phút
  [00:03:16] 140/888 = 15.8% · 0.25 bước/giây · còn ~50 phút
  [00:04:36] 160/888 = 18.0% · 0.25 bước/giây · còn ~49 phút
  [00:05:56] 180/888 = 20.3% · 0.25 bước/giây · còn ~47 phút
  [00:07:15] 200/888 = 22.5% · 0.25 bước/giây · còn ~46 phút
  [00:08:35] 220/888 = 24.8% · 0.25 bước/giây · còn ~45 phút
  [00:09:55] 240/888 = 27.0% · 0.25 bước/giây · còn ~43 phút
  [00:11:15] 260/888 = 29.3% · 0.25 bước/giây · còn ~42 phút
  [00:12:35] 280/888 = 31.5% · 0.25 bước/giây · còn ~41 phút
  [00:13:54] 300/888 = 33.8% · 0.25 bước/giây · còn ~39 phút
  [00:15:14] 320/888 = 36.0% · 0.25 bước/giây · còn ~38 phút
  [00:16:34] 340/888 = 38.3% · 0.25 bước/giây · còn ~37 phút
  [00:17:54] 360/888 = 40.5% · 0.25 bước/giây · còn ~35 phút
  [00:19:14] 380/888 = 42.8% · 0.25 bước/giây · còn ~34 phút
  [00:20:34] 400/888 = 45.0% · 0.25 bước/giây · còn ~33 phút
  [00:21:54] 420/888 = 47.3% · 0.25 bước/giây · còn ~31 phút
  [00:23:14] 440/888 = 49.5% · 0.25 bước/giây · còn ~30 phút
  [00:24:34] 460/888 = 51.8% · 0.25 bước/giây · còn ~29 phút
  [00:25:54] 480/888 = 54.1% · 0.25 bước/giây · còn ~27 phút
  [00:27:14] 500/888 = 56.3% · 0.25 bước/giây · còn ~26 phút
  [00:28:34] 520/888 = 58.6% · 0.25 bước/giây · còn ~25 phút
  [00:29:54] 540/888 = 60.8% · 0.25 bước/giây · còn ~23 phút
  [00:31:13] 560/888 = 63.1% · 0.25 bước/giây · còn ~22 phút
  [00:32:33] 580/888 = 65.3% · 0.25 bước/giây · còn ~21 phút
  [00:33:52] 600/888 = 67.6% · 0.25 bước/giây · còn ~19 phút
  [00:35:12] 620/888 = 69.8% · 0.25 bước/giây · còn ~18 phút
  [00:36:31] 640/888 = 72.1% · 0.25 bước/giây · còn ~17 phút
  [00:37:51] 660/888 = 74.3% · 0.25 bước/giây · còn ~15 phút
  [00:39:10] 680/888 = 76.6% · 0.25 bước/giây · còn ~14 phút
  [00:40:30] 700/888 = 78.8% · 0.25 bước/giây · còn ~13 phút
  [00:41:50] 720/888 = 81.1% · 0.25 bước/giây · còn ~11 phút
  [00:43:09] 740/888 = 83.3% · 0.25 bước/giây · còn ~10 phút
  [00:44:28] 760/888 = 85.6% · 0.25 bước/giây · còn ~9 phút
  [00:45:48] 780/888 = 87.8% · 0.25 bước/giây · còn ~7 phút
  [00:47:08] 800/888 = 90.1% · 0.25 bước/giây · còn ~6 phút
  [00:48:27] 820/888 = 92.3% · 0.25 bước/giây · còn ~5 phút
  [00:49:46] 840/888 = 94.6% · 0.25 bước/giây · còn ~3 phút
  [00:51:06] 860/888 = 96.8% · 0.25 bước/giây · còn ~2 phút
  [00:52:26] 880/888 = 99.1% · 0.25 bước/giây · còn ~1 phút
Gộp từ tệp thô: 888 bản ghi
======================================================================
CHẤM — ra_0.jsonl  ·  888 bước chạm
======================================================================
  ô-Voronoi tâm (headline):  54.2%   KTC95 [50.7%, 57.7%]
  đĩa dung sai (báo kèm) :  64.9%   KTC95 [61.5%, 68.2%]
  cụm: 611 (hiệu dụng 379.8)

Đã lưu /kaggle/working/exec_out/score_ra_0.json
         /kaggle/working/exec_out/score_ra_0_raw.jsonl  (888 bước — đổi luật chấm hay thêm lát cắt thì chấm lại từ tệp này, KHÔNG gọi lại bộ trỏ)
