[đích] 440 câu nhắc · {'scroll': 242, 'type': 114, 'navigate_back': 84}
Failed to load /usr/local/lib/python3.13/dist-packages/torchao/_C_cutlass_90a.abi3.so: Could not load this library: /usr/local/lib/python3.13/dist-packages/torchao/_C_cutlass_90a.abi3.so
Failed to load /usr/local/lib/python3.13/dist-packages/torchao/_C_mxfp8.cpython-310-x86_64-linux-gnu.so: Could not load this library: /usr/local/lib/python3.13/dist-packages/torchao/_C_mxfp8.cpython-310-x86_64-linux-gnu.so
[nạp] /kaggle/working/s1_merged · dtype torch.float16 · 4-bit False · Tesla T4
/usr/local/lib/python3.13/dist-packages/transformers/models/qwen2_vl/image_processing_qwen2_vl.py:129: FutureWarning: Passing `min_pixels` and `max_pixels` to a processor call is deprecated and will be removed in v5.23. Pass in `size={'longest_edge': xxx, 'shortest_edge': xxx} to override the target size.`
  warnings.warn(
  20/440 · 3.5 phút · 'Swipe up and learn more about Romanticism art'
  40/440 · 6.9 phút · 'Swipe up to view the Water sports'
  60/440 · 10.2 phút · 'click on the send icon at the top right corner of '
  80/440 · 13.5 phút · 'Go back to previous screen'
  100/440 · 16.8 phút · 'Go back to the screen'
  120/440 · 20.1 phút · 'search for Innsbruck'
  140/440 · 23.5 phút · 'Swipe up to find the color theory art'
  160/440 · 26.8 phút · 'Swipe up'
  180/440 · 30.1 phút · 'Go back to the previous screen'
  200/440 · 33.5 phút · 'Scroll from right to left on the image of sneakers'
  220/440 · 36.8 phút · 'Type Hawaii.'
  240/440 · 40.2 phút · 'Swipe up to see the timing late in the day.'
  260/440 · 43.5 phút · 'Enter Dublin in the text box.'
  280/440 · 46.8 phút · 'Swipe up to view the X7 model of the BMW car.'
  300/440 · 50.0 phút · 'Swipe up'
  320/440 · 53.4 phút · 'Go back to the previous page'
  340/440 · 56.7 phút · 'go back to the previous page'
  360/440 · 60.1 phút · 'Scroll down on the screen.'
  380/440 · 63.4 phút · 'Search the location as Thiruvanmiyur chennai'
  400/440 · 66.6 phút · 'Scroll down to view more options.'
  420/440 · 70.0 phút · 'terminate the current session'
  440/440 · 73.3 phút · 'go back to the previous page'
[đích] scroll: 242 câu nhắc · đúng loại 0.856 [0.820; 0.887] · đích cũ (val C1) 0.837
[đích] type: 114 câu nhắc · đúng loại 0.814 [0.763; 0.860] · đích cũ (val C1) 0.813
[đích] navigate_back: 84 câu nhắc · đúng loại 0.707 [0.644; 0.768] · đích cũ (val C1) 0.733
✅ ghi /kaggle/working/ctg_s1_dich.json
