[dữ liệu] /kaggle/working/c1data/c1_recs.jsonl
Skipping import of cpp extensions due to incompatible torch version. Please upgrade to torch >= 2.11.0 (found 2.10.0+cu128).
[uground] nạp osunlp/UGround-V1-2B
Warning: You are sending unauthenticated requests to the HF Hub. Please set a HF_TOKEN to enable higher rate limits and faster downloads.
  [11:15:37] 20/249 =  8.0% · 0.24 bước/giây · còn ~16 phút
  [11:17:02] 40/249 = 16.1% · 0.24 bước/giây · còn ~15 phút
  [11:18:27] 60/249 = 24.1% · 0.24 bước/giây · còn ~13 phút
  [11:19:52] 80/249 = 32.1% · 0.23 bước/giây · còn ~12 phút
  [11:21:18] 100/249 = 40.2% · 0.23 bước/giây · còn ~11 phút
  [11:22:43] 120/249 = 48.2% · 0.23 bước/giây · còn ~9 phút
  [11:24:08] 140/249 = 56.2% · 0.23 bước/giây · còn ~8 phút
  [11:25:34] 160/249 = 64.3% · 0.23 bước/giây · còn ~6 phút
  [11:26:59] 180/249 = 72.3% · 0.23 bước/giây · còn ~5 phút
  [11:28:24] 200/249 = 80.3% · 0.23 bước/giây · còn ~3 phút
  [11:29:50] 220/249 = 88.4% · 0.23 bước/giây · còn ~2 phút
  [11:31:15] 240/249 = 96.4% · 0.23 bước/giây · còn ~1 phút
Gộp từ tệp thô: 249 bản ghi
======================================================================
CHẤM — pred_ck250.jsonl  ·  249 bước chạm
======================================================================
  ô-Voronoi tâm (headline):  64.7%   KTC95 [58.0%, 71.0%]
  đĩa dung sai (báo kèm) :  72.3%   KTC95 [66.1%, 78.0%]
  cụm: 164 (hiệu dụng 126.3)

Đã lưu /kaggle/working/score_ck250.json
         /kaggle/working/score_ck250_raw.jsonl  (249 bước — đổi luật chấm hay thêm lát cắt thì chấm lại từ tệp này, KHÔNG gọi lại bộ trỏ)
