[dữ liệu] /kaggle/working/c1data/c1_recs.jsonl
Skipping import of cpp extensions due to incompatible torch version. Please upgrade to torch >= 2.11.0 (found 2.10.0+cu128).
[uground] nạp osunlp/UGround-V1-2B
Warning: You are sending unauthenticated requests to the HF Hub. Please set a HF_TOKEN to enable higher rate limits and faster downloads.
  [05:22:14] 20/249 =  8.0% · 0.25 bước/giây · còn ~15 phút
  [05:23:37] 40/249 = 16.1% · 0.25 bước/giây · còn ~14 phút
  [05:25:03] 60/249 = 24.1% · 0.24 bước/giây · còn ~13 phút
  [05:26:29] 80/249 = 32.1% · 0.24 bước/giây · còn ~12 phút
  [05:27:55] 100/249 = 40.2% · 0.24 bước/giây · còn ~10 phút
  [05:29:21] 120/249 = 48.2% · 0.24 bước/giây · còn ~9 phút
  [05:30:47] 140/249 = 56.2% · 0.24 bước/giây · còn ~8 phút
  [05:32:13] 160/249 = 64.3% · 0.24 bước/giây · còn ~6 phút
  [05:33:39] 180/249 = 72.3% · 0.24 bước/giây · còn ~5 phút
  [05:35:06] 200/249 = 80.3% · 0.23 bước/giây · còn ~3 phút
  [05:36:32] 220/249 = 88.4% · 0.23 bước/giây · còn ~2 phút
  [05:37:59] 240/249 = 96.4% · 0.23 bước/giây · còn ~1 phút
Gộp từ tệp thô: 249 bản ghi
======================================================================
CHẤM — pred_ck500.jsonl  ·  249 bước chạm
======================================================================
  ô-Voronoi tâm (headline):  66.3%   KTC95 [60.2%, 72.2%]
  đĩa dung sai (báo kèm) :  73.5%   KTC95 [67.5%, 79.0%]
  cụm: 164 (hiệu dụng 126.3)

Đã lưu /kaggle/working/score_ck500.json
         /kaggle/working/score_ck500_raw.jsonl  (249 bước — đổi luật chấm hay thêm lát cắt thì chấm lại từ tệp này, KHÔNG gọi lại bộ trỏ)
