Skipping import of cpp extensions due to incompatible torch version. Please upgrade to torch >= 2.11.0 (found 2.10.0+cu128).
Warning: You are sending unauthenticated requests to the HF Hub. Please set a HF_TOKEN to enable higher rate limits and faster downloads.
[nạp] /kaggle/working/s1_merged · dtype torch.float16 · 4-bit False · Tesla T4
[điểm lưu] /kaggle/input/datasets/trangphngngc/grpo-spice-ck500
/usr/local/lib/python3.12/dist-packages/transformers/models/qwen2_vl/image_processing_qwen2_vl.py:129: FutureWarning: Passing `min_pixels` and `max_pixels` to a processor call is deprecated and will be removed in v5.23. Pass in `size={'longest_edge': xxx, 'shortest_edge': xxx} to override the target size.`
  warnings.warn(
  20/400 · 0.8 phút · 'Click on the send icon.'
  40/400 · 1.7 phút · 'select C language'
  60/400 · 2.6 phút · 'Swipe up for direction'
  80/400 · 3.6 phút · 'Open the Maps app.'
  100/400 · 4.6 phút · 'Click on Manage Notifications'
  120/400 · 5.5 phút · 'Search on the Spanner key'
  140/400 · 6.6 phút · 'Open the LeafSnap app.'
  160/400 · 7.6 phút · 'Click on the Notification Bar option.'
  180/400 · 8.7 phút · 'Open the pdfFiller app'
  200/400 · 9.7 phút · 'Click on the Lighting option at the top right of the screen'
  220/400 · 10.7 phút · 'Click on the menu icon at the top left corner of the screen'
  240/400 · 11.7 phút · 'Type Screwdriver kit in the search bar to search for the scr'
  260/400 · 12.7 phút · 'Click on the search bar at the top of the screen'
  280/400 · 13.7 phút · 'Click on the Plus icon of the font size on the screen.'
  300/400 · 14.7 phút · 'Click on the Museum Gouda.'
  320/400 · 15.7 phút · 'Go back to the previous page'
  340/400 · 16.7 phút · 'Click on the Snooze option'
  360/400 · 17.7 phút · 'Click on the filter results button'
  380/400 · 18.7 phút · 'enter pincode 123678'
  400/400 · 19.7 phút · 'Click on the right arrow key at the bottom right corner of t'
[so với S1] 277/400 câu trùng greedy S1 của c1_mau
