Skipping import of cpp extensions due to incompatible torch version. Please upgrade to torch >= 2.11.0 (found 2.10.0+cu128).
Warning: You are sending unauthenticated requests to the HF Hub. Please set a HF_TOKEN to enable higher rate limits and faster downloads.
[nạp] /kaggle/working/s1_merged · dtype torch.float16 · 4-bit False · Tesla T4
[điểm lưu] /kaggle/input/datasets/trangphngngc/grpo-spice-ck250
  20/400 · 0.9 phút · 'Click on the right arrow icon.'
  40/400 · 1.8 phút · 'select C language'
  60/400 · 2.7 phút · 'Swipe up for direction'
  80/400 · 3.7 phút · 'Open the Maps app.'
  100/400 · 4.7 phút · 'Click on Manage Notifications'
  120/400 · 5.7 phút · 'Search on the Spanner key'
  140/400 · 6.7 phút · 'Open the LeafSnap app'
  160/400 · 7.7 phút · 'Click on the Notification bar option.'
  180/400 · 8.7 phút · 'Open the pdfFiller app'
  200/400 · 9.7 phút · 'Click on the Lighting option at the top right of the screen'
  220/400 · 10.6 phút · 'Click on the menu icon at the top left corner of the screen'
  240/400 · 11.6 phút · 'Type Screwdriver kit in the search bar to search for the scr'
  260/400 · 12.6 phút · 'Click on the search bar at the top of the screen'
  280/400 · 13.5 phút · 'Click on the screen.'
  300/400 · 14.5 phút · 'Click on the Museum Gouda.'
  320/400 · 15.5 phút · 'Go back to the previous page'
  340/400 · 16.5 phút · 'Click on the Snooze option'
  360/400 · 17.4 phút · 'Click on the filter results button'
  380/400 · 18.4 phút · 'enter pincode 123678'
  400/400 · 19.4 phút · 'Click on the right arrow key'
[so với S1] 328/400 câu trùng greedy S1 của c1_mau
