[dữ liệu] /kaggle/working/valdata/val_lon_recs.jsonl
Nối tiếp: đã chấm 246 bước, còn 756
[uground] nạp osunlp/UGround-V1-2B
Warning: You are sending unauthenticated requests to the HF Hub. Please set a HF_TOKEN to enable higher rate limits and faster downloads.
  [16:52:13] 290/1002 = 28.9% · 0.26 bước/giây · còn ~46 phút
  [16:53:21] 307/1002 = 30.6% · 0.26 bước/giây · còn ~45 phút
  [16:54:13] 320/1002 = 31.9% · 0.25 bước/giây · còn ~45 phút
  [16:55:05] 333/1002 = 33.2% · 0.25 bước/giây · còn ~44 phút
  [16:58:58] 391/1002 = 39.0% · 0.25 bước/giây · còn ~40 phút
  [17:00:06] 408/1002 = 40.7% · 0.25 bước/giây · còn ~39 phút
  [17:01:09] 424/1002 = 42.3% · 0.25 bước/giây · còn ~38 phút
  [17:02:10] 439/1002 = 43.8% · 0.25 bước/giây · còn ~37 phút
  [17:03:17] 456/1002 = 45.5% · 0.25 bước/giây · còn ~36 phút
  [17:04:13] 470/1002 = 46.9% · 0.25 bước/giây · còn ~35 phút
  [17:06:21] 502/1002 = 50.1% · 0.25 bước/giây · còn ~33 phút
  [17:07:32] 520/1002 = 51.9% · 0.25 bước/giây · còn ~32 phút
  [17:08:28] 534/1002 = 53.3% · 0.25 bước/giây · còn ~31 phút
  [17:09:28] 549/1002 = 54.8% · 0.25 bước/giây · còn ~30 phút
  [17:10:40] 567/1002 = 56.6% · 0.25 bước/giây · còn ~29 phút
  [17:12:39] 597/1002 = 59.6% · 0.25 bước/giây · còn ~27 phút
  [17:14:35] 626/1002 = 62.5% · 0.25 bước/giây · còn ~25 phút
  [17:16:39] 657/1002 = 65.6% · 0.25 bước/giây · còn ~23 phút
  [17:17:34] 671/1002 = 67.0% · 0.25 bước/giây · còn ~22 phút
  [17:19:26] 699/1002 = 69.8% · 0.25 bước/giây · còn ~20 phút
  [17:21:13] 726/1002 = 72.5% · 0.25 bước/giây · còn ~18 phút
  [17:22:29] 745/1002 = 74.4% · 0.25 bước/giây · còn ~17 phút
  [17:23:09] 755/1002 = 75.3% · 0.25 bước/giây · còn ~16 phút
  [17:24:16] 772/1002 = 77.0% · 0.25 bước/giây · còn ~15 phút
  [17:25:24] 789/1002 = 78.7% · 0.25 bước/giây · còn ~14 phút
  [17:26:20] 803/1002 = 80.1% · 0.25 bước/giây · còn ~13 phút
  [17:27:24] 819/1002 = 81.7% · 0.25 bước/giây · còn ~12 phút
  [17:28:36] 837/1002 = 83.5% · 0.25 bước/giây · còn ~11 phút
  [17:30:19] 863/1002 = 86.1% · 0.25 bước/giây · còn ~9 phút
  [17:31:14] 877/1002 = 87.5% · 0.25 bước/giây · còn ~8 phút
  [17:32:57] 903/1002 = 90.1% · 0.25 bước/giây · còn ~7 phút
  [17:34:12] 922/1002 = 92.0% · 0.25 bước/giây · còn ~5 phút
  [17:36:10] 952/1002 = 95.0% · 0.25 bước/giây · còn ~3 phút
  [17:37:10] 967/1002 = 96.5% · 0.25 bước/giây · còn ~2 phút
  [17:38:17] 984/1002 = 98.2% · 0.25 bước/giây · còn ~1 phút
  [17:39:21] 1000/1002 = 99.8% · 0.25 bước/giây · còn ~0 phút
Gộp từ tệp thô: 1002 bản ghi
======================================================================
CHẤM — pred_ck500_vallon.jsonl  ·  1002 bước chạm
======================================================================
  ô-Voronoi tâm (headline):  63.4%   KTC95 [59.4%, 67.1%]
  đĩa dung sai (báo kèm) :  72.0%   KTC95 [67.8%, 75.7%]
  cụm: 330 (hiệu dụng 202.7)

Đã lưu /kaggle/working/score_ck500_vallon.json
         /kaggle/working/score_ck500_vallon_raw.jsonl  (1002 bước — đổi luật chấm hay thêm lát cắt thì chấm lại từ tệp này, KHÔNG gọi lại bộ trỏ)
