[dữ liệu] /kaggle/working/valdata/val_lon_recs.jsonl
Nối tiếp: đã chấm 248 bước, còn 754
[uground] nạp osunlp/UGround-V1-2B
  [16:40:26] 292/1002 = 29.1% · 0.25 bước/giây · còn ~47 phút
  [16:41:34] 309/1002 = 30.8% · 0.25 bước/giây · còn ~46 phút
  [16:42:27] 322/1002 = 32.1% · 0.25 bước/giây · còn ~45 phút
  [16:43:19] 335/1002 = 33.4% · 0.25 bước/giây · còn ~44 phút
  [16:47:15] 393/1002 = 39.2% · 0.25 bước/giây · còn ~41 phút
  [16:48:24] 410/1002 = 40.9% · 0.25 bước/giây · còn ~40 phút
  [16:49:30] 426/1002 = 42.5% · 0.25 bước/giây · còn ~39 phút
  [16:50:31] 441/1002 = 44.0% · 0.25 bước/giây · còn ~38 phút
  [16:51:41] 458/1002 = 45.7% · 0.25 bước/giây · còn ~37 phút
  [16:52:39] 472/1002 = 47.1% · 0.25 bước/giây · còn ~36 phút
  [16:54:46] 503/1002 = 50.2% · 0.25 bước/giây · còn ~34 phút
  [16:56:01] 521/1002 = 52.0% · 0.25 bước/giây · còn ~33 phút
  [16:56:58] 535/1002 = 53.4% · 0.25 bước/giây · còn ~32 phút
  [16:57:58] 550/1002 = 54.9% · 0.25 bước/giây · còn ~31 phút
  [16:59:11] 568/1002 = 56.7% · 0.25 bước/giây · còn ~29 phút
  [17:01:11] 598/1002 = 59.7% · 0.25 bước/giây · còn ~27 phút
  [17:03:07] 627/1002 = 62.6% · 0.25 bước/giây · còn ~25 phút
  [17:05:12] 658/1002 = 65.7% · 0.25 bước/giây · còn ~23 phút
  [17:06:12] 673/1002 = 67.2% · 0.25 bước/giây · còn ~22 phút
  [17:08:04] 701/1002 = 70.0% · 0.25 bước/giây · còn ~20 phút
  [17:09:47] 727/1002 = 72.6% · 0.25 bước/giây · còn ~19 phút
  [17:11:03] 746/1002 = 74.5% · 0.25 bước/giây · còn ~17 phút
  [17:11:43] 756/1002 = 75.4% · 0.25 bước/giây · còn ~17 phút
  [17:12:52] 773/1002 = 77.1% · 0.25 bước/giây · còn ~15 phút
  [17:14:00] 790/1002 = 78.8% · 0.25 bước/giây · còn ~14 phút
  [17:14:56] 804/1002 = 80.2% · 0.25 bước/giây · còn ~13 phút
  [17:15:56] 819/1002 = 81.7% · 0.25 bước/giây · còn ~12 phút
  [17:17:07] 837/1002 = 83.5% · 0.25 bước/giây · còn ~11 phút
  [17:18:51] 863/1002 = 86.1% · 0.25 bước/giây · còn ~9 phút
  [17:19:48] 877/1002 = 87.5% · 0.25 bước/giây · còn ~8 phút
  [17:21:31] 903/1002 = 90.1% · 0.25 bước/giây · còn ~7 phút
  [17:22:47] 922/1002 = 92.0% · 0.25 bước/giây · còn ~5 phút
  [17:24:47] 952/1002 = 95.0% · 0.25 bước/giây · còn ~3 phút
  [17:25:47] 967/1002 = 96.5% · 0.25 bước/giây · còn ~2 phút
  [17:26:56] 984/1002 = 98.2% · 0.25 bước/giây · còn ~1 phút
  [17:28:00] 1000/1002 = 99.8% · 0.25 bước/giây · còn ~0 phút
Gộp từ tệp thô: 1002 bản ghi
======================================================================
CHẤM — pred_S1_vallon.jsonl  ·  1002 bước chạm
======================================================================
  ô-Voronoi tâm (headline):  62.2%   KTC95 [58.3%, 65.9%]
  đĩa dung sai (báo kèm) :  70.8%   KTC95 [66.7%, 74.4%]
  cụm: 330 (hiệu dụng 202.7)

Đã lưu /kaggle/working/score_S1_vallon.json
         /kaggle/working/score_S1_vallon_raw.jsonl  (1002 bước — đổi luật chấm hay thêm lát cắt thì chấm lại từ tệp này, KHÔNG gọi lại bộ trỏ)
