[dữ liệu] val lớn · 1002 bước click · thiếu OCR 0 · thiếu ảnh 0 · câu nhắc lệch p1_val_rows 0
Warning: You are sending unauthenticated requests to the HF Hub. Please set a HF_TOKEN to enable higher rate limits and faster downloads.
[nạp] /kaggle/working/s1_merged · dtype torch.float16 · 4-bit False · Tesla T4
[điểm lưu] KHÔNG gắn — đây là S1 hoà
[nối tiếp] đã có 0/1002
/usr/local/lib/python3.13/dist-packages/transformers/models/qwen2_vl/image_processing_qwen2_vl.py:129: FutureWarning: Passing `min_pixels` and `max_pixels` to a processor call is deprecated and will be removed in v5.23. Pass in `size={'longest_edge': xxx, 'shortest_edge': xxx} to override the target size.`
  warnings.warn(
  50/1002 · 1.8 phút · 2.19 s/câu · 'Click on Recording 4 in the middle left of the screen.'
  100/1002 · 3.7 phút · 2.21 s/câu · 'Click on the Riu Plaza Berlin Hotel to view the details of t'
  150/1002 · 5.6 phút · 2.22 s/câu · 'Click on the Space name input box.'
  200/1002 · 7.4 phút · 2.21 s/câu · 'Click on the tick icon'
  250/1002 · 9.2 phút · 2.21 s/câu · 'Swipe left the section of just below the cocktail name'
  300/1002 · 11.1 phút · 2.22 s/câu · 'Click on the General Settings'
  350/1002 · 13.0 phút · 2.23 s/câu · 'Click on the right arrow icon.'
  400/1002 · 14.9 phút · 2.23 s/câu · 'Click on the upload photo button.'
  450/1002 · 16.6 phút · 2.22 s/câu · 'Click on the menu icon at the top left corner of the screen'
  500/1002 · 18.5 phút · 2.21 s/câu · 'Click on the + icon of the adults section twice.'
  550/1002 · 20.3 phút · 2.21 s/câu · 'Click on the Add button at the bottom right corner of the sc'
  600/1002 · 22.1 phút · 2.21 s/câu · 'Click on the search bar at the top of the screen'
  650/1002 · 24.0 phút · 2.21 s/câu · 'Click on the Select size tab'
  700/1002 · 25.8 phút · 2.21 s/câu · 'click on the map'
  750/1002 · 27.6 phút · 2.21 s/câu · 'Click on the right arrow key'
  800/1002 · 29.4 phút · 2.21 s/câu · 'Click on the search bar at the top of the screen to search f'
  850/1002 · 31.3 phút · 2.21 s/câu · 'Select the leaf option'
  900/1002 · 33.1 phút · 2.21 s/câu · 'click on the Restore option'
  950/1002 · 35.0 phút · 2.21 s/câu · 'Click on set goal at the bottom of the screen.'
  1000/1002 · 36.9 phút · 2.22 s/câu · 'Click on the three dots on the right side of the screen.'
[xong] 1002 câu · rỗng 0
[so pred_ck500_c1.jsonl] 147/249 câu trùng
