[{"stream_name":"stderr","time":11.965208218,"data":"0.00s - Debugger warning: It seems that frozen modules are being used, which may\n"}
,{"stream_name":"stderr","time":11.965268815,"data":"0.00s - make the debugger miss breakpoints. Please pass -Xfrozen_modules=off\n"}
,{"stream_name":"stderr","time":11.965274141,"data":"0.00s - to python to disable frozen modules.\n"}
,{"stream_name":"stderr","time":11.965277134,"data":"0.00s - Note: Debugging will proceed. Set PYDEVD_DISABLE_FILE_VALIDATION=1 to disable this validation.\n"}
,{"stream_name":"stderr","time":12.836690565,"data":"0.00s - Debugger warning: It seems that frozen modules are being used, which may\n"}
,{"stream_name":"stderr","time":12.836722353,"data":"0.00s - make the debugger miss breakpoints. Please pass -Xfrozen_modules=off\n"}
,{"stream_name":"stderr","time":12.836728143,"data":"0.00s - to python to disable frozen modules.\n"}
,{"stream_name":"stderr","time":12.83673232,"data":"0.00s - Note: Debugging will proceed. Set PYDEVD_DISABLE_FILE_VALIDATION=1 to disable this validation.\n"}
,{"stream_name":"stdout","time":45.054326362,"data":"   ━━━━━━━━━━━━━━━━━━━━━━━━━━━━━━━━━━━━━━━━ 43.1/43.1 MB 47.2 MB/s eta 0:00:00\n"}
,{"stream_name":"stdout","time":45.054379006,"data":"   ━━━━━━━━━━━━━━━━━━━━━━━━━━━━━━━━━━━━━━━━ 104.3/104.3 MB 18.9 MB/s eta 0:00:00\n"}
,{"stream_name":"stdout","time":45.054385352,"data":"   ━━━━━━━━━━━━━━━━━━━━━━━━━━━━━━━━━━━━━━━━ 846.4/846.4 kB 19.4 MB/s eta 0:00:00\n"}
,{"stream_name":"stdout","time":45.054390407,"data":"\n"}
,{"stream_name":"stdout","time":46.933694084,"data":"\n"}
,{"stream_name":"stdout","time":109.445115677,"data":"0.29.1 5.18.0 0.21.1 2.11.0+cu128\n"}
,{"stream_name":"stdout","time":109.445149761,"data":"\n"}
,{"stream_name":"stdout","time":109.485102474,"data":"GPU: 2 × T4\n"}
,{"stream_name":"stdout","time":197.859407089,"data":"[dựng] /kaggle/working/valdata: 1567 bước · 1002 click · thiếu ảnh click 0\n"}
,{"stream_name":"stdout","time":197.859458082,"data":"\n"}
,{"stream_name":"stdout","time":287.797195741,"data":"[hoà] xong → /kaggle/working/s1_merged · dtype torch.float16\n"}
,{"stream_name":"stdout","time":287.797328463,"data":"Warning: You are sending unauthenticated requests to the HF Hub. Please set a HF_TOKEN to enable higher rate limits and faster downloads.\n"}
,{"stream_name":"stdout","time":287.797357356,"data":"\n"}
,{"stream_name":"stderr","time":288.507629741,"data":"Warning: You are sending unauthenticated requests to the HF Hub. Please set a HF_TOKEN to enable higher rate limits and faster downloads.\n"}
,{"stream_name":"stderr","time":288.507682606,"data":"\n"}
,{"stream_name":"stderr","time":288.507692029,"data":"Warning: You are sending unauthenticated requests to the HF Hub. Please set a HF_TOKEN to enable higher rate limits and faster downloads.\n"}
,{"stream_name":"stdout","time":338.792709262,"data":"UGround: /root/.cache/huggingface/hub/models--osunlp--UGround-V1-2B/snapshots/ea7109f9573e5d8ee5170e425bd1fd73f2020e06\n"}
,{"stream_name":"stdout","time":360.178229126,"data":"val lớn: 1002 click · cây trợ năng 1002 · rỗng nút 0\n"}
,{"stream_name":"stdout","time":369.120132458,"data":"SRC /kaggle/input/datasets/uyenle0712/cham288-script \n"}
,{"stream_name":"stdout","time":369.120173133,"data":"BUNDLE /kaggle/input/datasets/uyenle0712/fgrb-p1-bundle/fgrb_p1_bundle \n"}
,{"stream_name":"stdout","time":369.120179998,"data":"VAL /kaggle/input/datasets/uyenle0712/thesis-val-cham/thesis_val_cham \n"}
,{"stream_name":"stdout","time":369.120205111,"data":"ck500 /kaggle/input/datasets/uyenle0712/grpo-spice-ck500\n"}
,{"stream_name":"stdout","time":399.142813346,"data":"   0.01 h · GPU0 · kiem_cham20.log · Warning: You are sending unauthenticated requests to the HF Hub. Please set a HF_TOKEN to enable hig\n"}
,{"stream_name":"stdout","time":429.14139881,"data":"   0.02 h · GPU0 · kiem_cham20.log · Warning: You are sending unauthenticated requests to the HF Hub. Please set a HF_TOKEN to enable hig\n"}
,{"stream_name":"stdout","time":459.145100568,"data":"   0.03 h · GPU0 · kiem_cham20.log · Warning: You are sending unauthenticated requests to the HF Hub. Please set a HF_TOKEN to enable hig\n"}
,{"stream_name":"stdout","time":489.144620564,"data":"   0.03 h · GPU0 · kiem_cham20.log · /kaggle/working/kiem/score_kiem20_raw.jsonl  (20 bước — đổi luật chấm hay thêm lát cắt thì chấm lại \n"}
,{"stream_name":"stdout","time":489.147595725,"data":"--- kiem_cham20.log · mã thoát 0 ---\n"}
,{"stream_name":"stdout","time":489.147613796,"data":"  ô-Voronoi tâm (headline):  85.0%   KTC95 [68.4%, 100.0%]\n"}
,{"stream_name":"stdout","time":489.147620183,"data":"  đĩa dung sai (báo kèm) :  85.0%   KTC95 [68.4%, 100.0%]\n"}
,{"stream_name":"stdout","time":489.147626043,"data":"  cụm: 19 (hiệu dụng 18.2)\n"}
,{"stream_name":"stdout","time":489.147631736,"data":"\n"}
,{"stream_name":"stdout","time":489.147637445,"data":"Đã lưu /kaggle/working/kiem/score_kiem20.json\n"}
,{"stream_name":"stdout","time":489.147642756,"data":"         /kaggle/working/kiem/score_kiem20_raw.jsonl  (20 bước — đổi luật chấm hay thêm lát cắt thì chấm lại từ tệp này, KHÔNG gọi lại bộ trỏ)\n"}
,{"stream_name":"stdout","time":489.147648418,"data":"\n"}
,{"stream_name":"stdout","time":489.175915045,"data":"[kiểm chấm] 20/20 câu ck500 trùng tệp thô C1\n"}
,{"stream_name":"stdout","time":489.349254987,"data":"S1 None (S1 hoà, không gắn điểm lưu)\n"}
,{"stream_name":"stdout","time":489.350214418,"data":"ck500 /kaggle/input/datasets/uyenle0712/grpo-spice-ck500 491fa6677340393f1e4464c08a0cec98\n"}
,{"stream_name":"stdout","time":494.928991803,"data":"tệp thô để gieo: ['/kaggle/input/datasets/uyenle0712/cham288-script/score_s1_c1_raw.jsonl', '/kaggle/input/datasets/uyenle0712/cham288-script/score_ck500_c1_raw.jsonl']\n"}
,{"stream_name":"stdout","time":614.962082999,"data":"   0.03 h · GPU1 · gen_ck500_vallon.log · warnings.warn(\n"}
,{"stream_name":"stdout","time":614.962154375,"data":"   0.03 h · GPU0 · gen_S1_vallon.log · warnings.warn(\n"}
,{"stream_name":"stdout","time":734.966025652,"data":"   0.07 h · GPU0 · gen_S1_vallon.log · 50/1002 · 1.8 phút · 2.19 s/câu · 'Click on Recording 4 in the middle left of the screen.'\n"}
,{"stream_name":"stdout","time":734.967430147,"data":"   0.07 h · GPU1 · gen_ck500_vallon.log · 50/1002 · 2.2 phút · 2.63 s/câu · 'Click on Recording 4.'\n"}
,{"stream_name":"stdout","time":854.967151445,"data":"   0.10 h · GPU0 · gen_S1_vallon.log · 100/1002 · 3.7 phút · 2.21 s/câu · 'Click on the Riu Plaza Berlin Hotel to view the details of t'\n"}
,{"stream_name":"stdout","time":854.967204836,"data":"   0.10 h · GPU1 · gen_ck500_vallon.log · 100/1002 · 4.5 phút · 2.73 s/câu · 'Click on the Riu Plaza Berlin Hotel to view the details of t'\n"}
,{"stream_name":"stdout","time":974.966385857,"data":"   0.13 h · GPU0 · gen_S1_vallon.log · 150/1002 · 5.6 phút · 2.22 s/câu · 'Click on the Space name input box.'\n"}
,{"stream_name":"stdout","time":974.967427217,"data":"   0.13 h · GPU1 · gen_ck500_vallon.log · 150/1002 · 6.8 phút · 2.73 s/câu · 'Click on the Space name tab.'\n"}
,{"stream_name":"stdout","time":1094.968569997,"data":"   0.17 h · GPU0 · gen_S1_vallon.log · 250/1002 · 9.2 phút · 2.21 s/câu · 'Swipe left the section of just below the cocktail name'\n"}
,{"stream_name":"stdout","time":1094.96935593,"data":"   0.17 h · GPU1 · gen_ck500_vallon.log · 200/1002 · 9.1 phút · 2.74 s/câu · 'Click on the tick icon'\n"}
,{"stream_name":"stdout","time":1214.969820233,"data":"   0.20 h · GPU0 · gen_S1_vallon.log · 300/1002 · 11.1 phút · 2.22 s/câu · 'Click on the General Settings'\n"}
,{"stream_name":"stdout","time":1214.971283671,"data":"   0.20 h · GPU1 · gen_ck500_vallon.log · 200/1002 · 9.1 phút · 2.74 s/câu · 'Click on the tick icon'\n"}
,{"stream_name":"stdout","time":1334.971253921,"data":"   0.23 h · GPU0 · gen_S1_vallon.log · 350/1002 · 13.0 phút · 2.23 s/câu · 'Click on the right arrow icon.'\n"}
,{"stream_name":"stdout","time":1334.972509964,"data":"   0.23 h · GPU1 · gen_ck500_vallon.log · 250/1002 · 11.6 phút · 2.78 s/câu · 'Click on the Reviews option'\n"}
,{"stream_name":"stdout","time":1454.973868753,"data":"   0.27 h · GPU0 · gen_S1_vallon.log · 400/1002 · 14.9 phút · 2.23 s/câu · 'Click on the upload photo button.'\n"}
,{"stream_name":"stdout","time":1454.975294509,"data":"   0.27 h · GPU1 · gen_ck500_vallon.log · 300/1002 · 14.1 phút · 2.82 s/câu · 'Click on the General Settings'\n"}
,{"stream_name":"stdout","time":1574.976845623,"data":"   0.30 h · GPU0 · gen_S1_vallon.log · 450/1002 · 16.6 phút · 2.22 s/câu · 'Click on the menu icon at the top left corner of the screen'\n"}
,{"stream_name":"stdout","time":1574.976886088,"data":"   0.30 h · GPU1 · gen_ck500_vallon.log · 350/1002 · 16.6 phút · 2.85 s/câu · 'Click on the send icon.'\n"}
,{"stream_name":"stdout","time":1694.977905598,"data":"   0.33 h · GPU0 · gen_S1_vallon.log · 500/1002 · 18.5 phút · 2.21 s/câu · 'Click on the + icon of the adults section twice.'\n"}
,{"stream_name":"stdout","time":1694.979215054,"data":"   0.33 h · GPU1 · gen_ck500_vallon.log · 400/1002 · 19.0 phút · 2.85 s/câu · 'Click on the Upload photo button.'\n"}
,{"stream_name":"stdout","time":1814.982475551,"data":"   0.37 h · GPU0 · gen_S1_vallon.log · 550/1002 · 20.3 phút · 2.21 s/câu · 'Click on the Add button at the bottom right corner of the sc'\n"}
,{"stream_name":"stdout","time":1814.984308655,"data":"   0.37 h · GPU1 · gen_ck500_vallon.log · 400/1002 · 19.0 phút · 2.85 s/câu · 'Click on the Upload photo button.'\n"}
,{"stream_name":"stdout","time":1934.980976356,"data":"   0.40 h · GPU0 · gen_S1_vallon.log · 600/1002 · 22.1 phút · 2.21 s/câu · 'Click on the search bar at the top of the screen'\n"}
,{"stream_name":"stdout","time":1934.982245168,"data":"   0.40 h · GPU1 · gen_ck500_vallon.log · 450/1002 · 21.3 phút · 2.84 s/câu · 'Click on the menu icon at the top left corner of the screen'\n"}
,{"stream_name":"stdout","time":2054.985435745,"data":"   0.43 h · GPU0 · gen_S1_vallon.log · 650/1002 · 24.0 phút · 2.21 s/câu · 'Click on the Select size tab'\n"}
,{"stream_name":"stdout","time":2054.986929916,"data":"   0.43 h · GPU1 · gen_ck500_vallon.log · 500/1002 · 23.7 phút · 2.84 s/câu · 'Click on the + icon of the adults section twice.'\n"}
,{"stream_name":"stdout","time":2174.987540682,"data":"   0.47 h · GPU0 · gen_S1_vallon.log · 700/1002 · 25.8 phút · 2.21 s/câu · 'click on the map'\n"}
,{"stream_name":"stdout","time":2174.988725056,"data":"   0.47 h · GPU1 · gen_ck500_vallon.log · 550/1002 · 26.0 phút · 2.84 s/câu · 'Click on the Add(2) button at the bottom right corner of the'\n"}
,{"stream_name":"stdout","time":2294.984482923,"data":"   0.50 h · GPU0 · gen_S1_vallon.log · 750/1002 · 27.6 phút · 2.21 s/câu · 'Click on the right arrow key'\n"}
,{"stream_name":"stdout","time":2294.985590555,"data":"   0.50 h · GPU1 · gen_ck500_vallon.log · 600/1002 · 28.4 phút · 2.84 s/câu · 'Click on the search bar at the top of the screen'\n"}
,{"stream_name":"stdout","time":2414.987738444,"data":"   0.53 h · GPU0 · gen_S1_vallon.log · 800/1002 · 29.4 phút · 2.21 s/câu · 'Click on the search bar at the top of the screen to search f'\n"}
,{"stream_name":"stdout","time":2414.989168035,"data":"   0.53 h · GPU1 · gen_ck500_vallon.log · 650/1002 · 30.8 phút · 2.85 s/câu · 'Click on the Select size tab of the screen'\n"}
,{"stream_name":"stdout","time":2534.992091277,"data":"   0.57 h · GPU0 · gen_S1_vallon.log · 900/1002 · 33.1 phút · 2.21 s/câu · 'click on the Restore option'\n"}
,{"stream_name":"stdout","time":2534.993685867,"data":"   0.57 h · GPU1 · gen_ck500_vallon.log · 700/1002 · 33.2 phút · 2.84 s/câu · 'click on the map'\n"}
,{"stream_name":"stdout","time":2654.991534885,"data":"   0.60 h · GPU0 · gen_S1_vallon.log · 950/1002 · 35.0 phút · 2.21 s/câu · 'Click on set goal at the bottom of the screen.'\n"}
,{"stream_name":"stdout","time":2654.991585903,"data":"   0.60 h · GPU1 · gen_ck500_vallon.log · 700/1002 · 33.2 phút · 2.84 s/câu · 'click on the map'\n"}
,{"stream_name":"stdout","time":2774.993121689,"data":"   0.63 h · GPU1 · gen_ck500_vallon.log · 750/1002 · 35.5 phút · 2.84 s/câu · 'Click on the right arrow key at the bottom right corner of t'\n"}
,{"stream_name":"stdout","time":2774.994437549,"data":"   0.63 h · GPU0 · gen_S1_vallon.log · [so pred_ck500_c1.jsonl] 147/249 câu trùng\n"}
,{"stream_name":"stdout","time":2774.995548486,"data":"--- gen_S1_vallon.log · mã thoát 0 ---\n"}
,{"stream_name":"stdout","time":2774.995569724,"data":"  850/1002 · 31.3 phút · 2.21 s/câu · 'Select the leaf option'\n"}
,{"stream_name":"stdout","time":2774.995577128,"data":"  900/1002 · 33.1 phút · 2.21 s/câu · 'click on the Restore option'\n"}
,{"stream_name":"stdout","time":2774.995582625,"data":"  950/1002 · 35.0 phút · 2.21 s/câu · 'Click on set goal at the bottom of the screen.'\n"}
,{"stream_name":"stdout","time":2774.995594216,"data":"  1000/1002 · 36.9 phút · 2.22 s/câu · 'Click on the three dots on the right side of the screen.'\n"}
,{"stream_name":"stdout","time":2774.995598015,"data":"[xong] 1002 câu · rỗng 0\n"}
,{"stream_name":"stdout","time":2774.99560147,"data":"[so pred_ck500_c1.jsonl] 147/249 câu trùng\n"}
,{"stream_name":"stdout","time":2774.995620458,"data":"\n"}
,{"stream_name":"stdout","time":2775.306567658,"data":"[gieo] 248/1002 bước chép từ tệp thô cũ · còn phải chấm 754 câu → /kaggle/working/score_S1_vallon_raw.jsonl\n"}
,{"stream_name":"stdout","time":2775.306618182,"data":"\n"}
,{"stream_name":"stdout","time":2894.995097629,"data":"   0.67 h · GPU1 · gen_ck500_vallon.log · 800/1002 · 37.8 phút · 2.84 s/câu · 'Click on the search bar at the top of the screen to search f'\n"}
,{"stream_name":"stdout","time":2895.309526039,"data":"   0.03 h · GPU0 · cham_S1_vallon.log · [uground] nạp osunlp/UGround-V1-2B\n"}
,{"stream_name":"stdout","time":3014.997623066,"data":"   0.70 h · GPU1 · gen_ck500_vallon.log · 850/1002 · 40.3 phút · 2.84 s/câu · 'Select the leaf option'\n"}
,{"stream_name":"stdout","time":3015.311659134,"data":"   0.07 h · GPU0 · cham_S1_vallon.log · [16:40:26] 292/1002 = 29.1% · 0.25 bước/giây · còn ~47 phút\n"}
,{"stream_name":"stdout","time":3134.998509372,"data":"   0.73 h · GPU1 · gen_ck500_vallon.log · 900/1002 · 42.6 phút · 2.84 s/câu · 'click on the Restore option'\n"}
,{"stream_name":"stdout","time":3135.312292283,"data":"   0.10 h · GPU0 · cham_S1_vallon.log · [16:42:27] 322/1002 = 32.1% · 0.25 bước/giây · còn ~45 phút\n"}
,{"stream_name":"stdout","time":3255.002842507,"data":"   0.77 h · GPU1 · gen_ck500_vallon.log · 950/1002 · 45.1 phút · 2.85 s/câu · 'Click on set goal at the bottom of the screen.'\n"}
,{"stream_name":"stdout","time":3255.313578715,"data":"   0.13 h · GPU0 · cham_S1_vallon.log · [16:43:19] 335/1002 = 33.4% · 0.25 bước/giây · còn ~44 phút\n"}
,{"stream_name":"stdout","time":3375.001763716,"data":"   0.80 h · GPU1 · gen_ck500_vallon.log · 950/1002 · 45.1 phút · 2.85 s/câu · 'Click on set goal at the bottom of the screen.'\n"}
,{"stream_name":"stdout","time":3375.315120033,"data":"   0.17 h · GPU0 · cham_S1_vallon.log · [16:43:19] 335/1002 = 33.4% · 0.25 bước/giây · còn ~44 phút\n"}
,{"stream_name":"stdout","time":3495.003492582,"data":"   0.83 h · GPU1 · gen_ck500_vallon.log · [so pred_ck500_c1.jsonl] 245/249 câu trùng\n"}
,{"stream_name":"stdout","time":3495.00509404,"data":"--- gen_ck500_vallon.log · mã thoát 0 ---\n"}
,{"stream_name":"stdout","time":3495.005135532,"data":"  850/1002 · 40.3 phút · 2.84 s/câu · 'Select the leaf option'\n"}
,{"stream_name":"stdout","time":3495.005142331,"data":"  900/1002 · 42.6 phút · 2.84 s/câu · 'click on the Restore option'\n"}
,{"stream_name":"stdout","time":3495.005148054,"data":"  950/1002 · 45.1 phút · 2.85 s/câu · 'Click on set goal at the bottom of the screen.'\n"}
,{"stream_name":"stdout","time":3495.005153084,"data":"  1000/1002 · 47.6 phút · 2.86 s/câu · 'Go back.'\n"}
,{"stream_name":"stdout","time":3495.005158044,"data":"[xong] 1002 câu · rỗng 0\n"}
,{"stream_name":"stdout","time":3495.005162563,"data":"[so pred_ck500_c1.jsonl] 245/249 câu trùng\n"}
,{"stream_name":"stdout","time":3495.005167409,"data":"\n"}
,{"stream_name":"stdout","time":3495.140437342,"data":"[gieo] 246/1002 bước chép từ tệp thô cũ · còn phải chấm 756 câu → /kaggle/working/score_ck500_vallon_raw.jsonl\n"}
,{"stream_name":"stdout","time":3495.140468334,"data":"\n"}
,{"stream_name":"stdout","time":3495.317101485,"data":"   0.20 h · GPU0 · cham_S1_vallon.log · [16:48:24] 410/1002 = 40.9% · 0.25 bước/giây · còn ~40 phút\n"}
,{"stream_name":"stdout","time":3615.150221229,"data":"   0.03 h · GPU1 · cham_ck500_vallon.log · Warning: You are sending unauthenticated requests to the HF Hub. Please set a HF_TOKEN to enable hig\n"}
,{"stream_name":"stdout","time":3615.317854386,"data":"   0.23 h · GPU0 · cham_S1_vallon.log · [16:50:31] 441/1002 = 44.0% · 0.25 bước/giây · còn ~38 phút\n"}
,{"stream_name":"stdout","time":3735.151143707,"data":"   0.07 h · GPU1 · cham_ck500_vallon.log · [16:52:13] 290/1002 = 28.9% · 0.26 bước/giây · còn ~46 phút\n"}
,{"stream_name":"stdout","time":3735.323454614,"data":"   0.27 h · GPU0 · cham_S1_vallon.log · [16:52:39] 472/1002 = 47.1% · 0.25 bước/giây · còn ~36 phút\n"}
,{"stream_name":"stdout","time":3855.152316649,"data":"   0.10 h · GPU1 · cham_ck500_vallon.log · [16:55:05] 333/1002 = 33.2% · 0.25 bước/giây · còn ~44 phút\n"}
,{"stream_name":"stdout","time":3855.324694391,"data":"   0.30 h · GPU0 · cham_S1_vallon.log · [16:54:46] 503/1002 = 50.2% · 0.25 bước/giây · còn ~34 phút\n"}
,{"stream_name":"stdout","time":3975.157746237,"data":"   0.13 h · GPU1 · cham_ck500_vallon.log · [16:55:05] 333/1002 = 33.2% · 0.25 bước/giây · còn ~44 phút\n"}
,{"stream_name":"stdout","time":3975.326622942,"data":"   0.33 h · GPU0 · cham_S1_vallon.log · [16:56:58] 535/1002 = 53.4% · 0.25 bước/giây · còn ~32 phút\n"}
,{"stream_name":"stdout","time":4095.155286009,"data":"   0.17 h · GPU1 · cham_ck500_vallon.log · [16:58:58] 391/1002 = 39.0% · 0.25 bước/giây · còn ~40 phút\n"}
,{"stream_name":"stdout","time":4095.327309738,"data":"   0.37 h · GPU0 · cham_S1_vallon.log · [16:57:58] 550/1002 = 54.9% · 0.25 bước/giây · còn ~31 phút\n"}
,{"stream_name":"stdout","time":4215.156015938,"data":"   0.20 h · GPU1 · cham_ck500_vallon.log · [17:00:06] 408/1002 = 40.7% · 0.25 bước/giây · còn ~39 phút\n"}
,{"stream_name":"stdout","time":4215.328885682,"data":"   0.40 h · GPU0 · cham_S1_vallon.log · [16:59:11] 568/1002 = 56.7% · 0.25 bước/giây · còn ~29 phút\n"}
,{"stream_name":"stdout","time":4335.157895941,"data":"   0.23 h · GPU1 · cham_ck500_vallon.log · [17:02:10] 439/1002 = 43.8% · 0.25 bước/giây · còn ~37 phút\n"}
,{"stream_name":"stdout","time":4335.330277122,"data":"   0.43 h · GPU0 · cham_S1_vallon.log · [17:03:07] 627/1002 = 62.6% · 0.25 bước/giây · còn ~25 phút\n"}
,{"stream_name":"stdout","time":4455.163818366,"data":"   0.27 h · GPU1 · cham_ck500_vallon.log · [17:04:13] 470/1002 = 46.9% · 0.25 bước/giây · còn ~35 phút\n"}
,{"stream_name":"stdout","time":4455.331298098,"data":"   0.47 h · GPU0 · cham_S1_vallon.log · [17:03:07] 627/1002 = 62.6% · 0.25 bước/giây · còn ~25 phút\n"}
,{"stream_name":"stdout","time":4575.161708229,"data":"   0.30 h · GPU1 · cham_ck500_vallon.log · [17:06:21] 502/1002 = 50.1% · 0.25 bước/giây · còn ~33 phút\n"}
,{"stream_name":"stdout","time":4575.332598184,"data":"   0.50 h · GPU0 · cham_S1_vallon.log · [17:06:12] 673/1002 = 67.2% · 0.25 bước/giây · còn ~22 phút\n"}
,{"stream_name":"stdout","time":4695.162405308,"data":"   0.33 h · GPU1 · cham_ck500_vallon.log · [17:08:28] 534/1002 = 53.3% · 0.25 bước/giây · còn ~31 phút\n"}
,{"stream_name":"stdout","time":4695.333860246,"data":"   0.53 h · GPU0 · cham_S1_vallon.log · [17:08:04] 701/1002 = 70.0% · 0.25 bước/giây · còn ~20 phút\n"}
,{"stream_name":"stdout","time":4815.163258065,"data":"   0.37 h · GPU1 · cham_ck500_vallon.log · [17:10:40] 567/1002 = 56.6% · 0.25 bước/giây · còn ~29 phút\n"}
,{"stream_name":"stdout","time":4815.335219176,"data":"   0.57 h · GPU0 · cham_S1_vallon.log · [17:11:03] 746/1002 = 74.5% · 0.25 bước/giây · còn ~17 phút\n"}
,{"stream_name":"stdout","time":4935.164635055,"data":"   0.40 h · GPU1 · cham_ck500_vallon.log · [17:12:39] 597/1002 = 59.6% · 0.25 bước/giây · còn ~27 phút\n"}
,{"stream_name":"stdout","time":4935.336365945,"data":"   0.60 h · GPU0 · cham_S1_vallon.log · [17:12:52] 773/1002 = 77.1% · 0.25 bước/giây · còn ~15 phút\n"}
,{"stream_name":"stdout","time":5055.166058559,"data":"   0.43 h · GPU1 · cham_ck500_vallon.log · [17:14:35] 626/1002 = 62.5% · 0.25 bước/giây · còn ~25 phút\n"}
,{"stream_name":"stdout","time":5055.337605727,"data":"   0.63 h · GPU0 · cham_S1_vallon.log · [17:14:56] 804/1002 = 80.2% · 0.25 bước/giây · còn ~13 phút\n"}
,{"stream_name":"stdout","time":5175.167416567,"data":"   0.47 h · GPU1 · cham_ck500_vallon.log · [17:16:39] 657/1002 = 65.6% · 0.25 bước/giây · còn ~23 phút\n"}
,{"stream_name":"stdout","time":5175.338977004,"data":"   0.67 h · GPU0 · cham_S1_vallon.log · [17:17:07] 837/1002 = 83.5% · 0.25 bước/giây · còn ~11 phút\n"}
,{"stream_name":"stdout","time":5295.168181922,"data":"   0.50 h · GPU1 · cham_ck500_vallon.log · [17:17:34] 671/1002 = 67.0% · 0.25 bước/giây · còn ~22 phút\n"}
,{"stream_name":"stdout","time":5295.340414312,"data":"   0.70 h · GPU0 · cham_S1_vallon.log · [17:18:51] 863/1002 = 86.1% · 0.25 bước/giây · còn ~9 phút\n"}
,{"stream_name":"stdout","time":5415.170830563,"data":"   0.53 h · GPU1 · cham_ck500_vallon.log · [17:19:26] 699/1002 = 69.8% · 0.25 bước/giây · còn ~20 phút\n"}
,{"stream_name":"stdout","time":5415.341910416,"data":"   0.73 h · GPU0 · cham_S1_vallon.log · [17:19:48] 877/1002 = 87.5% · 0.25 bước/giây · còn ~8 phút\n"}
,{"stream_name":"stdout","time":5535.172378286,"data":"   0.57 h · GPU1 · cham_ck500_vallon.log · [17:23:09] 755/1002 = 75.3% · 0.25 bước/giây · còn ~16 phút\n"}
,{"stream_name":"stdout","time":5535.343030932,"data":"   0.77 h · GPU0 · cham_S1_vallon.log · [17:22:47] 922/1002 = 92.0% · 0.25 bước/giây · còn ~5 phút\n"}
,{"stream_name":"stdout","time":5655.173904408,"data":"   0.60 h · GPU1 · cham_ck500_vallon.log · [17:24:16] 772/1002 = 77.0% · 0.25 bước/giây · còn ~15 phút\n"}
,{"stream_name":"stdout","time":5655.344211346,"data":"   0.80 h · GPU0 · cham_S1_vallon.log · [17:24:47] 952/1002 = 95.0% · 0.25 bước/giây · còn ~3 phút\n"}
,{"stream_name":"stdout","time":5775.174982329,"data":"   0.63 h · GPU1 · cham_ck500_vallon.log · [17:26:20] 803/1002 = 80.1% · 0.25 bước/giây · còn ~13 phút\n"}
,{"stream_name":"stdout","time":5775.345390549,"data":"   0.83 h · GPU0 · cham_S1_vallon.log · [17:26:56] 984/1002 = 98.2% · 0.25 bước/giây · còn ~1 phút\n"}
,{"stream_name":"stdout","time":5895.176216608,"data":"   0.67 h · GPU1 · cham_ck500_vallon.log · [17:28:36] 837/1002 = 83.5% · 0.25 bước/giây · còn ~11 phút\n"}
,{"stream_name":"stdout","time":5895.346791077,"data":"   0.87 h · GPU0 · cham_S1_vallon.log · /kaggle/working/score_S1_vallon_raw.jsonl  (1002 bước — đổi luật chấm hay thêm lát cắt thì chấm lại \n"}
,{"stream_name":"stdout","time":5895.347780878,"data":"--- cham_S1_vallon.log · mã thoát 0 ---\n"}
,{"stream_name":"stdout","time":5895.347799752,"data":"  ô-Voronoi tâm (headline):  62.2%   KTC95 [58.3%, 65.9%]\n"}
,{"stream_name":"stdout","time":5895.347805687,"data":"  đĩa dung sai (báo kèm) :  70.8%   KTC95 [66.7%, 74.4%]\n"}
,{"stream_name":"stdout","time":5895.347810743,"data":"  cụm: 330 (hiệu dụng 202.7)\n"}
,{"stream_name":"stdout","time":5895.347815798,"data":"\n"}
,{"stream_name":"stdout","time":5895.347820645,"data":"Đã lưu /kaggle/working/score_S1_vallon.json\n"}
,{"stream_name":"stdout","time":5895.34782563,"data":"         /kaggle/working/score_S1_vallon_raw.jsonl  (1002 bước — đổi luật chấm hay thêm lát cắt thì chấm lại từ tệp này, KHÔNG gọi lại bộ trỏ)\n"}
,{"stream_name":"stdout","time":5895.347831749,"data":"\n"}
,{"stream_name":"stdout","time":5895.357834237,"data":"== S1: 1002 dòng thô · 1002 bước · exec 623/1002 · 1.63 h\n"}
,{"stream_name":"stdout","time":6015.174558815,"data":"   0.70 h · GPU1 · cham_ck500_vallon.log · [17:30:19] 863/1002 = 86.1% · 0.25 bước/giây · còn ~9 phút\n"}
,{"stream_name":"stdout","time":6135.176145501,"data":"   0.73 h · GPU1 · cham_ck500_vallon.log · [17:32:57] 903/1002 = 90.1% · 0.25 bước/giây · còn ~7 phút\n"}
,{"stream_name":"stdout","time":6255.178044811,"data":"   0.77 h · GPU1 · cham_ck500_vallon.log · [17:34:12] 922/1002 = 92.0% · 0.25 bước/giây · còn ~5 phút\n"}
,{"stream_name":"stdout","time":6375.179037865,"data":"   0.80 h · GPU1 · cham_ck500_vallon.log · [17:36:10] 952/1002 = 95.0% · 0.25 bước/giây · còn ~3 phút\n"}
,{"stream_name":"stdout","time":6495.179589863,"data":"   0.83 h · GPU1 · cham_ck500_vallon.log · [17:38:17] 984/1002 = 98.2% · 0.25 bước/giây · còn ~1 phút\n"}
,{"stream_name":"stdout","time":6615.185709963,"data":"   0.87 h · GPU1 · cham_ck500_vallon.log · /kaggle/working/score_ck500_vallon_raw.jsonl  (1002 bước — đổi luật chấm hay thêm lát cắt thì chấm l\n"}
,{"stream_name":"stdout","time":6615.186891507,"data":"--- cham_ck500_vallon.log · mã thoát 0 ---\n"}
,{"stream_name":"stdout","time":6615.186928027,"data":"  ô-Voronoi tâm (headline):  63.4%   KTC95 [59.4%, 67.1%]\n"}
,{"stream_name":"stdout","time":6615.186934517,"data":"  đĩa dung sai (báo kèm) :  72.0%   KTC95 [67.8%, 75.7%]\n"}
,{"stream_name":"stdout","time":6615.186949534,"data":"  cụm: 330 (hiệu dụng 202.7)\n"}
,{"stream_name":"stdout","time":6615.18695358,"data":"\n"}
,{"stream_name":"stdout","time":6615.186957649,"data":"Đã lưu /kaggle/working/score_ck500_vallon.json\n"}
,{"stream_name":"stdout","time":6615.186961292,"data":"         /kaggle/working/score_ck500_vallon_raw.jsonl  (1002 bước — đổi luật chấm hay thêm lát cắt thì chấm lại từ tệp này, KHÔNG gọi lại bộ trỏ)\n"}
,{"stream_name":"stdout","time":6615.186965427,"data":"\n"}
,{"stream_name":"stdout","time":6615.190741601,"data":"== ck500: 1002 dòng thô · 1002 bước · exec 635/1002 · 1.83 h\n"}
,{"stream_name":"stdout","time":6615.193712846,"data":"LỖI: không\n"}
,{"stream_name":"stdout","time":6615.35652658,"data":"cham_S1_vallon.log\n"}
,{"stream_name":"stdout","time":6615.356560144,"data":"cham_ck500_vallon.log\n"}
,{"stream_name":"stdout","time":6615.356566522,"data":"gen_S1_vallon.log\n"}
,{"stream_name":"stdout","time":6615.356571277,"data":"gen_ck500_vallon.log\n"}
,{"stream_name":"stdout","time":6615.356574895,"data":"kiem/score_kiem20.json\n"}
,{"stream_name":"stdout","time":6615.356578846,"data":"kiem/score_kiem20_raw.jsonl\n"}
,{"stream_name":"stdout","time":6615.356582621,"data":"kiem_cham20.log\n"}
,{"stream_name":"stdout","time":6615.356586293,"data":"pred_S1_vallon.jsonl\n"}
,{"stream_name":"stdout","time":6615.356590106,"data":"pred_ck500_vallon.jsonl\n"}
,{"stream_name":"stdout","time":6615.35659368,"data":"score_S1_vallon.json\n"}
,{"stream_name":"stdout","time":6615.356597505,"data":"score_S1_vallon_raw.jsonl\n"}
,{"stream_name":"stdout","time":6615.356601235,"data":"score_ck500_vallon.json\n"}
,{"stream_name":"stdout","time":6615.356604892,"data":"score_ck500_vallon_raw.jsonl\n"}
,{"stream_name":"stdout","time":6615.3566087,"data":"zip: 115650 byte · 1.83 h\n"}
,{"stream_name":"stderr","time":6619.791456235,"data":"/usr/local/lib/python3.13/dist-packages/mistune.py:435: SyntaxWarning: invalid escape sequence '\\|'\n"}
,{"stream_name":"stderr","time":6619.791518162,"data":"  cells[i][c] = re.sub('\\\\\\\\\\|', '|', cell)\n"}
,{"stream_name":"stderr","time":6620.205662372,"data":"/usr/local/lib/python3.13/dist-packages/nbconvert/filters/filter_links.py:36: SyntaxWarning: invalid escape sequence '\\_'\n"}
,{"stream_name":"stderr","time":6620.205714438,"data":"  text = re.sub(r'_', '\\_', text) # Escape underscores in display text\n"}
,{"stream_name":"stderr","time":6621.269472186,"data":"[NbConvertApp] Converting notebook __notebook__.ipynb to notebook\n"}
,{"stream_name":"stderr","time":6621.386134052,"data":"[NbConvertApp] Writing 92431 bytes to __notebook__.ipynb\n"}
,{"stream_name":"stderr","time":6624.178875159,"data":"[NbConvertApp] Converting notebook __notebook__.ipynb to html\n"}
,{"stream_name":"stderr","time":6625.372980052,"data":"[NbConvertApp] Writing 404512 bytes to __results__.html\n"}
]